<?xml version="1.0" encoding="utf-8"?>
<TestRun id="b12859a5-ebc3-483e-9941-4b1b6918a942" name="uslep@YOBANOUT 2026-03-26 22:29:59" runUser="YOBANOUT\uslep" xmlns="http://microsoft.com/schemas/VisualStudio/TeamTest/2010">
  <Times creation="2026-03-26T22:29:59.9384263-04:00" queuing="2026-03-26T22:29:59.9384265-04:00" start="2026-03-26T22:29:50.4721153-04:00" finish="2026-03-26T22:30:00.7052498-04:00" />
  <TestSettings name="default" id="94230cd2-1aae-4238-b3d6-6d54eab31709">
    <Deployment runDeploymentRoot="uslep_YOBANOUT_2026-03-26_22_29_59" />
  </TestSettings>
  <Results>
    <UnitTestResult executionId="f7bfb3b6-3b31-46b0-b9ed-1416bc59a3e8" testId="52014d01-5ed4-c218-9ea1-1497ed7b4e90" testName="TasteBudz.Backend.UnitTests.Events.EventWorkflowTests.JoinOpenEventAsync_WhenRestricted_ReturnsForbidden" computerName="YOBANOUT" duration="00:00:00.0182729" startTime="2026-03-26T22:30:00.0815983-04:00" endTime="2026-03-26T22:30:00.0815984-04:00" testType="13cdc9d9-ddb5-4fa4-a97d-d965ccfc6d4b" outcome="Passed" testListId="8c84fa94-04c1-424b-9868-57a2d4851a1d" relativeResultsDirectory="f7bfb3b6-3b31-46b0-b9ed-1416bc59a3e8" />
    <UnitTestResult executionId="ef026c52-b76d-4ccf-b09e-1ecd834bbec0" testId="9289b48c-383d-bc3c-9de5-ccc205bfd6b0" testName="TasteBudz.Backend.UnitTests.Events.EventBrowseServiceTests.BrowseAsync_WhenClosedEventsAreRequested_ReturnsNoItemsBecauseBrowseIsOpenOnly" computerName="YOBANOUT" duration="00:00:00.0010120" startTime="2026-03-26T22:29:59.9299988-04:00" endTime="2026-03-26T22:29:59.9299989-04:00" testType="13cdc9d9-ddb5-4fa4-a97d-d965ccfc6d4b" outcome="Passed" testListId="8c84fa94-04c1-424b-9868-57a2d4851a1d" relativeResultsDirectory="ef026c52-b76d-4ccf-b09e-1ecd834bbec0" />
    <UnitTestResult executionId="72ed4f6d-857e-4a14-a3e3-3f7a3c291a4f" testId="983e6878-21e5-8be6-358b-27b7205a15bc" testName="TasteBudz.Backend.UnitTests.Events.EventBrowseServiceTests.BrowseAsync_DistanceFilterFallsBackToHostZipForCuisineTargetedEvents" computerName="YOBANOUT" duration="00:00:00.2962879" startTime="2026-03-26T22:29:59.9281046-04:00" endTime="2026-03-26T22:29:59.9281046-04:00" testType="13cdc9d9-ddb5-4fa4-a97d-d965ccfc6d4b" outcome="Passed" testListId="8c84fa94-04c1-424b-9868-57a2d4851a1d" relativeResultsDirectory="72ed4f6d-857e-4a14-a3e3-3f7a3c291a4f" />
    <UnitTestResult executionId="88233069-fbf6-424b-8808-90431f7c9178" testId="72709eb7-cbc0-b7fa-f314-9b0bb34aada5" testName="TasteBudz.Backend.UnitTests.Profiles.ProfileServiceTests.UpdateMyProfileAsync_UpdatesUsernameAndProfileFields" computerName="YOBANOUT" duration="00:00:00.2950621" startTime="2026-03-26T22:29:59.9272870-04:00" endTime="2026-03-26T22:29:59.9272870-04:00" testType="13cdc9d9-ddb5-4fa4-a97d-d965ccfc6d4b" outcome="Passed" testListId="8c84fa94-04c1-424b-9868-57a2d4851a1d" relativeResultsDirectory="88233069-fbf6-424b-8808-90431f7c9178" />
    <UnitTestResult executionId="98276917-5ff9-46ba-934f-0a08fd795bf3" testId="8528512d-1da4-33b1-e632-6e2159a7742c" testName="TasteBudz.Backend.UnitTests.Events.EventWorkflowTests.UpdateMyParticipationAsync_ClosedInviteAcceptFailsWhenEventIsAlreadyFull" computerName="YOBANOUT" duration="00:00:00.0360197" startTime="2026-03-26T22:30:00.0150721-04:00" endTime="2026-03-26T22:30:00.0150726-04:00" testType="13cdc9d9-ddb5-4fa4-a97d-d965ccfc6d4b" outcome="Passed" testListId="8c84fa94-04c1-424b-9868-57a2d4851a1d" relativeResultsDirectory="98276917-5ff9-46ba-934f-0a08fd795bf3" />
    <UnitTestResult executionId="1027a306-9dc1-4115-a463-9dbcae298271" testId="1acfa6e1-719e-7222-1917-b6a4d4e59b6e" testName="TasteBudz.Backend.UnitTests.Events.EventWorkflowTests.CreateAsync_WithNonOwnerGroupLink_ReturnsForbidden" computerName="YOBANOUT" duration="00:00:00.0242886" startTime="2026-03-26T22:30:00.0627933-04:00" endTime="2026-03-26T22:30:00.0627938-04:00" testType="13cdc9d9-ddb5-4fa4-a97d-d965ccfc6d4b" outcome="Passed" testListId="8c84fa94-04c1-424b-9868-57a2d4851a1d" relativeResultsDirectory="1027a306-9dc1-4115-a463-9dbcae298271" />
    <UnitTestResult executionId="c683e1c5-2cec-4ec7-bcc8-1b6ea03dea3b" testId="43435e15-67ac-dd5f-7467-8b493831e941" testName="TasteBudz.Backend.UnitTests.Events.EventWorkflowTests.CreateAsync_WithNonMemberGroupLink_ReturnsForbidden" computerName="YOBANOUT" duration="00:00:00.0189322" startTime="2026-03-26T22:30:00.1285477-04:00" endTime="2026-03-26T22:30:00.1285481-04:00" testType="13cdc9d9-ddb5-4fa4-a97d-d965ccfc6d4b" outcome="Passed" testListId="8c84fa94-04c1-424b-9868-57a2d4851a1d" relativeResultsDirectory="c683e1c5-2cec-4ec7-bcc8-1b6ea03dea3b" />
    <UnitTestResult executionId="dd8e9e61-cc08-45e5-88ec-20c06487d9c1" testId="09477852-98ad-7264-8ead-15e5c0dc7a18" testName="TasteBudz.Backend.UnitTests.Groups.GroupServiceTests.CreateAsync_AutoCreatesOwnerMembership" computerName="YOBANOUT" duration="00:00:00.0124126" startTime="2026-03-26T22:29:59.9631456-04:00" endTime="2026-03-26T22:29:59.9631458-04:00" testType="13cdc9d9-ddb5-4fa4-a97d-d965ccfc6d4b" outcome="Passed" testListId="8c84fa94-04c1-424b-9868-57a2d4851a1d" relativeResultsDirectory="dd8e9e61-cc08-45e5-88ec-20c06487d9c1" />
    <UnitTestResult executionId="de3d5a0d-72ff-4bee-8d63-42d012a13b64" testId="380c90a1-7c40-5bf9-abbe-bf1b5e9a4eb5" testName="TasteBudz.Backend.UnitTests.Discovery.DiscoveryServiceTests.GetSwipeCandidatesAsync_ExcludesConnectedBudzAndFilteredUsers" computerName="YOBANOUT" duration="00:00:00.3699558" startTime="2026-03-26T22:29:59.9909528-04:00" endTime="2026-03-26T22:29:59.9909530-04:00" testType="13cdc9d9-ddb5-4fa4-a97d-d965ccfc6d4b" outcome="Passed" testListId="8c84fa94-04c1-424b-9868-57a2d4851a1d" relativeResultsDirectory="de3d5a0d-72ff-4bee-8d63-42d012a13b64" />
    <UnitTestResult executionId="be4c3c4a-4a13-406e-83f0-9ce5ca095b12" testId="36dbdecd-9f88-c402-056f-ae5f6b0b7d42" testName="TasteBudz.Backend.UnitTests.Profiles.AvailabilityServiceTests.UpsertOneOffAsync_WithUnknownWindowId_ReturnsNotFound" computerName="YOBANOUT" duration="00:00:00.2889963" startTime="2026-03-26T22:29:59.9163683-04:00" endTime="2026-03-26T22:29:59.9163684-04:00" testType="13cdc9d9-ddb5-4fa4-a97d-d965ccfc6d4b" outcome="Passed" testListId="8c84fa94-04c1-424b-9868-57a2d4851a1d" relativeResultsDirectory="be4c3c4a-4a13-406e-83f0-9ce5ca095b12" />
    <UnitTestResult executionId="4b14d6ce-c9b2-4abf-92e5-a9e0e6892b2a" testId="d279f340-1412-d644-96fd-ab8b51021d7c" testName="TasteBudz.Backend.UnitTests.Events.EventWorkflowTests.CreateAsync_WithBlockedInvitee_ReturnsForbidden" computerName="YOBANOUT" duration="00:00:00.0188190" startTime="2026-03-26T22:30:00.1774848-04:00" endTime="2026-03-26T22:30:00.1774853-04:00" testType="13cdc9d9-ddb5-4fa4-a97d-d965ccfc6d4b" outcome="Passed" testListId="8c84fa94-04c1-424b-9868-57a2d4851a1d" relativeResultsDirectory="4b14d6ce-c9b2-4abf-92e5-a9e0e6892b2a" />
    <UnitTestResult executionId="6d953637-7b35-482f-8d1a-700f7c9a8a7a" testId="6e13cb39-9d4a-0de6-eacc-2d6c701eb6e9" testName="TasteBudz.Backend.UnitTests.Events.EventBrowseServiceTests.BrowseAsync_DistanceFilterUsesSelectedRestaurantCoordinates" computerName="YOBANOUT" duration="00:00:00.0008014" startTime="2026-03-26T22:29:59.9301773-04:00" endTime="2026-03-26T22:29:59.9301774-04:00" testType="13cdc9d9-ddb5-4fa4-a97d-d965ccfc6d4b" outcome="Passed" testListId="8c84fa94-04c1-424b-9868-57a2d4851a1d" relativeResultsDirectory="6d953637-7b35-482f-8d1a-700f7c9a8a7a" />
    <UnitTestResult executionId="1c5186f5-02b9-46ab-88b4-1f00fff4d2b7" testId="e952a8f7-fc63-56a2-98c4-a89da9db6dc7" testName="TasteBudz.Backend.UnitTests.Events.EventBrowseServiceTests.BrowseAsync_AvailabilityOnlyMatchesRecurringAndOneOffWindows" computerName="YOBANOUT" duration="00:00:00.0049529" startTime="2026-03-26T22:29:59.9296404-04:00" endTime="2026-03-26T22:29:59.9296405-04:00" testType="13cdc9d9-ddb5-4fa4-a97d-d965ccfc6d4b" outcome="Passed" testListId="8c84fa94-04c1-424b-9868-57a2d4851a1d" relativeResultsDirectory="1c5186f5-02b9-46ab-88b4-1f00fff4d2b7" />
    <UnitTestResult executionId="ce1a39ed-2f3e-408a-8c16-96ebcdc9f9c1" testId="eb976e69-a7b2-0079-0d07-94ceb04c0534" testName="TasteBudz.Backend.UnitTests.Discovery.DiscoveryServiceTests.RecordSwipeAsync_ReciprocalLikeCreatesBudAndNotifications" computerName="YOBANOUT" duration="00:00:00.0241445" startTime="2026-03-26T22:30:00.1052739-04:00" endTime="2026-03-26T22:30:00.1052742-04:00" testType="13cdc9d9-ddb5-4fa4-a97d-d965ccfc6d4b" outcome="Passed" testListId="8c84fa94-04c1-424b-9868-57a2d4851a1d" relativeResultsDirectory="ce1a39ed-2f3e-408a-8c16-96ebcdc9f9c1" />
    <UnitTestResult executionId="db9cafbe-96a4-4acc-b6c9-7c6ed0c2baa1" testId="16ef6283-86f4-ab43-ce32-0ab8298804d2" testName="TasteBudz.Backend.UnitTests.Profiles.PrivacyServiceTests.UpdateAsync_WhenDiscoveryEnabledIsOmitted_PreservesCurrentValue" computerName="YOBANOUT" duration="00:00:00.2860539" startTime="2026-03-26T22:29:59.9094332-04:00" endTime="2026-03-26T22:29:59.9094436-04:00" testType="13cdc9d9-ddb5-4fa4-a97d-d965ccfc6d4b" outcome="Passed" testListId="8c84fa94-04c1-424b-9868-57a2d4851a1d" relativeResultsDirectory="db9cafbe-96a4-4acc-b6c9-7c6ed0c2baa1" />
    <UnitTestResult executionId="ad0b0ddc-c97b-4442-9e91-d14f19d45dce" testId="411f42b2-cd81-3299-e752-d61225a263bf" testName="TasteBudz.Backend.UnitTests.Groups.GroupServiceTests.JoinAsync_PublicGroupActivatesMembership" computerName="YOBANOUT" duration="00:00:00.0229392" startTime="2026-03-26T22:30:00.0114557-04:00" endTime="2026-03-26T22:30:00.0114561-04:00" testType="13cdc9d9-ddb5-4fa4-a97d-d965ccfc6d4b" outcome="Passed" testListId="8c84fa94-04c1-424b-9868-57a2d4851a1d" relativeResultsDirectory="ad0b0ddc-c97b-4442-9e91-d14f19d45dce" />
    <UnitTestResult executionId="6eafa275-b13b-448f-a108-b5f5c368fda9" testId="aaa88f93-5390-a76b-7164-46a8364eace7" testName="TasteBudz.Backend.UnitTests.Discovery.DiscoveryServiceTests.GetSwipeCandidatesAsync_PaginatesDeterministicallyAndKeepsTotalCount" computerName="YOBANOUT" duration="00:00:00.0407020" startTime="2026-03-26T22:30:00.0317373-04:00" endTime="2026-03-26T22:30:00.0317375-04:00" testType="13cdc9d9-ddb5-4fa4-a97d-d965ccfc6d4b" outcome="Passed" testListId="8c84fa94-04c1-424b-9868-57a2d4851a1d" relativeResultsDirectory="6eafa275-b13b-448f-a108-b5f5c368fda9" />
    <UnitTestResult executionId="4e5aac98-7e1f-4112-a520-0a77d6a29d8f" testId="899e58aa-386f-ba41-2783-04c246ebcf3e" testName="TasteBudz.Backend.UnitTests.Restaurants.RestaurantRecommendationServiceTests.GetSuggestionsAsync_WithClosedEventForNonParticipant_ReturnsNotFound" computerName="YOBANOUT" duration="00:00:00.2889219" startTime="2026-03-26T22:29:59.9171585-04:00" endTime="2026-03-26T22:29:59.9171586-04:00" testType="13cdc9d9-ddb5-4fa4-a97d-d965ccfc6d4b" outcome="Passed" testListId="8c84fa94-04c1-424b-9868-57a2d4851a1d" relativeResultsDirectory="4e5aac98-7e1f-4112-a520-0a77d6a29d8f" />
    <UnitTestResult executionId="82ff924d-7b62-466c-94aa-9718c090327c" testId="fb6e606f-73fb-eb23-7de7-0fa0c23c951d" testName="TasteBudz.Backend.UnitTests.Messaging.MessagingServiceTests.SendAsync_EventParticipantCanSendAndReadHistory" computerName="YOBANOUT" duration="00:00:00.0335440" startTime="2026-03-26T22:29:59.9846936-04:00" endTime="2026-03-26T22:29:59.9846939-04:00" testType="13cdc9d9-ddb5-4fa4-a97d-d965ccfc6d4b" outcome="Passed" testListId="8c84fa94-04c1-424b-9868-57a2d4851a1d" relativeResultsDirectory="82ff924d-7b62-466c-94aa-9718c090327c" />
    <UnitTestResult executionId="5ea40e4d-1a2f-4c3f-b076-2630c151ddea" testId="fdcd8144-e612-d5d1-b6dd-0207e603a067" testName="TasteBudz.Backend.UnitTests.Auth.AuthServiceTests.LoginAsync_WithEmailReturnsNewSession" computerName="YOBANOUT" duration="00:00:00.0245017" startTime="2026-03-26T22:29:59.9608248-04:00" endTime="2026-03-26T22:29:59.9608253-04:00" testType="13cdc9d9-ddb5-4fa4-a97d-d965ccfc6d4b" outcome="Passed" testListId="8c84fa94-04c1-424b-9868-57a2d4851a1d" relativeResultsDirectory="5ea40e4d-1a2f-4c3f-b076-2630c151ddea" />
    <UnitTestResult executionId="56c6f92c-710c-4085-8845-80a391ce47a1" testId="1ec3a932-facd-96de-99d9-3e719d978c5a" testName="TasteBudz.Backend.UnitTests.Restaurants.RestaurantSearchServiceTests.BrowseAsync_FiltersSeededCatalogByCuisineAndDistance" computerName="YOBANOUT" duration="00:00:00.2922871" startTime="2026-03-26T22:29:59.9180607-04:00" endTime="2026-03-26T22:29:59.9180607-04:00" testType="13cdc9d9-ddb5-4fa4-a97d-d965ccfc6d4b" outcome="Passed" testListId="8c84fa94-04c1-424b-9868-57a2d4851a1d" relativeResultsDirectory="56c6f92c-710c-4085-8845-80a391ce47a1" />
    <UnitTestResult executionId="d37c8f8a-a690-4b99-b638-3e3a357936b0" testId="f9ab8a62-33f0-3baf-fabb-0156f4a52e6e" testName="TasteBudz.Backend.UnitTests.Events.EventBrowseServiceTests.BrowseAsync_AppliesGroupStatusAndDateRangeFiltersWithDeterministicOrdering" computerName="YOBANOUT" duration="00:00:00.0019966" startTime="2026-03-26T22:29:59.9293592-04:00" endTime="2026-03-26T22:29:59.9293592-04:00" testType="13cdc9d9-ddb5-4fa4-a97d-d965ccfc6d4b" outcome="Passed" testListId="8c84fa94-04c1-424b-9868-57a2d4851a1d" relativeResultsDirectory="d37c8f8a-a690-4b99-b638-3e3a357936b0" />
    <UnitTestResult executionId="821588ca-4410-4aa7-8ad8-8ab085a46ab0" testId="01c9f94b-6d75-cce3-d929-9549528297fc" testName="TasteBudz.Backend.UnitTests.Restaurants.RestaurantRecommendationServiceTests.GetSuggestionsAsync_WithActiveGroup_UsesOwnerZipCodeWhenQueryZipMissing" computerName="YOBANOUT" duration="00:00:00.0039488" startTime="2026-03-26T22:29:59.9183225-04:00" endTime="2026-03-26T22:29:59.9183226-04:00" testType="13cdc9d9-ddb5-4fa4-a97d-d965ccfc6d4b" outcome="Passed" testListId="8c84fa94-04c1-424b-9868-57a2d4851a1d" relativeResultsDirectory="821588ca-4410-4aa7-8ad8-8ab085a46ab0" />
    <UnitTestResult executionId="04af78bd-4a38-4c9e-8f17-9690b33edbfe" testId="c22c3e25-225f-35ce-abf0-2f76be6ec1f9" testName="TasteBudz.Backend.UnitTests.Profiles.PreferenceServiceTests.GetAsync_WhenNoPreferencesExist_ReturnsEmptyDefaults" computerName="YOBANOUT" duration="00:00:00.0009958" startTime="2026-03-26T22:29:59.9292469-04:00" endTime="2026-03-26T22:29:59.9292470-04:00" testType="13cdc9d9-ddb5-4fa4-a97d-d965ccfc6d4b" outcome="Passed" testListId="8c84fa94-04c1-424b-9868-57a2d4851a1d" relativeResultsDirectory="04af78bd-4a38-4c9e-8f17-9690b33edbfe" />
    <UnitTestResult executionId="0b3e724d-2610-4ffa-b1e7-4df2ff6c18e1" testId="5725e126-05e2-f7fe-d2b6-8aa74fe7b0d8" testName="TasteBudz.Backend.UnitTests.Groups.GroupServiceTests.RespondToInviteAsync_AcceptCreatesPrivateMembership" computerName="YOBANOUT" duration="00:00:00.3297258" startTime="2026-03-26T22:29:59.9507378-04:00" endTime="2026-03-26T22:29:59.9507382-04:00" testType="13cdc9d9-ddb5-4fa4-a97d-d965ccfc6d4b" outcome="Passed" testListId="8c84fa94-04c1-424b-9868-57a2d4851a1d" relativeResultsDirectory="0b3e724d-2610-4ffa-b1e7-4df2ff6c18e1" />
    <UnitTestResult executionId="7bb254dc-07dc-40e7-a828-c4308b65e922" testId="1b642e61-dcb4-f507-0186-31ba9a9c70d5" testName="TasteBudz.Backend.UnitTests.Events.UserEventQueryServiceTests.ListPendingInvitesForUserAsync_ExcludesInvitesAfterDecisionAt" computerName="YOBANOUT" duration="00:00:00.0045308" startTime="2026-03-26T22:29:59.9295393-04:00" endTime="2026-03-26T22:29:59.9295393-04:00" testType="13cdc9d9-ddb5-4fa4-a97d-d965ccfc6d4b" outcome="Passed" testListId="8c84fa94-04c1-424b-9868-57a2d4851a1d" relativeResultsDirectory="7bb254dc-07dc-40e7-a828-c4308b65e922" />
    <UnitTestResult executionId="e79b6a45-d234-4b1c-8dc0-3158f753c961" testId="4afd55d2-5f46-099e-22cb-94477ff2eea9" testName="TasteBudz.Backend.UnitTests.Profiles.PreferenceServiceTests.ReplaceAsync_NormalizesDistinctValuesBeforePersisting" computerName="YOBANOUT" duration="00:00:00.2957864" startTime="2026-03-26T22:29:59.9275761-04:00" endTime="2026-03-26T22:29:59.9275762-04:00" testType="13cdc9d9-ddb5-4fa4-a97d-d965ccfc6d4b" outcome="Passed" testListId="8c84fa94-04c1-424b-9868-57a2d4851a1d" relativeResultsDirectory="e79b6a45-d234-4b1c-8dc0-3158f753c961" />
    <UnitTestResult executionId="efe57f34-f7de-4ad8-bde0-be12397f81c8" testId="efb6269d-4c41-d1f9-76d8-dc7819874cc4" testName="TasteBudz.Backend.UnitTests.Messaging.MessagingServiceTests.SendAsync_WhenChatSendRestricted_ReturnsForbidden" computerName="YOBANOUT" duration="00:00:00.3301567" startTime="2026-03-26T22:29:59.9510705-04:00" endTime="2026-03-26T22:29:59.9510706-04:00" testType="13cdc9d9-ddb5-4fa4-a97d-d965ccfc6d4b" outcome="Passed" testListId="8c84fa94-04c1-424b-9868-57a2d4851a1d" relativeResultsDirectory="efe57f34-f7de-4ad8-bde0-be12397f81c8" />
    <UnitTestResult executionId="de40b836-5499-4927-9947-5a4c9457f68a" testId="e251669a-708d-59bb-6ce3-039b7da6474c" testName="TasteBudz.Backend.UnitTests.Events.EventWorkflowTests.CreateAsync_WithOutOfRangeCapacity_RejectsRequest(capacity: 1)" computerName="YOBANOUT" duration="00:00:00.3104390" startTime="2026-03-26T22:29:59.9311400-04:00" endTime="2026-03-26T22:29:59.9311402-04:00" testType="13cdc9d9-ddb5-4fa4-a97d-d965ccfc6d4b" outcome="Passed" testListId="8c84fa94-04c1-424b-9868-57a2d4851a1d" relativeResultsDirectory="de40b836-5499-4927-9947-5a4c9457f68a" />
    <UnitTestResult executionId="9753da89-30e9-4a96-a0e7-36e84b1773e9" testId="f32e8577-584a-a916-4bac-3425b0aa5558" testName="TasteBudz.Backend.UnitTests.Events.EventWorkflowTests.CreateAsync_WithOwnerGroupLink_Succeeds" computerName="YOBANOUT" duration="00:00:00.0107902" startTime="2026-03-26T22:30:00.1585799-04:00" endTime="2026-03-26T22:30:00.1585803-04:00" testType="13cdc9d9-ddb5-4fa4-a97d-d965ccfc6d4b" outcome="Passed" testListId="8c84fa94-04c1-424b-9868-57a2d4851a1d" relativeResultsDirectory="9753da89-30e9-4a96-a0e7-36e84b1773e9" />
    <UnitTestResult executionId="da371b1b-4095-44c7-abab-dd64d2f90918" testId="2c4f1507-aa7f-97d4-95b1-5e1da43ad61f" testName="TasteBudz.Backend.UnitTests.Restaurants.RestaurantRecommendationServiceTests.GetSuggestionsAsync_WithGroupForNonMember_ReturnsNotFound" computerName="YOBANOUT" duration="00:00:00.0010751" startTime="2026-03-26T22:29:59.9273991-04:00" endTime="2026-03-26T22:29:59.9273991-04:00" testType="13cdc9d9-ddb5-4fa4-a97d-d965ccfc6d4b" outcome="Passed" testListId="8c84fa94-04c1-424b-9868-57a2d4851a1d" relativeResultsDirectory="da371b1b-4095-44c7-abab-dd64d2f90918" />
    <UnitTestResult executionId="88d8d280-07ef-49dd-b6f1-1d530dc43a5a" testId="e604c6d8-b029-961f-c75f-ee48fb28b686" testName="TasteBudz.Backend.UnitTests.Events.EventWorkflowTests.JoinOpenEventAsync_LastSeatContentionAllowsOnlyOneWinner" computerName="YOBANOUT" duration="00:00:00.0295491" startTime="2026-03-26T22:30:00.2070518-04:00" endTime="2026-03-26T22:30:00.2070522-04:00" testType="13cdc9d9-ddb5-4fa4-a97d-d965ccfc6d4b" outcome="Passed" testListId="8c84fa94-04c1-424b-9868-57a2d4851a1d" relativeResultsDirectory="88d8d280-07ef-49dd-b6f1-1d530dc43a5a" />
    <UnitTestResult executionId="dfca037c-9fb0-49ca-b752-96e0b9776a8a" testId="27684b40-19fc-72b6-322a-9a26eaf4c594" testName="TasteBudz.Backend.UnitTests.Auth.AuthServiceTests.RefreshAsync_RotatesRefreshToken" computerName="YOBANOUT" duration="00:00:00.0128688" startTime="2026-03-26T22:29:59.9737854-04:00" endTime="2026-03-26T22:29:59.9737859-04:00" testType="13cdc9d9-ddb5-4fa4-a97d-d965ccfc6d4b" outcome="Passed" testListId="8c84fa94-04c1-424b-9868-57a2d4851a1d" relativeResultsDirectory="dfca037c-9fb0-49ca-b752-96e0b9776a8a" />
    <UnitTestResult executionId="b9734353-0999-4b8c-9007-0169f5b104e4" testId="450a82dd-8322-f0e4-c562-6b6c6630ff67" testName="TasteBudz.Backend.UnitTests.Restaurants.RestaurantRecommendationServiceTests.GetSuggestionsAsync_WithExplicitZipCode_DoesNotOverrideItFromGroupContext" computerName="YOBANOUT" duration="00:00:00.0009662" startTime="2026-03-26T22:29:59.9269658-04:00" endTime="2026-03-26T22:29:59.9269659-04:00" testType="13cdc9d9-ddb5-4fa4-a97d-d965ccfc6d4b" outcome="Passed" testListId="8c84fa94-04c1-424b-9868-57a2d4851a1d" relativeResultsDirectory="b9734353-0999-4b8c-9007-0169f5b104e4" />
    <UnitTestResult executionId="d57943a4-3cc8-410b-9113-da06d0147a2f" testId="58af9c0b-daf4-c52b-9fd0-4e2441c0f2f7" testName="TasteBudz.Backend.UnitTests.Restaurants.RestaurantRecommendationServiceTests.GetSuggestionsAsync_WithUnknownGroupId_ReturnsNotFound" computerName="YOBANOUT" duration="00:00:00.0005461" startTime="2026-03-26T22:29:59.9277551-04:00" endTime="2026-03-26T22:29:59.9277552-04:00" testType="13cdc9d9-ddb5-4fa4-a97d-d965ccfc6d4b" outcome="Passed" testListId="8c84fa94-04c1-424b-9868-57a2d4851a1d" relativeResultsDirectory="d57943a4-3cc8-410b-9113-da06d0147a2f" />
    <UnitTestResult executionId="a94c68b8-b1a7-4971-b526-e13dc54651c8" testId="efc47e06-1b22-55e6-c26b-ac9822a28332" testName="TasteBudz.Backend.UnitTests.Events.EventWorkflowTests.RemoveParticipantAsync_ModeratorCanRemoveAfterDecisionAt" computerName="YOBANOUT" duration="00:00:00.0283325" startTime="2026-03-26T22:30:00.1095786-04:00" endTime="2026-03-26T22:30:00.1095788-04:00" testType="13cdc9d9-ddb5-4fa4-a97d-d965ccfc6d4b" outcome="Passed" testListId="8c84fa94-04c1-424b-9868-57a2d4851a1d" relativeResultsDirectory="a94c68b8-b1a7-4971-b526-e13dc54651c8" />
    <UnitTestResult executionId="64a73491-381a-40c5-8aee-edf3a7c1154b" testId="1f1d05ff-8715-7150-db2d-a5012a9e5dab" testName="TasteBudz.Backend.UnitTests.Events.EventWorkflowTests.UpdateAsync_WithOutOfRangeCapacity_RejectsRequest(capacity: 1)" computerName="YOBANOUT" duration="00:00:00.0094317" startTime="2026-03-26T22:30:00.0383911-04:00" endTime="2026-03-26T22:30:00.0383913-04:00" testType="13cdc9d9-ddb5-4fa4-a97d-d965ccfc6d4b" outcome="Passed" testListId="8c84fa94-04c1-424b-9868-57a2d4851a1d" relativeResultsDirectory="64a73491-381a-40c5-8aee-edf3a7c1154b" />
    <UnitTestResult executionId="206dd267-2dc1-4fe4-955a-6d7fe3e182f1" testId="8e6cfbcb-f342-7ba6-e106-76482bd6b29c" testName="TasteBudz.Backend.UnitTests.Moderation.RestrictionServiceTests.IsRestrictedAsync_ExpiredRestrictionReturnsFalseAndMarksExpired" computerName="YOBANOUT" duration="00:00:00.3199332" startTime="2026-03-26T22:29:59.9407622-04:00" endTime="2026-03-26T22:29:59.9407624-04:00" testType="13cdc9d9-ddb5-4fa4-a97d-d965ccfc6d4b" outcome="Passed" testListId="8c84fa94-04c1-424b-9868-57a2d4851a1d" relativeResultsDirectory="206dd267-2dc1-4fe4-955a-6d7fe3e182f1" />
    <UnitTestResult executionId="f7bd6586-12cf-48f0-b32a-28f91c5bf0e3" testId="9948ee53-1c0c-0f65-4cf6-bb2dfa24dbca" testName="TasteBudz.Backend.UnitTests.Groups.GroupServiceTests.GetAsync_ExcludesInactiveMembersFromDetail" computerName="YOBANOUT" duration="00:00:00.0251760" startTime="2026-03-26T22:29:59.9884976-04:00" endTime="2026-03-26T22:29:59.9884980-04:00" testType="13cdc9d9-ddb5-4fa4-a97d-d965ccfc6d4b" outcome="Passed" testListId="8c84fa94-04c1-424b-9868-57a2d4851a1d" relativeResultsDirectory="f7bd6586-12cf-48f0-b32a-28f91c5bf0e3" />
    <UnitTestResult executionId="4332897f-8e1d-41d0-bd2f-c8d137aab6e2" testId="c7052e8e-91f0-8b15-e0e6-af7212c165b0" testName="TasteBudz.Backend.UnitTests.Groups.GroupServiceTests.LeaveAsync_OwnerIsRejected" computerName="YOBANOUT" duration="00:00:00.0147960" startTime="2026-03-26T22:30:00.0263806-04:00" endTime="2026-03-26T22:30:00.0263810-04:00" testType="13cdc9d9-ddb5-4fa4-a97d-d965ccfc6d4b" outcome="Passed" testListId="8c84fa94-04c1-424b-9868-57a2d4851a1d" relativeResultsDirectory="4332897f-8e1d-41d0-bd2f-c8d137aab6e2" />
    <UnitTestResult executionId="1bfc623f-9d8d-441f-8d38-febebe08a2e5" testId="935fcf25-2648-63af-dbb5-3ea29d81ef4b" testName="TasteBudz.Backend.UnitTests.Shared.Pbkdf2PasswordHasherTests.HashPassword_ProducesVerifiableHash" computerName="YOBANOUT" duration="00:00:00.3249192" startTime="2026-03-26T22:29:59.9459291-04:00" endTime="2026-03-26T22:29:59.9459294-04:00" testType="13cdc9d9-ddb5-4fa4-a97d-d965ccfc6d4b" outcome="Passed" testListId="8c84fa94-04c1-424b-9868-57a2d4851a1d" relativeResultsDirectory="1bfc623f-9d8d-441f-8d38-febebe08a2e5" />
    <UnitTestResult executionId="a78d8945-0c45-49d3-94df-e475b5e9e103" testId="b1935a7a-6d3f-3697-3be2-3389c078d95a" testName="TasteBudz.Backend.UnitTests.Auth.AuthServiceTests.RegisterAsync_DuplicateUsernameReturnsConflict" computerName="YOBANOUT" duration="00:00:00.0110620" startTime="2026-03-26T22:29:59.9362211-04:00" endTime="2026-03-26T22:29:59.9362212-04:00" testType="13cdc9d9-ddb5-4fa4-a97d-d965ccfc6d4b" outcome="Passed" testListId="8c84fa94-04c1-424b-9868-57a2d4851a1d" relativeResultsDirectory="a78d8945-0c45-49d3-94df-e475b5e9e103" />
    <UnitTestResult executionId="cbab06d0-8099-4fc1-8b1c-0ebbd8f05e1f" testId="f2e0a215-b204-3f9c-46c5-af1821fff9d7" testName="TasteBudz.Backend.UnitTests.Moderation.RestrictionServiceTests.UpdateAsync_RevokeMarksRestrictionRevoked" computerName="YOBANOUT" duration="00:00:00.0257342" startTime="2026-03-26T22:29:59.9666197-04:00" endTime="2026-03-26T22:29:59.9666199-04:00" testType="13cdc9d9-ddb5-4fa4-a97d-d965ccfc6d4b" outcome="Passed" testListId="8c84fa94-04c1-424b-9868-57a2d4851a1d" relativeResultsDirectory="cbab06d0-8099-4fc1-8b1c-0ebbd8f05e1f" />
    <UnitTestResult executionId="1cca6543-9594-41e3-9762-9d6b2148866b" testId="c114f199-8179-0563-972c-5009fc527714" testName="TasteBudz.Backend.UnitTests.Events.EventWorkflowTests.UpdateMyParticipationAsync_AfterDecisionAt_NonPrivilegedLeaveReturnsConflict" computerName="YOBANOUT" duration="00:00:00.0189822" startTime="2026-03-26T22:30:00.1476430-04:00" endTime="2026-03-26T22:30:00.1476434-04:00" testType="13cdc9d9-ddb5-4fa4-a97d-d965ccfc6d4b" outcome="Passed" testListId="8c84fa94-04c1-424b-9868-57a2d4851a1d" relativeResultsDirectory="1cca6543-9594-41e3-9762-9d6b2148866b" />
    <UnitTestResult executionId="1e005141-caf1-4e29-8050-07c475756e3a" testId="a1dabb83-cbf4-2773-d872-1d63608e6085" testName="TasteBudz.Backend.UnitTests.Events.EventWorkflowTests.CreateAsync_WithOutOfRangeCapacity_RejectsRequest(capacity: 9)" computerName="YOBANOUT" duration="00:00:00.0155397" startTime="2026-03-26T22:29:59.9468019-04:00" endTime="2026-03-26T22:29:59.9468020-04:00" testType="13cdc9d9-ddb5-4fa4-a97d-d965ccfc6d4b" outcome="Passed" testListId="8c84fa94-04c1-424b-9868-57a2d4851a1d" relativeResultsDirectory="1e005141-caf1-4e29-8050-07c475756e3a" />
    <UnitTestResult executionId="d0299f21-50a2-4ab3-b13a-47b8310951ea" testId="57a8f03c-dadf-87ac-3070-2e88fa4dbd05" testName="TasteBudz.Backend.UnitTests.Events.UserEventQueryServiceTests.ListActiveForUserAsync_SynchronizesBeforeApplyingActiveFilter" computerName="YOBANOUT" duration="00:00:00.2959985" startTime="2026-03-26T22:29:59.9279299-04:00" endTime="2026-03-26T22:29:59.9279299-04:00" testType="13cdc9d9-ddb5-4fa4-a97d-d965ccfc6d4b" outcome="Passed" testListId="8c84fa94-04c1-424b-9868-57a2d4851a1d" relativeResultsDirectory="d0299f21-50a2-4ab3-b13a-47b8310951ea" />
    <UnitTestResult executionId="307cd17c-5c43-47e8-a1a1-9c92430f7393" testId="7a634c11-0f86-1324-481b-052e77087710" testName="TasteBudz.Backend.UnitTests.Discovery.DiscoveryServiceTests.SearchAsync_FiltersPrivacyBlocksAndDiscoveryRestrictions" computerName="YOBANOUT" duration="00:00:00.0492297" startTime="2026-03-26T22:30:00.0809578-04:00" endTime="2026-03-26T22:30:00.0809582-04:00" testType="13cdc9d9-ddb5-4fa4-a97d-d965ccfc6d4b" outcome="Passed" testListId="8c84fa94-04c1-424b-9868-57a2d4851a1d" relativeResultsDirectory="307cd17c-5c43-47e8-a1a1-9c92430f7393" />
    <UnitTestResult executionId="934994ef-2509-4ab9-9b50-614ca3485e33" testId="5feefae8-0022-dcbc-e4e4-4d8b848cfda4" testName="TasteBudz.Backend.UnitTests.Auth.AuthServiceTests.RegisterAsync_CreatesSessionAndDefaultProfileState" computerName="YOBANOUT" duration="00:00:00.3042062" startTime="2026-03-26T22:29:59.9298140-04:00" endTime="2026-03-26T22:29:59.9298141-04:00" testType="13cdc9d9-ddb5-4fa4-a97d-d965ccfc6d4b" outcome="Passed" testListId="8c84fa94-04c1-424b-9868-57a2d4851a1d" relativeResultsDirectory="934994ef-2509-4ab9-9b50-614ca3485e33" />
    <UnitTestResult executionId="c915782b-c9fd-498a-acc1-94934deb0509" testId="3927bfa3-2937-6164-1a66-ba776b3d314d" testName="TasteBudz.Backend.UnitTests.Profiles.AvailabilityServiceTests.UpsertRecurringAsync_WithUnknownWindowId_ReturnsNotFound" computerName="YOBANOUT" duration="00:00:00.0029535" startTime="2026-03-26T22:29:59.9178160-04:00" endTime="2026-03-26T22:29:59.9178161-04:00" testType="13cdc9d9-ddb5-4fa4-a97d-d965ccfc6d4b" outcome="Passed" testListId="8c84fa94-04c1-424b-9868-57a2d4851a1d" relativeResultsDirectory="c915782b-c9fd-498a-acc1-94934deb0509" />
    <UnitTestResult executionId="47bcbf0b-ae63-4f0c-8dcb-77c4afe85f53" testId="1a90ce00-8e29-1d6b-c9e8-3c6650d0c574" testName="TasteBudz.Backend.UnitTests.Events.EventWorkflowTests.UpdateAsync_WithOutOfRangeCapacity_RejectsRequest(capacity: 9)" computerName="YOBANOUT" duration="00:00:00.0137330" startTime="2026-03-26T22:30:00.0288705-04:00" endTime="2026-03-26T22:30:00.0288710-04:00" testType="13cdc9d9-ddb5-4fa4-a97d-d965ccfc6d4b" outcome="Passed" testListId="8c84fa94-04c1-424b-9868-57a2d4851a1d" relativeResultsDirectory="47bcbf0b-ae63-4f0c-8dcb-77c4afe85f53" />
    <UnitTestResult executionId="fdbae758-821c-4217-bf98-9e907c1f09e3" testId="445c6cd1-519b-7fd9-111a-09719199ac65" testName="TasteBudz.Backend.UnitTests.Events.EventWorkflowTests.CreateAsync_AutoJoinsHostAndCountsTowardCapacity" computerName="YOBANOUT" duration="00:00:00.0097931" startTime="2026-03-26T22:30:00.2169553-04:00" endTime="2026-03-26T22:30:00.2169557-04:00" testType="13cdc9d9-ddb5-4fa4-a97d-d965ccfc6d4b" outcome="Passed" testListId="8c84fa94-04c1-424b-9868-57a2d4851a1d" relativeResultsDirectory="fdbae758-821c-4217-bf98-9e907c1f09e3" />
    <UnitTestResult executionId="fad0da50-7672-424d-886c-e42a8877a351" testId="95501110-80a1-1caf-0c3e-06b9555f8e94" testName="TasteBudz.Backend.UnitTests.Events.EventWorkflowTests.RemoveParticipantAsync_AfterDecisionAt_HostIsRejected" computerName="YOBANOUT" duration="00:00:00.0321086" startTime="2026-03-26T22:29:59.9789395-04:00" endTime="2026-03-26T22:29:59.9789396-04:00" testType="13cdc9d9-ddb5-4fa4-a97d-d965ccfc6d4b" outcome="Passed" testListId="8c84fa94-04c1-424b-9868-57a2d4851a1d" relativeResultsDirectory="fad0da50-7672-424d-886c-e42a8877a351" />
    <UnitTestResult executionId="3d560b91-f5fa-4112-9a06-655192276c6d" testId="14db30f6-4047-415a-f622-a3d67cbf4a04" testName="TasteBudz.Backend.UnitTests.Restaurants.RestaurantRecommendationServiceTests.GetSuggestionsAsync_WithInactiveGroup_ReturnsConflict" computerName="YOBANOUT" duration="00:00:00.0006761" startTime="2026-03-26T22:29:59.9291115-04:00" endTime="2026-03-26T22:29:59.9291115-04:00" testType="13cdc9d9-ddb5-4fa4-a97d-d965ccfc6d4b" outcome="Passed" testListId="8c84fa94-04c1-424b-9868-57a2d4851a1d" relativeResultsDirectory="3d560b91-f5fa-4112-9a06-655192276c6d" />
  </Results>
  <TestDefinitions>
    <UnitTest name="TasteBudz.Backend.UnitTests.Moderation.RestrictionServiceTests.IsRestrictedAsync_ExpiredRestrictionReturnsFalseAndMarksExpired" storage="c:\users\uslep\source\repos\tastebudz\tests\tastebudz.backend.unittests\bin\debug\net9.0\tastebudz.backend.unittests.dll" id="8e6cfbcb-f342-7ba6-e106-76482bd6b29c">
      <Execution id="206dd267-2dc1-4fe4-955a-6d7fe3e182f1" />
      <TestMethod codeBase="C:\Users\uslep\source\repos\TasteBudz\tests\TasteBudz.Backend.UnitTests\bin\Debug\net9.0\TasteBudz.Backend.UnitTests.dll" adapterTypeName="executor://xunit/VsTestRunner2/netcoreapp" className="TasteBudz.Backend.UnitTests.Moderation.RestrictionServiceTests" name="IsRestrictedAsync_ExpiredRestrictionReturnsFalseAndMarksExpired" />
    </UnitTest>
    <UnitTest name="TasteBudz.Backend.UnitTests.Events.EventBrowseServiceTests.BrowseAsync_DistanceFilterUsesSelectedRestaurantCoordinates" storage="c:\users\uslep\source\repos\tastebudz\tests\tastebudz.backend.unittests\bin\debug\net9.0\tastebudz.backend.unittests.dll" id="6e13cb39-9d4a-0de6-eacc-2d6c701eb6e9">
      <Execution id="6d953637-7b35-482f-8d1a-700f7c9a8a7a" />
      <TestMethod codeBase="C:\Users\uslep\source\repos\TasteBudz\tests\TasteBudz.Backend.UnitTests\bin\Debug\net9.0\TasteBudz.Backend.UnitTests.dll" adapterTypeName="executor://xunit/VsTestRunner2/netcoreapp" className="TasteBudz.Backend.UnitTests.Events.EventBrowseServiceTests" name="BrowseAsync_DistanceFilterUsesSelectedRestaurantCoordinates" />
    </UnitTest>
    <UnitTest name="TasteBudz.Backend.UnitTests.Events.EventWorkflowTests.CreateAsync_WithOwnerGroupLink_Succeeds" storage="c:\users\uslep\source\repos\tastebudz\tests\tastebudz.backend.unittests\bin\debug\net9.0\tastebudz.backend.unittests.dll" id="f32e8577-584a-a916-4bac-3425b0aa5558">
      <Execution id="9753da89-30e9-4a96-a0e7-36e84b1773e9" />
      <TestMethod codeBase="C:\Users\uslep\source\repos\TasteBudz\tests\TasteBudz.Backend.UnitTests\bin\Debug\net9.0\TasteBudz.Backend.UnitTests.dll" adapterTypeName="executor://xunit/VsTestRunner2/netcoreapp" className="TasteBudz.Backend.UnitTests.Events.EventWorkflowTests" name="CreateAsync_WithOwnerGroupLink_Succeeds" />
    </UnitTest>
    <UnitTest name="TasteBudz.Backend.UnitTests.Restaurants.RestaurantRecommendationServiceTests.GetSuggestionsAsync_WithUnknownGroupId_ReturnsNotFound" storage="c:\users\uslep\source\repos\tastebudz\tests\tastebudz.backend.unittests\bin\debug\net9.0\tastebudz.backend.unittests.dll" id="58af9c0b-daf4-c52b-9fd0-4e2441c0f2f7">
      <Execution id="d57943a4-3cc8-410b-9113-da06d0147a2f" />
      <TestMethod codeBase="C:\Users\uslep\source\repos\TasteBudz\tests\TasteBudz.Backend.UnitTests\bin\Debug\net9.0\TasteBudz.Backend.UnitTests.dll" adapterTypeName="executor://xunit/VsTestRunner2/netcoreapp" className="TasteBudz.Backend.UnitTests.Restaurants.RestaurantRecommendationServiceTests" name="GetSuggestionsAsync_WithUnknownGroupId_ReturnsNotFound" />
    </UnitTest>
    <UnitTest name="TasteBudz.Backend.UnitTests.Auth.AuthServiceTests.RegisterAsync_DuplicateUsernameReturnsConflict" storage="c:\users\uslep\source\repos\tastebudz\tests\tastebudz.backend.unittests\bin\debug\net9.0\tastebudz.backend.unittests.dll" id="b1935a7a-6d3f-3697-3be2-3389c078d95a">
      <Execution id="a78d8945-0c45-49d3-94df-e475b5e9e103" />
      <TestMethod codeBase="C:\Users\uslep\source\repos\TasteBudz\tests\TasteBudz.Backend.UnitTests\bin\Debug\net9.0\TasteBudz.Backend.UnitTests.dll" adapterTypeName="executor://xunit/VsTestRunner2/netcoreapp" className="TasteBudz.Backend.UnitTests.Auth.AuthServiceTests" name="RegisterAsync_DuplicateUsernameReturnsConflict" />
    </UnitTest>
    <UnitTest name="TasteBudz.Backend.UnitTests.Profiles.PrivacyServiceTests.UpdateAsync_WhenDiscoveryEnabledIsOmitted_PreservesCurrentValue" storage="c:\users\uslep\source\repos\tastebudz\tests\tastebudz.backend.unittests\bin\debug\net9.0\tastebudz.backend.unittests.dll" id="16ef6283-86f4-ab43-ce32-0ab8298804d2">
      <Execution id="db9cafbe-96a4-4acc-b6c9-7c6ed0c2baa1" />
      <TestMethod codeBase="C:\Users\uslep\source\repos\TasteBudz\tests\TasteBudz.Backend.UnitTests\bin\Debug\net9.0\TasteBudz.Backend.UnitTests.dll" adapterTypeName="executor://xunit/VsTestRunner2/netcoreapp" className="TasteBudz.Backend.UnitTests.Profiles.PrivacyServiceTests" name="UpdateAsync_WhenDiscoveryEnabledIsOmitted_PreservesCurrentValue" />
    </UnitTest>
    <UnitTest name="TasteBudz.Backend.UnitTests.Events.EventWorkflowTests.CreateAsync_WithOutOfRangeCapacity_RejectsRequest(capacity: 1)" storage="c:\users\uslep\source\repos\tastebudz\tests\tastebudz.backend.unittests\bin\debug\net9.0\tastebudz.backend.unittests.dll" id="e251669a-708d-59bb-6ce3-039b7da6474c">
      <Execution id="de40b836-5499-4927-9947-5a4c9457f68a" />
      <TestMethod codeBase="C:\Users\uslep\source\repos\TasteBudz\tests\TasteBudz.Backend.UnitTests\bin\Debug\net9.0\TasteBudz.Backend.UnitTests.dll" adapterTypeName="executor://xunit/VsTestRunner2/netcoreapp" className="TasteBudz.Backend.UnitTests.Events.EventWorkflowTests" name="CreateAsync_WithOutOfRangeCapacity_RejectsRequest" />
    </UnitTest>
    <UnitTest name="TasteBudz.Backend.UnitTests.Restaurants.RestaurantSearchServiceTests.BrowseAsync_FiltersSeededCatalogByCuisineAndDistance" storage="c:\users\uslep\source\repos\tastebudz\tests\tastebudz.backend.unittests\bin\debug\net9.0\tastebudz.backend.unittests.dll" id="1ec3a932-facd-96de-99d9-3e719d978c5a">
      <Execution id="56c6f92c-710c-4085-8845-80a391ce47a1" />
      <TestMethod codeBase="C:\Users\uslep\source\repos\TasteBudz\tests\TasteBudz.Backend.UnitTests\bin\Debug\net9.0\TasteBudz.Backend.UnitTests.dll" adapterTypeName="executor://xunit/VsTestRunner2/netcoreapp" className="TasteBudz.Backend.UnitTests.Restaurants.RestaurantSearchServiceTests" name="BrowseAsync_FiltersSeededCatalogByCuisineAndDistance" />
    </UnitTest>
    <UnitTest name="TasteBudz.Backend.UnitTests.Auth.AuthServiceTests.LoginAsync_WithEmailReturnsNewSession" storage="c:\users\uslep\source\repos\tastebudz\tests\tastebudz.backend.unittests\bin\debug\net9.0\tastebudz.backend.unittests.dll" id="fdcd8144-e612-d5d1-b6dd-0207e603a067">
      <Execution id="5ea40e4d-1a2f-4c3f-b076-2630c151ddea" />
      <TestMethod codeBase="C:\Users\uslep\source\repos\TasteBudz\tests\TasteBudz.Backend.UnitTests\bin\Debug\net9.0\TasteBudz.Backend.UnitTests.dll" adapterTypeName="executor://xunit/VsTestRunner2/netcoreapp" className="TasteBudz.Backend.UnitTests.Auth.AuthServiceTests" name="LoginAsync_WithEmailReturnsNewSession" />
    </UnitTest>
    <UnitTest name="TasteBudz.Backend.UnitTests.Events.EventWorkflowTests.UpdateMyParticipationAsync_AfterDecisionAt_NonPrivilegedLeaveReturnsConflict" storage="c:\users\uslep\source\repos\tastebudz\tests\tastebudz.backend.unittests\bin\debug\net9.0\tastebudz.backend.unittests.dll" id="c114f199-8179-0563-972c-5009fc527714">
      <Execution id="1cca6543-9594-41e3-9762-9d6b2148866b" />
      <TestMethod codeBase="C:\Users\uslep\source\repos\TasteBudz\tests\TasteBudz.Backend.UnitTests\bin\Debug\net9.0\TasteBudz.Backend.UnitTests.dll" adapterTypeName="executor://xunit/VsTestRunner2/netcoreapp" className="TasteBudz.Backend.UnitTests.Events.EventWorkflowTests" name="UpdateMyParticipationAsync_AfterDecisionAt_NonPrivilegedLeaveReturnsConflict" />
    </UnitTest>
    <UnitTest name="TasteBudz.Backend.UnitTests.Events.EventWorkflowTests.CreateAsync_WithOutOfRangeCapacity_RejectsRequest(capacity: 9)" storage="c:\users\uslep\source\repos\tastebudz\tests\tastebudz.backend.unittests\bin\debug\net9.0\tastebudz.backend.unittests.dll" id="a1dabb83-cbf4-2773-d872-1d63608e6085">
      <Execution id="1e005141-caf1-4e29-8050-07c475756e3a" />
      <TestMethod codeBase="C:\Users\uslep\source\repos\TasteBudz\tests\TasteBudz.Backend.UnitTests\bin\Debug\net9.0\TasteBudz.Backend.UnitTests.dll" adapterTypeName="executor://xunit/VsTestRunner2/netcoreapp" className="TasteBudz.Backend.UnitTests.Events.EventWorkflowTests" name="CreateAsync_WithOutOfRangeCapacity_RejectsRequest" />
    </UnitTest>
    <UnitTest name="TasteBudz.Backend.UnitTests.Events.EventWorkflowTests.RemoveParticipantAsync_AfterDecisionAt_HostIsRejected" storage="c:\users\uslep\source\repos\tastebudz\tests\tastebudz.backend.unittests\bin\debug\net9.0\tastebudz.backend.unittests.dll" id="95501110-80a1-1caf-0c3e-06b9555f8e94">
      <Execution id="fad0da50-7672-424d-886c-e42a8877a351" />
      <TestMethod codeBase="C:\Users\uslep\source\repos\TasteBudz\tests\TasteBudz.Backend.UnitTests\bin\Debug\net9.0\TasteBudz.Backend.UnitTests.dll" adapterTypeName="executor://xunit/VsTestRunner2/netcoreapp" className="TasteBudz.Backend.UnitTests.Events.EventWorkflowTests" name="RemoveParticipantAsync_AfterDecisionAt_HostIsRejected" />
    </UnitTest>
    <UnitTest name="TasteBudz.Backend.UnitTests.Profiles.PreferenceServiceTests.ReplaceAsync_NormalizesDistinctValuesBeforePersisting" storage="c:\users\uslep\source\repos\tastebudz\tests\tastebudz.backend.unittests\bin\debug\net9.0\tastebudz.backend.unittests.dll" id="4afd55d2-5f46-099e-22cb-94477ff2eea9">
      <Execution id="e79b6a45-d234-4b1c-8dc0-3158f753c961" />
      <TestMethod codeBase="C:\Users\uslep\source\repos\TasteBudz\tests\TasteBudz.Backend.UnitTests\bin\Debug\net9.0\TasteBudz.Backend.UnitTests.dll" adapterTypeName="executor://xunit/VsTestRunner2/netcoreapp" className="TasteBudz.Backend.UnitTests.Profiles.PreferenceServiceTests" name="ReplaceAsync_NormalizesDistinctValuesBeforePersisting" />
    </UnitTest>
    <UnitTest name="TasteBudz.Backend.UnitTests.Groups.GroupServiceTests.RespondToInviteAsync_AcceptCreatesPrivateMembership" storage="c:\users\uslep\source\repos\tastebudz\tests\tastebudz.backend.unittests\bin\debug\net9.0\tastebudz.backend.unittests.dll" id="5725e126-05e2-f7fe-d2b6-8aa74fe7b0d8">
      <Execution id="0b3e724d-2610-4ffa-b1e7-4df2ff6c18e1" />
      <TestMethod codeBase="C:\Users\uslep\source\repos\TasteBudz\tests\TasteBudz.Backend.UnitTests\bin\Debug\net9.0\TasteBudz.Backend.UnitTests.dll" adapterTypeName="executor://xunit/VsTestRunner2/netcoreapp" className="TasteBudz.Backend.UnitTests.Groups.GroupServiceTests" name="RespondToInviteAsync_AcceptCreatesPrivateMembership" />
    </UnitTest>
    <UnitTest name="TasteBudz.Backend.UnitTests.Restaurants.RestaurantRecommendationServiceTests.GetSuggestionsAsync_WithGroupForNonMember_ReturnsNotFound" storage="c:\users\uslep\source\repos\tastebudz\tests\tastebudz.backend.unittests\bin\debug\net9.0\tastebudz.backend.unittests.dll" id="2c4f1507-aa7f-97d4-95b1-5e1da43ad61f">
      <Execution id="da371b1b-4095-44c7-abab-dd64d2f90918" />
      <TestMethod codeBase="C:\Users\uslep\source\repos\TasteBudz\tests\TasteBudz.Backend.UnitTests\bin\Debug\net9.0\TasteBudz.Backend.UnitTests.dll" adapterTypeName="executor://xunit/VsTestRunner2/netcoreapp" className="TasteBudz.Backend.UnitTests.Restaurants.RestaurantRecommendationServiceTests" name="GetSuggestionsAsync_WithGroupForNonMember_ReturnsNotFound" />
    </UnitTest>
    <UnitTest name="TasteBudz.Backend.UnitTests.Restaurants.RestaurantRecommendationServiceTests.GetSuggestionsAsync_WithExplicitZipCode_DoesNotOverrideItFromGroupContext" storage="c:\users\uslep\source\repos\tastebudz\tests\tastebudz.backend.unittests\bin\debug\net9.0\tastebudz.backend.unittests.dll" id="450a82dd-8322-f0e4-c562-6b6c6630ff67">
      <Execution id="b9734353-0999-4b8c-9007-0169f5b104e4" />
      <TestMethod codeBase="C:\Users\uslep\source\repos\TasteBudz\tests\TasteBudz.Backend.UnitTests\bin\Debug\net9.0\TasteBudz.Backend.UnitTests.dll" adapterTypeName="executor://xunit/VsTestRunner2/netcoreapp" className="TasteBudz.Backend.UnitTests.Restaurants.RestaurantRecommendationServiceTests" name="GetSuggestionsAsync_WithExplicitZipCode_DoesNotOverrideItFromGroupContext" />
    </UnitTest>
    <UnitTest name="TasteBudz.Backend.UnitTests.Events.EventWorkflowTests.UpdateAsync_WithOutOfRangeCapacity_RejectsRequest(capacity: 9)" storage="c:\users\uslep\source\repos\tastebudz\tests\tastebudz.backend.unittests\bin\debug\net9.0\tastebudz.backend.unittests.dll" id="1a90ce00-8e29-1d6b-c9e8-3c6650d0c574">
      <Execution id="47bcbf0b-ae63-4f0c-8dcb-77c4afe85f53" />
      <TestMethod codeBase="C:\Users\uslep\source\repos\TasteBudz\tests\TasteBudz.Backend.UnitTests\bin\Debug\net9.0\TasteBudz.Backend.UnitTests.dll" adapterTypeName="executor://xunit/VsTestRunner2/netcoreapp" className="TasteBudz.Backend.UnitTests.Events.EventWorkflowTests" name="UpdateAsync_WithOutOfRangeCapacity_RejectsRequest" />
    </UnitTest>
    <UnitTest name="TasteBudz.Backend.UnitTests.Messaging.MessagingServiceTests.SendAsync_EventParticipantCanSendAndReadHistory" storage="c:\users\uslep\source\repos\tastebudz\tests\tastebudz.backend.unittests\bin\debug\net9.0\tastebudz.backend.unittests.dll" id="fb6e606f-73fb-eb23-7de7-0fa0c23c951d">
      <Execution id="82ff924d-7b62-466c-94aa-9718c090327c" />
      <TestMethod codeBase="C:\Users\uslep\source\repos\TasteBudz\tests\TasteBudz.Backend.UnitTests\bin\Debug\net9.0\TasteBudz.Backend.UnitTests.dll" adapterTypeName="executor://xunit/VsTestRunner2/netcoreapp" className="TasteBudz.Backend.UnitTests.Messaging.MessagingServiceTests" name="SendAsync_EventParticipantCanSendAndReadHistory" />
    </UnitTest>
    <UnitTest name="TasteBudz.Backend.UnitTests.Moderation.RestrictionServiceTests.UpdateAsync_RevokeMarksRestrictionRevoked" storage="c:\users\uslep\source\repos\tastebudz\tests\tastebudz.backend.unittests\bin\debug\net9.0\tastebudz.backend.unittests.dll" id="f2e0a215-b204-3f9c-46c5-af1821fff9d7">
      <Execution id="cbab06d0-8099-4fc1-8b1c-0ebbd8f05e1f" />
      <TestMethod codeBase="C:\Users\uslep\source\repos\TasteBudz\tests\TasteBudz.Backend.UnitTests\bin\Debug\net9.0\TasteBudz.Backend.UnitTests.dll" adapterTypeName="executor://xunit/VsTestRunner2/netcoreapp" className="TasteBudz.Backend.UnitTests.Moderation.RestrictionServiceTests" name="UpdateAsync_RevokeMarksRestrictionRevoked" />
    </UnitTest>
    <UnitTest name="TasteBudz.Backend.UnitTests.Profiles.AvailabilityServiceTests.UpsertOneOffAsync_WithUnknownWindowId_ReturnsNotFound" storage="c:\users\uslep\source\repos\tastebudz\tests\tastebudz.backend.unittests\bin\debug\net9.0\tastebudz.backend.unittests.dll" id="36dbdecd-9f88-c402-056f-ae5f6b0b7d42">
      <Execution id="be4c3c4a-4a13-406e-83f0-9ce5ca095b12" />
      <TestMethod codeBase="C:\Users\uslep\source\repos\TasteBudz\tests\TasteBudz.Backend.UnitTests\bin\Debug\net9.0\TasteBudz.Backend.UnitTests.dll" adapterTypeName="executor://xunit/VsTestRunner2/netcoreapp" className="TasteBudz.Backend.UnitTests.Profiles.AvailabilityServiceTests" name="UpsertOneOffAsync_WithUnknownWindowId_ReturnsNotFound" />
    </UnitTest>
    <UnitTest name="TasteBudz.Backend.UnitTests.Events.EventWorkflowTests.JoinOpenEventAsync_WhenRestricted_ReturnsForbidden" storage="c:\users\uslep\source\repos\tastebudz\tests\tastebudz.backend.unittests\bin\debug\net9.0\tastebudz.backend.unittests.dll" id="52014d01-5ed4-c218-9ea1-1497ed7b4e90">
      <Execution id="f7bfb3b6-3b31-46b0-b9ed-1416bc59a3e8" />
      <TestMethod codeBase="C:\Users\uslep\source\repos\TasteBudz\tests\TasteBudz.Backend.UnitTests\bin\Debug\net9.0\TasteBudz.Backend.UnitTests.dll" adapterTypeName="executor://xunit/VsTestRunner2/netcoreapp" className="TasteBudz.Backend.UnitTests.Events.EventWorkflowTests" name="JoinOpenEventAsync_WhenRestricted_ReturnsForbidden" />
    </UnitTest>
    <UnitTest name="TasteBudz.Backend.UnitTests.Events.UserEventQueryServiceTests.ListPendingInvitesForUserAsync_ExcludesInvitesAfterDecisionAt" storage="c:\users\uslep\source\repos\tastebudz\tests\tastebudz.backend.unittests\bin\debug\net9.0\tastebudz.backend.unittests.dll" id="1b642e61-dcb4-f507-0186-31ba9a9c70d5">
      <Execution id="7bb254dc-07dc-40e7-a828-c4308b65e922" />
      <TestMethod codeBase="C:\Users\uslep\source\repos\TasteBudz\tests\TasteBudz.Backend.UnitTests\bin\Debug\net9.0\TasteBudz.Backend.UnitTests.dll" adapterTypeName="executor://xunit/VsTestRunner2/netcoreapp" className="TasteBudz.Backend.UnitTests.Events.UserEventQueryServiceTests" name="ListPendingInvitesForUserAsync_ExcludesInvitesAfterDecisionAt" />
    </UnitTest>
    <UnitTest name="TasteBudz.Backend.UnitTests.Events.EventWorkflowTests.CreateAsync_AutoJoinsHostAndCountsTowardCapacity" storage="c:\users\uslep\source\repos\tastebudz\tests\tastebudz.backend.unittests\bin\debug\net9.0\tastebudz.backend.unittests.dll" id="445c6cd1-519b-7fd9-111a-09719199ac65">
      <Execution id="fdbae758-821c-4217-bf98-9e907c1f09e3" />
      <TestMethod codeBase="C:\Users\uslep\source\repos\TasteBudz\tests\TasteBudz.Backend.UnitTests\bin\Debug\net9.0\TasteBudz.Backend.UnitTests.dll" adapterTypeName="executor://xunit/VsTestRunner2/netcoreapp" className="TasteBudz.Backend.UnitTests.Events.EventWorkflowTests" name="CreateAsync_AutoJoinsHostAndCountsTowardCapacity" />
    </UnitTest>
    <UnitTest name="TasteBudz.Backend.UnitTests.Messaging.MessagingServiceTests.SendAsync_WhenChatSendRestricted_ReturnsForbidden" storage="c:\users\uslep\source\repos\tastebudz\tests\tastebudz.backend.unittests\bin\debug\net9.0\tastebudz.backend.unittests.dll" id="efb6269d-4c41-d1f9-76d8-dc7819874cc4">
      <Execution id="efe57f34-f7de-4ad8-bde0-be12397f81c8" />
      <TestMethod codeBase="C:\Users\uslep\source\repos\TasteBudz\tests\TasteBudz.Backend.UnitTests\bin\Debug\net9.0\TasteBudz.Backend.UnitTests.dll" adapterTypeName="executor://xunit/VsTestRunner2/netcoreapp" className="TasteBudz.Backend.UnitTests.Messaging.MessagingServiceTests" name="SendAsync_WhenChatSendRestricted_ReturnsForbidden" />
    </UnitTest>
    <UnitTest name="TasteBudz.Backend.UnitTests.Profiles.PreferenceServiceTests.GetAsync_WhenNoPreferencesExist_ReturnsEmptyDefaults" storage="c:\users\uslep\source\repos\tastebudz\tests\tastebudz.backend.unittests\bin\debug\net9.0\tastebudz.backend.unittests.dll" id="c22c3e25-225f-35ce-abf0-2f76be6ec1f9">
      <Execution id="04af78bd-4a38-4c9e-8f17-9690b33edbfe" />
      <TestMethod codeBase="C:\Users\uslep\source\repos\TasteBudz\tests\TasteBudz.Backend.UnitTests\bin\Debug\net9.0\TasteBudz.Backend.UnitTests.dll" adapterTypeName="executor://xunit/VsTestRunner2/netcoreapp" className="TasteBudz.Backend.UnitTests.Profiles.PreferenceServiceTests" name="GetAsync_WhenNoPreferencesExist_ReturnsEmptyDefaults" />
    </UnitTest>
    <UnitTest name="TasteBudz.Backend.UnitTests.Events.EventWorkflowTests.JoinOpenEventAsync_LastSeatContentionAllowsOnlyOneWinner" storage="c:\users\uslep\source\repos\tastebudz\tests\tastebudz.backend.unittests\bin\debug\net9.0\tastebudz.backend.unittests.dll" id="e604c6d8-b029-961f-c75f-ee48fb28b686">
      <Execution id="88d8d280-07ef-49dd-b6f1-1d530dc43a5a" />
      <TestMethod codeBase="C:\Users\uslep\source\repos\TasteBudz\tests\TasteBudz.Backend.UnitTests\bin\Debug\net9.0\TasteBudz.Backend.UnitTests.dll" adapterTypeName="executor://xunit/VsTestRunner2/netcoreapp" className="TasteBudz.Backend.UnitTests.Events.EventWorkflowTests" name="JoinOpenEventAsync_LastSeatContentionAllowsOnlyOneWinner" />
    </UnitTest>
    <UnitTest name="TasteBudz.Backend.UnitTests.Restaurants.RestaurantRecommendationServiceTests.GetSuggestionsAsync_WithActiveGroup_UsesOwnerZipCodeWhenQueryZipMissing" storage="c:\users\uslep\source\repos\tastebudz\tests\tastebudz.backend.unittests\bin\debug\net9.0\tastebudz.backend.unittests.dll" id="01c9f94b-6d75-cce3-d929-9549528297fc">
      <Execution id="821588ca-4410-4aa7-8ad8-8ab085a46ab0" />
      <TestMethod codeBase="C:\Users\uslep\source\repos\TasteBudz\tests\TasteBudz.Backend.UnitTests\bin\Debug\net9.0\TasteBudz.Backend.UnitTests.dll" adapterTypeName="executor://xunit/VsTestRunner2/netcoreapp" className="TasteBudz.Backend.UnitTests.Restaurants.RestaurantRecommendationServiceTests" name="GetSuggestionsAsync_WithActiveGroup_UsesOwnerZipCodeWhenQueryZipMissing" />
    </UnitTest>
    <UnitTest name="TasteBudz.Backend.UnitTests.Events.EventWorkflowTests.UpdateAsync_WithOutOfRangeCapacity_RejectsRequest(capacity: 1)" storage="c:\users\uslep\source\repos\tastebudz\tests\tastebudz.backend.unittests\bin\debug\net9.0\tastebudz.backend.unittests.dll" id="1f1d05ff-8715-7150-db2d-a5012a9e5dab">
      <Execution id="64a73491-381a-40c5-8aee-edf3a7c1154b" />
      <TestMethod codeBase="C:\Users\uslep\source\repos\TasteBudz\tests\TasteBudz.Backend.UnitTests\bin\Debug\net9.0\TasteBudz.Backend.UnitTests.dll" adapterTypeName="executor://xunit/VsTestRunner2/netcoreapp" className="TasteBudz.Backend.UnitTests.Events.EventWorkflowTests" name="UpdateAsync_WithOutOfRangeCapacity_RejectsRequest" />
    </UnitTest>
    <UnitTest name="TasteBudz.Backend.UnitTests.Profiles.ProfileServiceTests.UpdateMyProfileAsync_UpdatesUsernameAndProfileFields" storage="c:\users\uslep\source\repos\tastebudz\tests\tastebudz.backend.unittests\bin\debug\net9.0\tastebudz.backend.unittests.dll" id="72709eb7-cbc0-b7fa-f314-9b0bb34aada5">
      <Execution id="88233069-fbf6-424b-8808-90431f7c9178" />
      <TestMethod codeBase="C:\Users\uslep\source\repos\TasteBudz\tests\TasteBudz.Backend.UnitTests\bin\Debug\net9.0\TasteBudz.Backend.UnitTests.dll" adapterTypeName="executor://xunit/VsTestRunner2/netcoreapp" className="TasteBudz.Backend.UnitTests.Profiles.ProfileServiceTests" name="UpdateMyProfileAsync_UpdatesUsernameAndProfileFields" />
    </UnitTest>
    <UnitTest name="TasteBudz.Backend.UnitTests.Groups.GroupServiceTests.GetAsync_ExcludesInactiveMembersFromDetail" storage="c:\users\uslep\source\repos\tastebudz\tests\tastebudz.backend.unittests\bin\debug\net9.0\tastebudz.backend.unittests.dll" id="9948ee53-1c0c-0f65-4cf6-bb2dfa24dbca">
      <Execution id="f7bd6586-12cf-48f0-b32a-28f91c5bf0e3" />
      <TestMethod codeBase="C:\Users\uslep\source\repos\TasteBudz\tests\TasteBudz.Backend.UnitTests\bin\Debug\net9.0\TasteBudz.Backend.UnitTests.dll" adapterTypeName="executor://xunit/VsTestRunner2/netcoreapp" className="TasteBudz.Backend.UnitTests.Groups.GroupServiceTests" name="GetAsync_ExcludesInactiveMembersFromDetail" />
    </UnitTest>
    <UnitTest name="TasteBudz.Backend.UnitTests.Events.EventBrowseServiceTests.BrowseAsync_WhenClosedEventsAreRequested_ReturnsNoItemsBecauseBrowseIsOpenOnly" storage="c:\users\uslep\source\repos\tastebudz\tests\tastebudz.backend.unittests\bin\debug\net9.0\tastebudz.backend.unittests.dll" id="9289b48c-383d-bc3c-9de5-ccc205bfd6b0">
      <Execution id="ef026c52-b76d-4ccf-b09e-1ecd834bbec0" />
      <TestMethod codeBase="C:\Users\uslep\source\repos\TasteBudz\tests\TasteBudz.Backend.UnitTests\bin\Debug\net9.0\TasteBudz.Backend.UnitTests.dll" adapterTypeName="executor://xunit/VsTestRunner2/netcoreapp" className="TasteBudz.Backend.UnitTests.Events.EventBrowseServiceTests" name="BrowseAsync_WhenClosedEventsAreRequested_ReturnsNoItemsBecauseBrowseIsOpenOnly" />
    </UnitTest>
    <UnitTest name="TasteBudz.Backend.UnitTests.Events.EventWorkflowTests.CreateAsync_WithBlockedInvitee_ReturnsForbidden" storage="c:\users\uslep\source\repos\tastebudz\tests\tastebudz.backend.unittests\bin\debug\net9.0\tastebudz.backend.unittests.dll" id="d279f340-1412-d644-96fd-ab8b51021d7c">
      <Execution id="4b14d6ce-c9b2-4abf-92e5-a9e0e6892b2a" />
      <TestMethod codeBase="C:\Users\uslep\source\repos\TasteBudz\tests\TasteBudz.Backend.UnitTests\bin\Debug\net9.0\TasteBudz.Backend.UnitTests.dll" adapterTypeName="executor://xunit/VsTestRunner2/netcoreapp" className="TasteBudz.Backend.UnitTests.Events.EventWorkflowTests" name="CreateAsync_WithBlockedInvitee_ReturnsForbidden" />
    </UnitTest>
    <UnitTest name="TasteBudz.Backend.UnitTests.Discovery.DiscoveryServiceTests.RecordSwipeAsync_ReciprocalLikeCreatesBudAndNotifications" storage="c:\users\uslep\source\repos\tastebudz\tests\tastebudz.backend.unittests\bin\debug\net9.0\tastebudz.backend.unittests.dll" id="eb976e69-a7b2-0079-0d07-94ceb04c0534">
      <Execution id="ce1a39ed-2f3e-408a-8c16-96ebcdc9f9c1" />
      <TestMethod codeBase="C:\Users\uslep\source\repos\TasteBudz\tests\TasteBudz.Backend.UnitTests\bin\Debug\net9.0\TasteBudz.Backend.UnitTests.dll" adapterTypeName="executor://xunit/VsTestRunner2/netcoreapp" className="TasteBudz.Backend.UnitTests.Discovery.DiscoveryServiceTests" name="RecordSwipeAsync_ReciprocalLikeCreatesBudAndNotifications" />
    </UnitTest>
    <UnitTest name="TasteBudz.Backend.UnitTests.Discovery.DiscoveryServiceTests.GetSwipeCandidatesAsync_PaginatesDeterministicallyAndKeepsTotalCount" storage="c:\users\uslep\source\repos\tastebudz\tests\tastebudz.backend.unittests\bin\debug\net9.0\tastebudz.backend.unittests.dll" id="aaa88f93-5390-a76b-7164-46a8364eace7">
      <Execution id="6eafa275-b13b-448f-a108-b5f5c368fda9" />
      <TestMethod codeBase="C:\Users\uslep\source\repos\TasteBudz\tests\TasteBudz.Backend.UnitTests\bin\Debug\net9.0\TasteBudz.Backend.UnitTests.dll" adapterTypeName="executor://xunit/VsTestRunner2/netcoreapp" className="TasteBudz.Backend.UnitTests.Discovery.DiscoveryServiceTests" name="GetSwipeCandidatesAsync_PaginatesDeterministicallyAndKeepsTotalCount" />
    </UnitTest>
    <UnitTest name="TasteBudz.Backend.UnitTests.Groups.GroupServiceTests.CreateAsync_AutoCreatesOwnerMembership" storage="c:\users\uslep\source\repos\tastebudz\tests\tastebudz.backend.unittests\bin\debug\net9.0\tastebudz.backend.unittests.dll" id="09477852-98ad-7264-8ead-15e5c0dc7a18">
      <Execution id="dd8e9e61-cc08-45e5-88ec-20c06487d9c1" />
      <TestMethod codeBase="C:\Users\uslep\source\repos\TasteBudz\tests\TasteBudz.Backend.UnitTests\bin\Debug\net9.0\TasteBudz.Backend.UnitTests.dll" adapterTypeName="executor://xunit/VsTestRunner2/netcoreapp" className="TasteBudz.Backend.UnitTests.Groups.GroupServiceTests" name="CreateAsync_AutoCreatesOwnerMembership" />
    </UnitTest>
    <UnitTest name="TasteBudz.Backend.UnitTests.Discovery.DiscoveryServiceTests.SearchAsync_FiltersPrivacyBlocksAndDiscoveryRestrictions" storage="c:\users\uslep\source\repos\tastebudz\tests\tastebudz.backend.unittests\bin\debug\net9.0\tastebudz.backend.unittests.dll" id="7a634c11-0f86-1324-481b-052e77087710">
      <Execution id="307cd17c-5c43-47e8-a1a1-9c92430f7393" />
      <TestMethod codeBase="C:\Users\uslep\source\repos\TasteBudz\tests\TasteBudz.Backend.UnitTests\bin\Debug\net9.0\TasteBudz.Backend.UnitTests.dll" adapterTypeName="executor://xunit/VsTestRunner2/netcoreapp" className="TasteBudz.Backend.UnitTests.Discovery.DiscoveryServiceTests" name="SearchAsync_FiltersPrivacyBlocksAndDiscoveryRestrictions" />
    </UnitTest>
    <UnitTest name="TasteBudz.Backend.UnitTests.Auth.AuthServiceTests.RegisterAsync_CreatesSessionAndDefaultProfileState" storage="c:\users\uslep\source\repos\tastebudz\tests\tastebudz.backend.unittests\bin\debug\net9.0\tastebudz.backend.unittests.dll" id="5feefae8-0022-dcbc-e4e4-4d8b848cfda4">
      <Execution id="934994ef-2509-4ab9-9b50-614ca3485e33" />
      <TestMethod codeBase="C:\Users\uslep\source\repos\TasteBudz\tests\TasteBudz.Backend.UnitTests\bin\Debug\net9.0\TasteBudz.Backend.UnitTests.dll" adapterTypeName="executor://xunit/VsTestRunner2/netcoreapp" className="TasteBudz.Backend.UnitTests.Auth.AuthServiceTests" name="RegisterAsync_CreatesSessionAndDefaultProfileState" />
    </UnitTest>
    <UnitTest name="TasteBudz.Backend.UnitTests.Events.EventWorkflowTests.UpdateMyParticipationAsync_ClosedInviteAcceptFailsWhenEventIsAlreadyFull" storage="c:\users\uslep\source\repos\tastebudz\tests\tastebudz.backend.unittests\bin\debug\net9.0\tastebudz.backend.unittests.dll" id="8528512d-1da4-33b1-e632-6e2159a7742c">
      <Execution id="98276917-5ff9-46ba-934f-0a08fd795bf3" />
      <TestMethod codeBase="C:\Users\uslep\source\repos\TasteBudz\tests\TasteBudz.Backend.UnitTests\bin\Debug\net9.0\TasteBudz.Backend.UnitTests.dll" adapterTypeName="executor://xunit/VsTestRunner2/netcoreapp" className="TasteBudz.Backend.UnitTests.Events.EventWorkflowTests" name="UpdateMyParticipationAsync_ClosedInviteAcceptFailsWhenEventIsAlreadyFull" />
    </UnitTest>
    <UnitTest name="TasteBudz.Backend.UnitTests.Events.EventWorkflowTests.RemoveParticipantAsync_ModeratorCanRemoveAfterDecisionAt" storage="c:\users\uslep\source\repos\tastebudz\tests\tastebudz.backend.unittests\bin\debug\net9.0\tastebudz.backend.unittests.dll" id="efc47e06-1b22-55e6-c26b-ac9822a28332">
      <Execution id="a94c68b8-b1a7-4971-b526-e13dc54651c8" />
      <TestMethod codeBase="C:\Users\uslep\source\repos\TasteBudz\tests\TasteBudz.Backend.UnitTests\bin\Debug\net9.0\TasteBudz.Backend.UnitTests.dll" adapterTypeName="executor://xunit/VsTestRunner2/netcoreapp" className="TasteBudz.Backend.UnitTests.Events.EventWorkflowTests" name="RemoveParticipantAsync_ModeratorCanRemoveAfterDecisionAt" />
    </UnitTest>
    <UnitTest name="TasteBudz.Backend.UnitTests.Groups.GroupServiceTests.JoinAsync_PublicGroupActivatesMembership" storage="c:\users\uslep\source\repos\tastebudz\tests\tastebudz.backend.unittests\bin\debug\net9.0\tastebudz.backend.unittests.dll" id="411f42b2-cd81-3299-e752-d61225a263bf">
      <Execution id="ad0b0ddc-c97b-4442-9e91-d14f19d45dce" />
      <TestMethod codeBase="C:\Users\uslep\source\repos\TasteBudz\tests\TasteBudz.Backend.UnitTests\bin\Debug\net9.0\TasteBudz.Backend.UnitTests.dll" adapterTypeName="executor://xunit/VsTestRunner2/netcoreapp" className="TasteBudz.Backend.UnitTests.Groups.GroupServiceTests" name="JoinAsync_PublicGroupActivatesMembership" />
    </UnitTest>
    <UnitTest name="TasteBudz.Backend.UnitTests.Events.EventBrowseServiceTests.BrowseAsync_DistanceFilterFallsBackToHostZipForCuisineTargetedEvents" storage="c:\users\uslep\source\repos\tastebudz\tests\tastebudz.backend.unittests\bin\debug\net9.0\tastebudz.backend.unittests.dll" id="983e6878-21e5-8be6-358b-27b7205a15bc">
      <Execution id="72ed4f6d-857e-4a14-a3e3-3f7a3c291a4f" />
      <TestMethod codeBase="C:\Users\uslep\source\repos\TasteBudz\tests\TasteBudz.Backend.UnitTests\bin\Debug\net9.0\TasteBudz.Backend.UnitTests.dll" adapterTypeName="executor://xunit/VsTestRunner2/netcoreapp" className="TasteBudz.Backend.UnitTests.Events.EventBrowseServiceTests" name="BrowseAsync_DistanceFilterFallsBackToHostZipForCuisineTargetedEvents" />
    </UnitTest>
    <UnitTest name="TasteBudz.Backend.UnitTests.Profiles.AvailabilityServiceTests.UpsertRecurringAsync_WithUnknownWindowId_ReturnsNotFound" storage="c:\users\uslep\source\repos\tastebudz\tests\tastebudz.backend.unittests\bin\debug\net9.0\tastebudz.backend.unittests.dll" id="3927bfa3-2937-6164-1a66-ba776b3d314d">
      <Execution id="c915782b-c9fd-498a-acc1-94934deb0509" />
      <TestMethod codeBase="C:\Users\uslep\source\repos\TasteBudz\tests\TasteBudz.Backend.UnitTests\bin\Debug\net9.0\TasteBudz.Backend.UnitTests.dll" adapterTypeName="executor://xunit/VsTestRunner2/netcoreapp" className="TasteBudz.Backend.UnitTests.Profiles.AvailabilityServiceTests" name="UpsertRecurringAsync_WithUnknownWindowId_ReturnsNotFound" />
    </UnitTest>
    <UnitTest name="TasteBudz.Backend.UnitTests.Shared.Pbkdf2PasswordHasherTests.HashPassword_ProducesVerifiableHash" storage="c:\users\uslep\source\repos\tastebudz\tests\tastebudz.backend.unittests\bin\debug\net9.0\tastebudz.backend.unittests.dll" id="935fcf25-2648-63af-dbb5-3ea29d81ef4b">
      <Execution id="1bfc623f-9d8d-441f-8d38-febebe08a2e5" />
      <TestMethod codeBase="C:\Users\uslep\source\repos\TasteBudz\tests\TasteBudz.Backend.UnitTests\bin\Debug\net9.0\TasteBudz.Backend.UnitTests.dll" adapterTypeName="executor://xunit/VsTestRunner2/netcoreapp" className="TasteBudz.Backend.UnitTests.Shared.Pbkdf2PasswordHasherTests" name="HashPassword_ProducesVerifiableHash" />
    </UnitTest>
    <UnitTest name="TasteBudz.Backend.UnitTests.Events.UserEventQueryServiceTests.ListActiveForUserAsync_SynchronizesBeforeApplyingActiveFilter" storage="c:\users\uslep\source\repos\tastebudz\tests\tastebudz.backend.unittests\bin\debug\net9.0\tastebudz.backend.unittests.dll" id="57a8f03c-dadf-87ac-3070-2e88fa4dbd05">
      <Execution id="d0299f21-50a2-4ab3-b13a-47b8310951ea" />
      <TestMethod codeBase="C:\Users\uslep\source\repos\TasteBudz\tests\TasteBudz.Backend.UnitTests\bin\Debug\net9.0\TasteBudz.Backend.UnitTests.dll" adapterTypeName="executor://xunit/VsTestRunner2/netcoreapp" className="TasteBudz.Backend.UnitTests.Events.UserEventQueryServiceTests" name="ListActiveForUserAsync_SynchronizesBeforeApplyingActiveFilter" />
    </UnitTest>
    <UnitTest name="TasteBudz.Backend.UnitTests.Events.EventWorkflowTests.CreateAsync_WithNonMemberGroupLink_ReturnsForbidden" storage="c:\users\uslep\source\repos\tastebudz\tests\tastebudz.backend.unittests\bin\debug\net9.0\tastebudz.backend.unittests.dll" id="43435e15-67ac-dd5f-7467-8b493831e941">
      <Execution id="c683e1c5-2cec-4ec7-bcc8-1b6ea03dea3b" />
      <TestMethod codeBase="C:\Users\uslep\source\repos\TasteBudz\tests\TasteBudz.Backend.UnitTests\bin\Debug\net9.0\TasteBudz.Backend.UnitTests.dll" adapterTypeName="executor://xunit/VsTestRunner2/netcoreapp" className="TasteBudz.Backend.UnitTests.Events.EventWorkflowTests" name="CreateAsync_WithNonMemberGroupLink_ReturnsForbidden" />
    </UnitTest>
    <UnitTest name="TasteBudz.Backend.UnitTests.Events.EventBrowseServiceTests.BrowseAsync_AvailabilityOnlyMatchesRecurringAndOneOffWindows" storage="c:\users\uslep\source\repos\tastebudz\tests\tastebudz.backend.unittests\bin\debug\net9.0\tastebudz.backend.unittests.dll" id="e952a8f7-fc63-56a2-98c4-a89da9db6dc7">
      <Execution id="1c5186f5-02b9-46ab-88b4-1f00fff4d2b7" />
      <TestMethod codeBase="C:\Users\uslep\source\repos\TasteBudz\tests\TasteBudz.Backend.UnitTests\bin\Debug\net9.0\TasteBudz.Backend.UnitTests.dll" adapterTypeName="executor://xunit/VsTestRunner2/netcoreapp" className="TasteBudz.Backend.UnitTests.Events.EventBrowseServiceTests" name="BrowseAsync_AvailabilityOnlyMatchesRecurringAndOneOffWindows" />
    </UnitTest>
    <UnitTest name="TasteBudz.Backend.UnitTests.Events.EventBrowseServiceTests.BrowseAsync_AppliesGroupStatusAndDateRangeFiltersWithDeterministicOrdering" storage="c:\users\uslep\source\repos\tastebudz\tests\tastebudz.backend.unittests\bin\debug\net9.0\tastebudz.backend.unittests.dll" id="f9ab8a62-33f0-3baf-fabb-0156f4a52e6e">
      <Execution id="d37c8f8a-a690-4b99-b638-3e3a357936b0" />
      <TestMethod codeBase="C:\Users\uslep\source\repos\TasteBudz\tests\TasteBudz.Backend.UnitTests\bin\Debug\net9.0\TasteBudz.Backend.UnitTests.dll" adapterTypeName="executor://xunit/VsTestRunner2/netcoreapp" className="TasteBudz.Backend.UnitTests.Events.EventBrowseServiceTests" name="BrowseAsync_AppliesGroupStatusAndDateRangeFiltersWithDeterministicOrdering" />
    </UnitTest>
    <UnitTest name="TasteBudz.Backend.UnitTests.Restaurants.RestaurantRecommendationServiceTests.GetSuggestionsAsync_WithInactiveGroup_ReturnsConflict" storage="c:\users\uslep\source\repos\tastebudz\tests\tastebudz.backend.unittests\bin\debug\net9.0\tastebudz.backend.unittests.dll" id="14db30f6-4047-415a-f622-a3d67cbf4a04">
      <Execution id="3d560b91-f5fa-4112-9a06-655192276c6d" />
      <TestMethod codeBase="C:\Users\uslep\source\repos\TasteBudz\tests\TasteBudz.Backend.UnitTests\bin\Debug\net9.0\TasteBudz.Backend.UnitTests.dll" adapterTypeName="executor://xunit/VsTestRunner2/netcoreapp" className="TasteBudz.Backend.UnitTests.Restaurants.RestaurantRecommendationServiceTests" name="GetSuggestionsAsync_WithInactiveGroup_ReturnsConflict" />
    </UnitTest>
    <UnitTest name="TasteBudz.Backend.UnitTests.Discovery.DiscoveryServiceTests.GetSwipeCandidatesAsync_ExcludesConnectedBudzAndFilteredUsers" storage="c:\users\uslep\source\repos\tastebudz\tests\tastebudz.backend.unittests\bin\debug\net9.0\tastebudz.backend.unittests.dll" id="380c90a1-7c40-5bf9-abbe-bf1b5e9a4eb5">
      <Execution id="de3d5a0d-72ff-4bee-8d63-42d012a13b64" />
      <TestMethod codeBase="C:\Users\uslep\source\repos\TasteBudz\tests\TasteBudz.Backend.UnitTests\bin\Debug\net9.0\TasteBudz.Backend.UnitTests.dll" adapterTypeName="executor://xunit/VsTestRunner2/netcoreapp" className="TasteBudz.Backend.UnitTests.Discovery.DiscoveryServiceTests" name="GetSwipeCandidatesAsync_ExcludesConnectedBudzAndFilteredUsers" />
    </UnitTest>
    <UnitTest name="TasteBudz.Backend.UnitTests.Restaurants.RestaurantRecommendationServiceTests.GetSuggestionsAsync_WithClosedEventForNonParticipant_ReturnsNotFound" storage="c:\users\uslep\source\repos\tastebudz\tests\tastebudz.backend.unittests\bin\debug\net9.0\tastebudz.backend.unittests.dll" id="899e58aa-386f-ba41-2783-04c246ebcf3e">
      <Execution id="4e5aac98-7e1f-4112-a520-0a77d6a29d8f" />
      <TestMethod codeBase="C:\Users\uslep\source\repos\TasteBudz\tests\TasteBudz.Backend.UnitTests\bin\Debug\net9.0\TasteBudz.Backend.UnitTests.dll" adapterTypeName="executor://xunit/VsTestRunner2/netcoreapp" className="TasteBudz.Backend.UnitTests.Restaurants.RestaurantRecommendationServiceTests" name="GetSuggestionsAsync_WithClosedEventForNonParticipant_ReturnsNotFound" />
    </UnitTest>
    <UnitTest name="TasteBudz.Backend.UnitTests.Events.EventWorkflowTests.CreateAsync_WithNonOwnerGroupLink_ReturnsForbidden" storage="c:\users\uslep\source\repos\tastebudz\tests\tastebudz.backend.unittests\bin\debug\net9.0\tastebudz.backend.unittests.dll" id="1acfa6e1-719e-7222-1917-b6a4d4e59b6e">
      <Execution id="1027a306-9dc1-4115-a463-9dbcae298271" />
      <TestMethod codeBase="C:\Users\uslep\source\repos\TasteBudz\tests\TasteBudz.Backend.UnitTests\bin\Debug\net9.0\TasteBudz.Backend.UnitTests.dll" adapterTypeName="executor://xunit/VsTestRunner2/netcoreapp" className="TasteBudz.Backend.UnitTests.Events.EventWorkflowTests" name="CreateAsync_WithNonOwnerGroupLink_ReturnsForbidden" />
    </UnitTest>
    <UnitTest name="TasteBudz.Backend.UnitTests.Groups.GroupServiceTests.LeaveAsync_OwnerIsRejected" storage="c:\users\uslep\source\repos\tastebudz\tests\tastebudz.backend.unittests\bin\debug\net9.0\tastebudz.backend.unittests.dll" id="c7052e8e-91f0-8b15-e0e6-af7212c165b0">
      <Execution id="4332897f-8e1d-41d0-bd2f-c8d137aab6e2" />
      <TestMethod codeBase="C:\Users\uslep\source\repos\TasteBudz\tests\TasteBudz.Backend.UnitTests\bin\Debug\net9.0\TasteBudz.Backend.UnitTests.dll" adapterTypeName="executor://xunit/VsTestRunner2/netcoreapp" className="TasteBudz.Backend.UnitTests.Groups.GroupServiceTests" name="LeaveAsync_OwnerIsRejected" />
    </UnitTest>
    <UnitTest name="TasteBudz.Backend.UnitTests.Auth.AuthServiceTests.RefreshAsync_RotatesRefreshToken" storage="c:\users\uslep\source\repos\tastebudz\tests\tastebudz.backend.unittests\bin\debug\net9.0\tastebudz.backend.unittests.dll" id="27684b40-19fc-72b6-322a-9a26eaf4c594">
      <Execution id="dfca037c-9fb0-49ca-b752-96e0b9776a8a" />
      <TestMethod codeBase="C:\Users\uslep\source\repos\TasteBudz\tests\TasteBudz.Backend.UnitTests\bin\Debug\net9.0\TasteBudz.Backend.UnitTests.dll" adapterTypeName="executor://xunit/VsTestRunner2/netcoreapp" className="TasteBudz.Backend.UnitTests.Auth.AuthServiceTests" name="RefreshAsync_RotatesRefreshToken" />
    </UnitTest>
  </TestDefinitions>
  <TestEntries>
    <TestEntry testId="52014d01-5ed4-c218-9ea1-1497ed7b4e90" executionId="f7bfb3b6-3b31-46b0-b9ed-1416bc59a3e8" testListId="8c84fa94-04c1-424b-9868-57a2d4851a1d" />
    <TestEntry testId="9289b48c-383d-bc3c-9de5-ccc205bfd6b0" executionId="ef026c52-b76d-4ccf-b09e-1ecd834bbec0" testListId="8c84fa94-04c1-424b-9868-57a2d4851a1d" />
    <TestEntry testId="983e6878-21e5-8be6-358b-27b7205a15bc" executionId="72ed4f6d-857e-4a14-a3e3-3f7a3c291a4f" testListId="8c84fa94-04c1-424b-9868-57a2d4851a1d" />
    <TestEntry testId="72709eb7-cbc0-b7fa-f314-9b0bb34aada5" executionId="88233069-fbf6-424b-8808-90431f7c9178" testListId="8c84fa94-04c1-424b-9868-57a2d4851a1d" />
    <TestEntry testId="8528512d-1da4-33b1-e632-6e2159a7742c" executionId="98276917-5ff9-46ba-934f-0a08fd795bf3" testListId="8c84fa94-04c1-424b-9868-57a2d4851a1d" />
    <TestEntry testId="1acfa6e1-719e-7222-1917-b6a4d4e59b6e" executionId="1027a306-9dc1-4115-a463-9dbcae298271" testListId="8c84fa94-04c1-424b-9868-57a2d4851a1d" />
    <TestEntry testId="43435e15-67ac-dd5f-7467-8b493831e941" executionId="c683e1c5-2cec-4ec7-bcc8-1b6ea03dea3b" testListId="8c84fa94-04c1-424b-9868-57a2d4851a1d" />
    <TestEntry testId="09477852-98ad-7264-8ead-15e5c0dc7a18" executionId="dd8e9e61-cc08-45e5-88ec-20c06487d9c1" testListId="8c84fa94-04c1-424b-9868-57a2d4851a1d" />
    <TestEntry testId="380c90a1-7c40-5bf9-abbe-bf1b5e9a4eb5" executionId="de3d5a0d-72ff-4bee-8d63-42d012a13b64" testListId="8c84fa94-04c1-424b-9868-57a2d4851a1d" />
    <TestEntry testId="36dbdecd-9f88-c402-056f-ae5f6b0b7d42" executionId="be4c3c4a-4a13-406e-83f0-9ce5ca095b12" testListId="8c84fa94-04c1-424b-9868-57a2d4851a1d" />
    <TestEntry testId="d279f340-1412-d644-96fd-ab8b51021d7c" executionId="4b14d6ce-c9b2-4abf-92e5-a9e0e6892b2a" testListId="8c84fa94-04c1-424b-9868-57a2d4851a1d" />
    <TestEntry testId="6e13cb39-9d4a-0de6-eacc-2d6c701eb6e9" executionId="6d953637-7b35-482f-8d1a-700f7c9a8a7a" testListId="8c84fa94-04c1-424b-9868-57a2d4851a1d" />
    <TestEntry testId="e952a8f7-fc63-56a2-98c4-a89da9db6dc7" executionId="1c5186f5-02b9-46ab-88b4-1f00fff4d2b7" testListId="8c84fa94-04c1-424b-9868-57a2d4851a1d" />
    <TestEntry testId="eb976e69-a7b2-0079-0d07-94ceb04c0534" executionId="ce1a39ed-2f3e-408a-8c16-96ebcdc9f9c1" testListId="8c84fa94-04c1-424b-9868-57a2d4851a1d" />
    <TestEntry testId="16ef6283-86f4-ab43-ce32-0ab8298804d2" executionId="db9cafbe-96a4-4acc-b6c9-7c6ed0c2baa1" testListId="8c84fa94-04c1-424b-9868-57a2d4851a1d" />
    <TestEntry testId="411f42b2-cd81-3299-e752-d61225a263bf" executionId="ad0b0ddc-c97b-4442-9e91-d14f19d45dce" testListId="8c84fa94-04c1-424b-9868-57a2d4851a1d" />
    <TestEntry testId="aaa88f93-5390-a76b-7164-46a8364eace7" executionId="6eafa275-b13b-448f-a108-b5f5c368fda9" testListId="8c84fa94-04c1-424b-9868-57a2d4851a1d" />
    <TestEntry testId="899e58aa-386f-ba41-2783-04c246ebcf3e" executionId="4e5aac98-7e1f-4112-a520-0a77d6a29d8f" testListId="8c84fa94-04c1-424b-9868-57a2d4851a1d" />
    <TestEntry testId="fb6e606f-73fb-eb23-7de7-0fa0c23c951d" executionId="82ff924d-7b62-466c-94aa-9718c090327c" testListId="8c84fa94-04c1-424b-9868-57a2d4851a1d" />
    <TestEntry testId="fdcd8144-e612-d5d1-b6dd-0207e603a067" executionId="5ea40e4d-1a2f-4c3f-b076-2630c151ddea" testListId="8c84fa94-04c1-424b-9868-57a2d4851a1d" />
    <TestEntry testId="1ec3a932-facd-96de-99d9-3e719d978c5a" executionId="56c6f92c-710c-4085-8845-80a391ce47a1" testListId="8c84fa94-04c1-424b-9868-57a2d4851a1d" />
    <TestEntry testId="f9ab8a62-33f0-3baf-fabb-0156f4a52e6e" executionId="d37c8f8a-a690-4b99-b638-3e3a357936b0" testListId="8c84fa94-04c1-424b-9868-57a2d4851a1d" />
    <TestEntry testId="01c9f94b-6d75-cce3-d929-9549528297fc" executionId="821588ca-4410-4aa7-8ad8-8ab085a46ab0" testListId="8c84fa94-04c1-424b-9868-57a2d4851a1d" />
    <TestEntry testId="c22c3e25-225f-35ce-abf0-2f76be6ec1f9" executionId="04af78bd-4a38-4c9e-8f17-9690b33edbfe" testListId="8c84fa94-04c1-424b-9868-57a2d4851a1d" />
    <TestEntry testId="5725e126-05e2-f7fe-d2b6-8aa74fe7b0d8" executionId="0b3e724d-2610-4ffa-b1e7-4df2ff6c18e1" testListId="8c84fa94-04c1-424b-9868-57a2d4851a1d" />
    <TestEntry testId="1b642e61-dcb4-f507-0186-31ba9a9c70d5" executionId="7bb254dc-07dc-40e7-a828-c4308b65e922" testListId="8c84fa94-04c1-424b-9868-57a2d4851a1d" />
    <TestEntry testId="4afd55d2-5f46-099e-22cb-94477ff2eea9" executionId="e79b6a45-d234-4b1c-8dc0-3158f753c961" testListId="8c84fa94-04c1-424b-9868-57a2d4851a1d" />
    <TestEntry testId="efb6269d-4c41-d1f9-76d8-dc7819874cc4" executionId="efe57f34-f7de-4ad8-bde0-be12397f81c8" testListId="8c84fa94-04c1-424b-9868-57a2d4851a1d" />
    <TestEntry testId="e251669a-708d-59bb-6ce3-039b7da6474c" executionId="de40b836-5499-4927-9947-5a4c9457f68a" testListId="8c84fa94-04c1-424b-9868-57a2d4851a1d" />
    <TestEntry testId="f32e8577-584a-a916-4bac-3425b0aa5558" executionId="9753da89-30e9-4a96-a0e7-36e84b1773e9" testListId="8c84fa94-04c1-424b-9868-57a2d4851a1d" />
    <TestEntry testId="2c4f1507-aa7f-97d4-95b1-5e1da43ad61f" executionId="da371b1b-4095-44c7-abab-dd64d2f90918" testListId="8c84fa94-04c1-424b-9868-57a2d4851a1d" />
    <TestEntry testId="e604c6d8-b029-961f-c75f-ee48fb28b686" executionId="88d8d280-07ef-49dd-b6f1-1d530dc43a5a" testListId="8c84fa94-04c1-424b-9868-57a2d4851a1d" />
    <TestEntry testId="27684b40-19fc-72b6-322a-9a26eaf4c594" executionId="dfca037c-9fb0-49ca-b752-96e0b9776a8a" testListId="8c84fa94-04c1-424b-9868-57a2d4851a1d" />
    <TestEntry testId="450a82dd-8322-f0e4-c562-6b6c6630ff67" executionId="b9734353-0999-4b8c-9007-0169f5b104e4" testListId="8c84fa94-04c1-424b-9868-57a2d4851a1d" />
    <TestEntry testId="58af9c0b-daf4-c52b-9fd0-4e2441c0f2f7" executionId="d57943a4-3cc8-410b-9113-da06d0147a2f" testListId="8c84fa94-04c1-424b-9868-57a2d4851a1d" />
    <TestEntry testId="efc47e06-1b22-55e6-c26b-ac9822a28332" executionId="a94c68b8-b1a7-4971-b526-e13dc54651c8" testListId="8c84fa94-04c1-424b-9868-57a2d4851a1d" />
    <TestEntry testId="1f1d05ff-8715-7150-db2d-a5012a9e5dab" executionId="64a73491-381a-40c5-8aee-edf3a7c1154b" testListId="8c84fa94-04c1-424b-9868-57a2d4851a1d" />
    <TestEntry testId="8e6cfbcb-f342-7ba6-e106-76482bd6b29c" executionId="206dd267-2dc1-4fe4-955a-6d7fe3e182f1" testListId="8c84fa94-04c1-424b-9868-57a2d4851a1d" />
    <TestEntry testId="9948ee53-1c0c-0f65-4cf6-bb2dfa24dbca" executionId="f7bd6586-12cf-48f0-b32a-28f91c5bf0e3" testListId="8c84fa94-04c1-424b-9868-57a2d4851a1d" />
    <TestEntry testId="c7052e8e-91f0-8b15-e0e6-af7212c165b0" executionId="4332897f-8e1d-41d0-bd2f-c8d137aab6e2" testListId="8c84fa94-04c1-424b-9868-57a2d4851a1d" />
    <TestEntry testId="935fcf25-2648-63af-dbb5-3ea29d81ef4b" executionId="1bfc623f-9d8d-441f-8d38-febebe08a2e5" testListId="8c84fa94-04c1-424b-9868-57a2d4851a1d" />
    <TestEntry testId="b1935a7a-6d3f-3697-3be2-3389c078d95a" executionId="a78d8945-0c45-49d3-94df-e475b5e9e103" testListId="8c84fa94-04c1-424b-9868-57a2d4851a1d" />
    <TestEntry testId="f2e0a215-b204-3f9c-46c5-af1821fff9d7" executionId="cbab06d0-8099-4fc1-8b1c-0ebbd8f05e1f" testListId="8c84fa94-04c1-424b-9868-57a2d4851a1d" />
    <TestEntry testId="c114f199-8179-0563-972c-5009fc527714" executionId="1cca6543-9594-41e3-9762-9d6b2148866b" testListId="8c84fa94-04c1-424b-9868-57a2d4851a1d" />
    <TestEntry testId="a1dabb83-cbf4-2773-d872-1d63608e6085" executionId="1e005141-caf1-4e29-8050-07c475756e3a" testListId="8c84fa94-04c1-424b-9868-57a2d4851a1d" />
    <TestEntry testId="57a8f03c-dadf-87ac-3070-2e88fa4dbd05" executionId="d0299f21-50a2-4ab3-b13a-47b8310951ea" testListId="8c84fa94-04c1-424b-9868-57a2d4851a1d" />
    <TestEntry testId="7a634c11-0f86-1324-481b-052e77087710" executionId="307cd17c-5c43-47e8-a1a1-9c92430f7393" testListId="8c84fa94-04c1-424b-9868-57a2d4851a1d" />
    <TestEntry testId="5feefae8-0022-dcbc-e4e4-4d8b848cfda4" executionId="934994ef-2509-4ab9-9b50-614ca3485e33" testListId="8c84fa94-04c1-424b-9868-57a2d4851a1d" />
    <TestEntry testId="3927bfa3-2937-6164-1a66-ba776b3d314d" executionId="c915782b-c9fd-498a-acc1-94934deb0509" testListId="8c84fa94-04c1-424b-9868-57a2d4851a1d" />
    <TestEntry testId="1a90ce00-8e29-1d6b-c9e8-3c6650d0c574" executionId="47bcbf0b-ae63-4f0c-8dcb-77c4afe85f53" testListId="8c84fa94-04c1-424b-9868-57a2d4851a1d" />
    <TestEntry testId="445c6cd1-519b-7fd9-111a-09719199ac65" executionId="fdbae758-821c-4217-bf98-9e907c1f09e3" testListId="8c84fa94-04c1-424b-9868-57a2d4851a1d" />
    <TestEntry testId="95501110-80a1-1caf-0c3e-06b9555f8e94" executionId="fad0da50-7672-424d-886c-e42a8877a351" testListId="8c84fa94-04c1-424b-9868-57a2d4851a1d" />
    <TestEntry testId="14db30f6-4047-415a-f622-a3d67cbf4a04" executionId="3d560b91-f5fa-4112-9a06-655192276c6d" testListId="8c84fa94-04c1-424b-9868-57a2d4851a1d" />
  </TestEntries>
  <TestLists>
    <TestList name="Results Not in a List" id="8c84fa94-04c1-424b-9868-57a2d4851a1d" />
    <TestList name="All Loaded Results" id="19431567-8539-422a-85d7-44ee4e166bda" />
  </TestLists>
  <ResultSummary outcome="Completed">
    <Counters total="53" executed="53" passed="53" failed="0" error="0" timeout="0" aborted="0" inconclusive="0" passedButRunAborted="0" notRunnable="0" notExecuted="0" disconnected="0" warning="0" completed="0" inProgress="0" pending="0" />
    <Output>
      <StdOut>[xUnit.net 00:00:00.00] xUnit.net VSTest Adapter v2.8.2+699d445a1a (64-bit .NET 9.0.14)&#xD;
[xUnit.net 00:00:01.77]   Discovering: TasteBudz.Backend.UnitTests&#xD;
[xUnit.net 00:00:01.80]   Discovered:  TasteBudz.Backend.UnitTests&#xD;
[xUnit.net 00:00:01.80]   Starting:    TasteBudz.Backend.UnitTests&#xD;
[xUnit.net 00:00:02.42]   Finished:    TasteBudz.Backend.UnitTests&#xD;
</StdOut>
    </Output>
    <CollectorDataEntries>
      <Collector agentName="YOBANOUT" uri="datacollector://microsoft/CoverletCodeCoverage/1.0" collectorDisplayName="XPlat code coverage">
        <UriAttachments>
          <UriAttachment>
            <A href="YOBANOUT\coverage.cobertura.xml"></A>
          </UriAttachment>
        </UriAttachments>
      </Collector>
    </CollectorDataEntries>
  </ResultSummary>
</TestRun>