<?xml version="1.0" encoding="utf-8"?>
<TestRun id="fdcc2bc9-2eac-4cdc-b93e-19d7704ef759" name="uslep@YOBANOUT 2026-03-26 22:33:32" runUser="YOBANOUT\uslep" xmlns="http://microsoft.com/schemas/VisualStudio/TeamTest/2010">
  <Times creation="2026-03-26T22:33:32.0882720-04:00" queuing="2026-03-26T22:33:32.0882725-04:00" start="2026-03-26T22:33:31.4273339-04:00" finish="2026-03-26T22:33:32.4654182-04:00" />
  <TestSettings name="default" id="40d287d1-4d19-4d90-8582-1f623a744a4c">
    <Deployment runDeploymentRoot="uslep_YOBANOUT_2026-03-26_22_33_32" />
  </TestSettings>
  <Results>
    <UnitTestResult executionId="efd5f57c-278e-489a-a083-2cac38a20525" testId="411f42b2-cd81-3299-e752-d61225a263bf" testName="TasteBudz.Backend.UnitTests.Groups.GroupServiceTests.JoinAsync_PublicGroupActivatesMembership" computerName="YOBANOUT" duration="00:00:00.0244431" startTime="2026-03-26T22:33:32.1774291-04:00" endTime="2026-03-26T22:33:32.1774293-04:00" testType="13cdc9d9-ddb5-4fa4-a97d-d965ccfc6d4b" outcome="Passed" testListId="8c84fa94-04c1-424b-9868-57a2d4851a1d" relativeResultsDirectory="efd5f57c-278e-489a-a083-2cac38a20525" />
    <UnitTestResult executionId="f97ead0f-816c-47b1-b896-470f80c746cb" testId="e604c6d8-b029-961f-c75f-ee48fb28b686" testName="TasteBudz.Backend.UnitTests.Events.EventWorkflowTests.JoinOpenEventAsync_LastSeatContentionAllowsOnlyOneWinner" computerName="YOBANOUT" duration="00:00:00.0352292" startTime="2026-03-26T22:33:32.4036048-04:00" endTime="2026-03-26T22:33:32.4036053-04:00" testType="13cdc9d9-ddb5-4fa4-a97d-d965ccfc6d4b" outcome="Passed" testListId="8c84fa94-04c1-424b-9868-57a2d4851a1d" relativeResultsDirectory="f97ead0f-816c-47b1-b896-470f80c746cb" />
    <UnitTestResult executionId="c8900b64-2acd-41b1-a2e3-f3e59e8e903e" testId="9948ee53-1c0c-0f65-4cf6-bb2dfa24dbca" testName="TasteBudz.Backend.UnitTests.Groups.GroupServiceTests.GetAsync_ExcludesInactiveMembersFromDetail" computerName="YOBANOUT" duration="00:00:00.0273408" startTime="2026-03-26T22:33:32.1528670-04:00" endTime="2026-03-26T22:33:32.1528674-04:00" testType="13cdc9d9-ddb5-4fa4-a97d-d965ccfc6d4b" outcome="Passed" testListId="8c84fa94-04c1-424b-9868-57a2d4851a1d" relativeResultsDirectory="c8900b64-2acd-41b1-a2e3-f3e59e8e903e" />
    <UnitTestResult executionId="cb79a6a3-0428-483f-8bfb-1f650589e016" testId="d279f340-1412-d644-96fd-ab8b51021d7c" testName="TasteBudz.Backend.UnitTests.Events.EventWorkflowTests.CreateAsync_WithBlockedInvitee_ReturnsForbidden" computerName="YOBANOUT" duration="00:00:00.0207212" startTime="2026-03-26T22:33:32.3682994-04:00" endTime="2026-03-26T22:33:32.3683003-04:00" testType="13cdc9d9-ddb5-4fa4-a97d-d965ccfc6d4b" outcome="Passed" testListId="8c84fa94-04c1-424b-9868-57a2d4851a1d" relativeResultsDirectory="cb79a6a3-0428-483f-8bfb-1f650589e016" />
    <UnitTestResult executionId="89015ddf-13fc-4c70-8baf-62e198a5743f" testId="e251669a-708d-59bb-6ce3-039b7da6474c" testName="TasteBudz.Backend.UnitTests.Events.EventWorkflowTests.CreateAsync_WithOutOfRangeCapacity_RejectsRequest(capacity: 1)" computerName="YOBANOUT" duration="00:00:00.0353397" startTime="2026-03-26T22:33:32.0891875-04:00" endTime="2026-03-26T22:33:32.0892051-04:00" testType="13cdc9d9-ddb5-4fa4-a97d-d965ccfc6d4b" outcome="Passed" testListId="8c84fa94-04c1-424b-9868-57a2d4851a1d" relativeResultsDirectory="89015ddf-13fc-4c70-8baf-62e198a5743f" />
    <UnitTestResult executionId="d6ff6895-95cf-4102-8f5c-25e75528dd54" testId="52014d01-5ed4-c218-9ea1-1497ed7b4e90" testName="TasteBudz.Backend.UnitTests.Events.EventWorkflowTests.JoinOpenEventAsync_WhenRestricted_ReturnsForbidden" computerName="YOBANOUT" duration="00:00:00.0223920" startTime="2026-03-26T22:33:32.2461591-04:00" endTime="2026-03-26T22:33:32.2461596-04:00" testType="13cdc9d9-ddb5-4fa4-a97d-d965ccfc6d4b" outcome="Passed" testListId="8c84fa94-04c1-424b-9868-57a2d4851a1d" relativeResultsDirectory="d6ff6895-95cf-4102-8f5c-25e75528dd54" />
    <UnitTestResult executionId="079abd14-9a76-43e9-85a7-cf20fb9eda25" testId="f32e8577-584a-a916-4bac-3425b0aa5558" testName="TasteBudz.Backend.UnitTests.Events.EventWorkflowTests.CreateAsync_WithOwnerGroupLink_Succeeds" computerName="YOBANOUT" duration="00:00:00.0124668" startTime="2026-03-26T22:33:32.3474436-04:00" endTime="2026-03-26T22:33:32.3474442-04:00" testType="13cdc9d9-ddb5-4fa4-a97d-d965ccfc6d4b" outcome="Passed" testListId="8c84fa94-04c1-424b-9868-57a2d4851a1d" relativeResultsDirectory="079abd14-9a76-43e9-85a7-cf20fb9eda25" />
    <UnitTestResult executionId="1dbbcb54-c0a7-4f51-9d75-424d94b4d283" testId="3927bfa3-2937-6164-1a66-ba776b3d314d" testName="TasteBudz.Backend.UnitTests.Profiles.AvailabilityServiceTests.UpsertRecurringAsync_WithUnknownWindowId_ReturnsNotFound" computerName="YOBANOUT" duration="00:00:00.0019446" startTime="2026-03-26T22:33:32.0763732-04:00" endTime="2026-03-26T22:33:32.0763732-04:00" testType="13cdc9d9-ddb5-4fa4-a97d-d965ccfc6d4b" outcome="Passed" testListId="8c84fa94-04c1-424b-9868-57a2d4851a1d" relativeResultsDirectory="1dbbcb54-c0a7-4f51-9d75-424d94b4d283" />
    <UnitTestResult executionId="350677f4-4254-413a-be45-6a73edc8d9d2" testId="efb6269d-4c41-d1f9-76d8-dc7819874cc4" testName="TasteBudz.Backend.UnitTests.Messaging.MessagingServiceTests.SendAsync_WhenChatSendRestricted_ReturnsForbidden" computerName="YOBANOUT" duration="00:00:00.0554269" startTime="2026-03-26T22:33:32.1091375-04:00" endTime="2026-03-26T22:33:32.1091377-04:00" testType="13cdc9d9-ddb5-4fa4-a97d-d965ccfc6d4b" outcome="Passed" testListId="8c84fa94-04c1-424b-9868-57a2d4851a1d" relativeResultsDirectory="350677f4-4254-413a-be45-6a73edc8d9d2" />
    <UnitTestResult executionId="6c3a72a6-d92a-4a9a-888b-6518add0af7e" testId="c22c3e25-225f-35ce-abf0-2f76be6ec1f9" testName="TasteBudz.Backend.UnitTests.Profiles.PreferenceServiceTests.GetAsync_WhenNoPreferencesExist_ReturnsEmptyDefaults" computerName="YOBANOUT" duration="00:00:00.0010044" startTime="2026-03-26T22:33:32.0777134-04:00" endTime="2026-03-26T22:33:32.0777135-04:00" testType="13cdc9d9-ddb5-4fa4-a97d-d965ccfc6d4b" outcome="Passed" testListId="8c84fa94-04c1-424b-9868-57a2d4851a1d" relativeResultsDirectory="6c3a72a6-d92a-4a9a-888b-6518add0af7e" />
    <UnitTestResult executionId="9a88b718-5025-4ad1-96ac-fab172600792" testId="445c6cd1-519b-7fd9-111a-09719199ac65" testName="TasteBudz.Backend.UnitTests.Events.EventWorkflowTests.CreateAsync_AutoJoinsHostAndCountsTowardCapacity" computerName="YOBANOUT" duration="00:00:00.0110094" startTime="2026-03-26T22:33:32.4147577-04:00" endTime="2026-03-26T22:33:32.4147582-04:00" testType="13cdc9d9-ddb5-4fa4-a97d-d965ccfc6d4b" outcome="Passed" testListId="8c84fa94-04c1-424b-9868-57a2d4851a1d" relativeResultsDirectory="9a88b718-5025-4ad1-96ac-fab172600792" />
    <UnitTestResult executionId="bfc138d7-1575-47d2-806e-eaa83ab4c22e" testId="a1dabb83-cbf4-2773-d872-1d63608e6085" testName="TasteBudz.Backend.UnitTests.Events.EventWorkflowTests.CreateAsync_WithOutOfRangeCapacity_RejectsRequest(capacity: 9)" computerName="YOBANOUT" duration="00:00:00.0135673" startTime="2026-03-26T22:33:32.1028349-04:00" endTime="2026-03-26T22:33:32.1028354-04:00" testType="13cdc9d9-ddb5-4fa4-a97d-d965ccfc6d4b" outcome="Passed" testListId="8c84fa94-04c1-424b-9868-57a2d4851a1d" relativeResultsDirectory="bfc138d7-1575-47d2-806e-eaa83ab4c22e" />
    <UnitTestResult executionId="56cb94f5-d4fe-4174-9cef-491d56bc89b8" testId="16ef6283-86f4-ab43-ce32-0ab8298804d2" testName="TasteBudz.Backend.UnitTests.Profiles.PrivacyServiceTests.UpdateAsync_WhenDiscoveryEnabledIsOmitted_PreservesCurrentValue" computerName="YOBANOUT" duration="00:00:00.0103145" startTime="2026-03-26T22:33:32.0667519-04:00" endTime="2026-03-26T22:33:32.0667684-04:00" testType="13cdc9d9-ddb5-4fa4-a97d-d965ccfc6d4b" outcome="Passed" testListId="8c84fa94-04c1-424b-9868-57a2d4851a1d" relativeResultsDirectory="56cb94f5-d4fe-4174-9cef-491d56bc89b8" />
    <UnitTestResult executionId="a76b0185-6c70-4009-a5c1-2e8cd76d0b7a" testId="7a634c11-0f86-1324-481b-052e77087710" testName="TasteBudz.Backend.UnitTests.Discovery.DiscoveryServiceTests.SearchAsync_FiltersPrivacyBlocksAndDiscoveryRestrictions" computerName="YOBANOUT" duration="00:00:00.0548153" startTime="2026-03-26T22:33:32.2557964-04:00" endTime="2026-03-26T22:33:32.2557968-04:00" testType="13cdc9d9-ddb5-4fa4-a97d-d965ccfc6d4b" outcome="Passed" testListId="8c84fa94-04c1-424b-9868-57a2d4851a1d" relativeResultsDirectory="a76b0185-6c70-4009-a5c1-2e8cd76d0b7a" />
    <UnitTestResult executionId="8204699d-7296-4009-9284-23b6148380d3" testId="57a8f03c-dadf-87ac-3070-2e88fa4dbd05" testName="TasteBudz.Backend.UnitTests.Events.UserEventQueryServiceTests.ListActiveForUserAsync_SynchronizesBeforeApplyingActiveFilter" computerName="YOBANOUT" duration="00:00:00.0223604" startTime="2026-03-26T22:33:32.0777580-04:00" endTime="2026-03-26T22:33:32.0777580-04:00" testType="13cdc9d9-ddb5-4fa4-a97d-d965ccfc6d4b" outcome="Passed" testListId="8c84fa94-04c1-424b-9868-57a2d4851a1d" relativeResultsDirectory="8204699d-7296-4009-9284-23b6148380d3" />
    <UnitTestResult executionId="28304ddf-f65e-4e63-8402-db345c3f9028" testId="935fcf25-2648-63af-dbb5-3ea29d81ef4b" testName="TasteBudz.Backend.UnitTests.Shared.Pbkdf2PasswordHasherTests.HashPassword_ProducesVerifiableHash" computerName="YOBANOUT" duration="00:00:00.0420332" startTime="2026-03-26T22:33:32.0957675-04:00" endTime="2026-03-26T22:33:32.0957678-04:00" testType="13cdc9d9-ddb5-4fa4-a97d-d965ccfc6d4b" outcome="Passed" testListId="8c84fa94-04c1-424b-9868-57a2d4851a1d" relativeResultsDirectory="28304ddf-f65e-4e63-8402-db345c3f9028" />
    <UnitTestResult executionId="6ec8d4fe-48c2-43cd-828c-b8be468305b3" testId="95501110-80a1-1caf-0c3e-06b9555f8e94" testName="TasteBudz.Backend.UnitTests.Events.EventWorkflowTests.RemoveParticipantAsync_AfterDecisionAt_HostIsRejected" computerName="YOBANOUT" duration="00:00:00.0345020" startTime="2026-03-26T22:33:32.1374446-04:00" endTime="2026-03-26T22:33:32.1374449-04:00" testType="13cdc9d9-ddb5-4fa4-a97d-d965ccfc6d4b" outcome="Passed" testListId="8c84fa94-04c1-424b-9868-57a2d4851a1d" relativeResultsDirectory="6ec8d4fe-48c2-43cd-828c-b8be468305b3" />
    <UnitTestResult executionId="0aaeeac5-57c8-43ed-9d00-3b52d33d53d8" testId="450a82dd-8322-f0e4-c562-6b6c6630ff67" testName="TasteBudz.Backend.UnitTests.Restaurants.RestaurantRecommendationServiceTests.GetSuggestionsAsync_WithExplicitZipCode_DoesNotOverrideItFromGroupContext" computerName="YOBANOUT" duration="00:00:00.0005795" startTime="2026-03-26T22:33:32.0765372-04:00" endTime="2026-03-26T22:33:32.0765373-04:00" testType="13cdc9d9-ddb5-4fa4-a97d-d965ccfc6d4b" outcome="Passed" testListId="8c84fa94-04c1-424b-9868-57a2d4851a1d" relativeResultsDirectory="0aaeeac5-57c8-43ed-9d00-3b52d33d53d8" />
    <UnitTestResult executionId="5325a010-593b-4917-8318-8c25076e9f1f" testId="5feefae8-0022-dcbc-e4e4-4d8b848cfda4" testName="TasteBudz.Backend.UnitTests.Auth.AuthServiceTests.RegisterAsync_CreatesSessionAndDefaultProfileState" computerName="YOBANOUT" duration="00:00:00.0298594" startTime="2026-03-26T22:33:32.0836309-04:00" endTime="2026-03-26T22:33:32.0836312-04:00" testType="13cdc9d9-ddb5-4fa4-a97d-d965ccfc6d4b" outcome="Passed" testListId="8c84fa94-04c1-424b-9868-57a2d4851a1d" relativeResultsDirectory="5325a010-593b-4917-8318-8c25076e9f1f" />
    <UnitTestResult executionId="b20dc198-7a6a-4acc-b78c-184cb590a104" testId="2c4f1507-aa7f-97d4-95b1-5e1da43ad61f" testName="TasteBudz.Backend.UnitTests.Restaurants.RestaurantRecommendationServiceTests.GetSuggestionsAsync_WithGroupForNonMember_ReturnsNotFound" computerName="YOBANOUT" duration="00:00:00.0008358" startTime="2026-03-26T22:33:32.0765822-04:00" endTime="2026-03-26T22:33:32.0765822-04:00" testType="13cdc9d9-ddb5-4fa4-a97d-d965ccfc6d4b" outcome="Passed" testListId="8c84fa94-04c1-424b-9868-57a2d4851a1d" relativeResultsDirectory="b20dc198-7a6a-4acc-b78c-184cb590a104" />
    <UnitTestResult executionId="342e492b-5552-41dd-9281-80387604a46d" testId="58af9c0b-daf4-c52b-9fd0-4e2441c0f2f7" testName="TasteBudz.Backend.UnitTests.Restaurants.RestaurantRecommendationServiceTests.GetSuggestionsAsync_WithUnknownGroupId_ReturnsNotFound" computerName="YOBANOUT" duration="00:00:00.0003672" startTime="2026-03-26T22:33:32.0766466-04:00" endTime="2026-03-26T22:33:32.0766467-04:00" testType="13cdc9d9-ddb5-4fa4-a97d-d965ccfc6d4b" outcome="Passed" testListId="8c84fa94-04c1-424b-9868-57a2d4851a1d" relativeResultsDirectory="342e492b-5552-41dd-9281-80387604a46d" />
    <UnitTestResult executionId="84edf079-4546-439a-90ae-84b598cc86ba" testId="f9ab8a62-33f0-3baf-fabb-0156f4a52e6e" testName="TasteBudz.Backend.UnitTests.Events.EventBrowseServiceTests.BrowseAsync_AppliesGroupStatusAndDateRangeFiltersWithDeterministicOrdering" computerName="YOBANOUT" duration="00:00:00.0022560" startTime="2026-03-26T22:33:32.0777947-04:00" endTime="2026-03-26T22:33:32.0777948-04:00" testType="13cdc9d9-ddb5-4fa4-a97d-d965ccfc6d4b" outcome="Passed" testListId="8c84fa94-04c1-424b-9868-57a2d4851a1d" relativeResultsDirectory="84edf079-4546-439a-90ae-84b598cc86ba" />
    <UnitTestResult executionId="4725ebe2-cb46-41cb-bc7c-945293a3c62a" testId="fb6e606f-73fb-eb23-7de7-0fa0c23c951d" testName="TasteBudz.Backend.UnitTests.Messaging.MessagingServiceTests.SendAsync_EventParticipantCanSendAndReadHistory" computerName="YOBANOUT" duration="00:00:00.0300716" startTime="2026-03-26T22:33:32.1392764-04:00" endTime="2026-03-26T22:33:32.1392766-04:00" testType="13cdc9d9-ddb5-4fa4-a97d-d965ccfc6d4b" outcome="Passed" testListId="8c84fa94-04c1-424b-9868-57a2d4851a1d" relativeResultsDirectory="4725ebe2-cb46-41cb-bc7c-945293a3c62a" />
    <UnitTestResult executionId="b47b80f0-0629-4473-8be2-eab2de0f47e0" testId="4afd55d2-5f46-099e-22cb-94477ff2eea9" testName="TasteBudz.Backend.UnitTests.Profiles.PreferenceServiceTests.ReplaceAsync_NormalizesDistinctValuesBeforePersisting" computerName="YOBANOUT" duration="00:00:00.0191525" startTime="2026-03-26T22:33:32.0766741-04:00" endTime="2026-03-26T22:33:32.0766742-04:00" testType="13cdc9d9-ddb5-4fa4-a97d-d965ccfc6d4b" outcome="Passed" testListId="8c84fa94-04c1-424b-9868-57a2d4851a1d" relativeResultsDirectory="b47b80f0-0629-4473-8be2-eab2de0f47e0" />
    <UnitTestResult executionId="90b55398-02dc-42c5-a9f1-684d5fc6b918" testId="1b642e61-dcb4-f507-0186-31ba9a9c70d5" testName="TasteBudz.Backend.UnitTests.Events.UserEventQueryServiceTests.ListPendingInvitesForUserAsync_ExcludesInvitesAfterDecisionAt" computerName="YOBANOUT" duration="00:00:00.0058833" startTime="2026-03-26T22:33:32.0822070-04:00" endTime="2026-03-26T22:33:32.0822071-04:00" testType="13cdc9d9-ddb5-4fa4-a97d-d965ccfc6d4b" outcome="Passed" testListId="8c84fa94-04c1-424b-9868-57a2d4851a1d" relativeResultsDirectory="90b55398-02dc-42c5-a9f1-684d5fc6b918" />
    <UnitTestResult executionId="bed43710-10a8-4fe5-807c-9084b0f16b6e" testId="09477852-98ad-7264-8ead-15e5c0dc7a18" testName="TasteBudz.Backend.UnitTests.Groups.GroupServiceTests.CreateAsync_AutoCreatesOwnerMembership" computerName="YOBANOUT" duration="00:00:00.0124604" startTime="2026-03-26T22:33:32.1254614-04:00" endTime="2026-03-26T22:33:32.1254617-04:00" testType="13cdc9d9-ddb5-4fa4-a97d-d965ccfc6d4b" outcome="Passed" testListId="8c84fa94-04c1-424b-9868-57a2d4851a1d" relativeResultsDirectory="bed43710-10a8-4fe5-807c-9084b0f16b6e" />
    <UnitTestResult executionId="9ec105e5-b8d9-4153-9d71-99c66c80e268" testId="aaa88f93-5390-a76b-7164-46a8364eace7" testName="TasteBudz.Backend.UnitTests.Discovery.DiscoveryServiceTests.GetSwipeCandidatesAsync_PaginatesDeterministicallyAndKeepsTotalCount" computerName="YOBANOUT" duration="00:00:00.0520606" startTime="2026-03-26T22:33:32.2009014-04:00" endTime="2026-03-26T22:33:32.2009019-04:00" testType="13cdc9d9-ddb5-4fa4-a97d-d965ccfc6d4b" outcome="Passed" testListId="8c84fa94-04c1-424b-9868-57a2d4851a1d" relativeResultsDirectory="9ec105e5-b8d9-4153-9d71-99c66c80e268" />
    <UnitTestResult executionId="1ecceb68-cac8-4b54-a7c5-a1595fb31969" testId="8e6cfbcb-f342-7ba6-e106-76482bd6b29c" testName="TasteBudz.Backend.UnitTests.Moderation.RestrictionServiceTests.IsRestrictedAsync_ExpiredRestrictionReturnsFalseAndMarksExpired" computerName="YOBANOUT" duration="00:00:00.0528280" startTime="2026-03-26T22:33:32.1065781-04:00" endTime="2026-03-26T22:33:32.1065790-04:00" testType="13cdc9d9-ddb5-4fa4-a97d-d965ccfc6d4b" outcome="Passed" testListId="8c84fa94-04c1-424b-9868-57a2d4851a1d" relativeResultsDirectory="1ecceb68-cac8-4b54-a7c5-a1595fb31969" />
    <UnitTestResult executionId="f37c7984-7fb8-459a-87df-c410a1853115" testId="983e6878-21e5-8be6-358b-27b7205a15bc" testName="TasteBudz.Backend.UnitTests.Events.EventBrowseServiceTests.BrowseAsync_DistanceFilterFallsBackToHostZipForCuisineTargetedEvents" computerName="YOBANOUT" duration="00:00:00.0207616" startTime="2026-03-26T22:33:32.0777293-04:00" endTime="2026-03-26T22:33:32.0777294-04:00" testType="13cdc9d9-ddb5-4fa4-a97d-d965ccfc6d4b" outcome="Passed" testListId="8c84fa94-04c1-424b-9868-57a2d4851a1d" relativeResultsDirectory="f37c7984-7fb8-459a-87df-c410a1853115" />
    <UnitTestResult executionId="602a6444-fd09-48c6-8dbd-93129623fc57" testId="c7052e8e-91f0-8b15-e0e6-af7212c165b0" testName="TasteBudz.Backend.UnitTests.Groups.GroupServiceTests.LeaveAsync_OwnerIsRejected" computerName="YOBANOUT" duration="00:00:00.0156355" startTime="2026-03-26T22:33:32.1931696-04:00" endTime="2026-03-26T22:33:32.1931699-04:00" testType="13cdc9d9-ddb5-4fa4-a97d-d965ccfc6d4b" outcome="Passed" testListId="8c84fa94-04c1-424b-9868-57a2d4851a1d" relativeResultsDirectory="602a6444-fd09-48c6-8dbd-93129623fc57" />
    <UnitTestResult executionId="29810942-01dd-422f-bb5d-22f9e9524cec" testId="14db30f6-4047-415a-f622-a3d67cbf4a04" testName="TasteBudz.Backend.UnitTests.Restaurants.RestaurantRecommendationServiceTests.GetSuggestionsAsync_WithInactiveGroup_ReturnsConflict" computerName="YOBANOUT" duration="00:00:00.0004276" startTime="2026-03-26T22:33:32.0776857-04:00" endTime="2026-03-26T22:33:32.0776858-04:00" testType="13cdc9d9-ddb5-4fa4-a97d-d965ccfc6d4b" outcome="Passed" testListId="8c84fa94-04c1-424b-9868-57a2d4851a1d" relativeResultsDirectory="29810942-01dd-422f-bb5d-22f9e9524cec" />
    <UnitTestResult executionId="961f1f6d-be0f-4a0e-88a3-f1a1fab6fe08" testId="43435e15-67ac-dd5f-7467-8b493831e941" testName="TasteBudz.Backend.UnitTests.Events.EventWorkflowTests.CreateAsync_WithNonMemberGroupLink_ReturnsForbidden" computerName="YOBANOUT" duration="00:00:00.0261254" startTime="2026-03-26T22:33:32.3100140-04:00" endTime="2026-03-26T22:33:32.3100148-04:00" testType="13cdc9d9-ddb5-4fa4-a97d-d965ccfc6d4b" outcome="Passed" testListId="8c84fa94-04c1-424b-9868-57a2d4851a1d" relativeResultsDirectory="961f1f6d-be0f-4a0e-88a3-f1a1fab6fe08" />
    <UnitTestResult executionId="14a04dcc-2ef2-477d-bb8a-8cec02997652" testId="1ec3a932-facd-96de-99d9-3e719d978c5a" testName="TasteBudz.Backend.UnitTests.Restaurants.RestaurantSearchServiceTests.BrowseAsync_FiltersSeededCatalogByCuisineAndDistance" computerName="YOBANOUT" duration="00:00:00.0156776" startTime="2026-03-26T22:33:32.0764867-04:00" endTime="2026-03-26T22:33:32.0764868-04:00" testType="13cdc9d9-ddb5-4fa4-a97d-d965ccfc6d4b" outcome="Passed" testListId="8c84fa94-04c1-424b-9868-57a2d4851a1d" relativeResultsDirectory="14a04dcc-2ef2-477d-bb8a-8cec02997652" />
    <UnitTestResult executionId="957f7d06-d479-416b-93fe-db6b6a70d96c" testId="f2e0a215-b204-3f9c-46c5-af1821fff9d7" testName="TasteBudz.Backend.UnitTests.Moderation.RestrictionServiceTests.UpdateAsync_RevokeMarksRestrictionRevoked" computerName="YOBANOUT" duration="00:00:00.0326915" startTime="2026-03-26T22:33:32.1393350-04:00" endTime="2026-03-26T22:33:32.1393351-04:00" testType="13cdc9d9-ddb5-4fa4-a97d-d965ccfc6d4b" outcome="Passed" testListId="8c84fa94-04c1-424b-9868-57a2d4851a1d" relativeResultsDirectory="957f7d06-d479-416b-93fe-db6b6a70d96c" />
    <UnitTestResult executionId="7e4318db-b669-4ac5-9276-a7ba7f4d4d41" testId="9289b48c-383d-bc3c-9de5-ccc205bfd6b0" testName="TasteBudz.Backend.UnitTests.Events.EventBrowseServiceTests.BrowseAsync_WhenClosedEventsAreRequested_ReturnsNoItemsBecauseBrowseIsOpenOnly" computerName="YOBANOUT" duration="00:00:00.0008350" startTime="2026-03-26T22:33:32.0809661-04:00" endTime="2026-03-26T22:33:32.0809663-04:00" testType="13cdc9d9-ddb5-4fa4-a97d-d965ccfc6d4b" outcome="Passed" testListId="8c84fa94-04c1-424b-9868-57a2d4851a1d" relativeResultsDirectory="7e4318db-b669-4ac5-9276-a7ba7f4d4d41" />
    <UnitTestResult executionId="ac9ff3c9-b8e8-4ad1-8c14-4f5c451f440b" testId="01c9f94b-6d75-cce3-d929-9549528297fc" testName="TasteBudz.Backend.UnitTests.Restaurants.RestaurantRecommendationServiceTests.GetSuggestionsAsync_WithActiveGroup_UsesOwnerZipCodeWhenQueryZipMissing" computerName="YOBANOUT" duration="00:00:00.0037001" startTime="2026-03-26T22:33:32.0765052-04:00" endTime="2026-03-26T22:33:32.0765052-04:00" testType="13cdc9d9-ddb5-4fa4-a97d-d965ccfc6d4b" outcome="Passed" testListId="8c84fa94-04c1-424b-9868-57a2d4851a1d" relativeResultsDirectory="ac9ff3c9-b8e8-4ad1-8c14-4f5c451f440b" />
    <UnitTestResult executionId="d0671eec-ff7a-478d-be84-ac57cbb4297b" testId="27684b40-19fc-72b6-322a-9a26eaf4c594" testName="TasteBudz.Backend.UnitTests.Auth.AuthServiceTests.RefreshAsync_RotatesRefreshToken" computerName="YOBANOUT" duration="00:00:00.0135158" startTime="2026-03-26T22:33:32.1383321-04:00" endTime="2026-03-26T22:33:32.1383323-04:00" testType="13cdc9d9-ddb5-4fa4-a97d-d965ccfc6d4b" outcome="Passed" testListId="8c84fa94-04c1-424b-9868-57a2d4851a1d" relativeResultsDirectory="d0671eec-ff7a-478d-be84-ac57cbb4297b" />
    <UnitTestResult executionId="b7298229-4ec0-4e1f-a669-1d1dbcfe98d7" testId="899e58aa-386f-ba41-2783-04c246ebcf3e" testName="TasteBudz.Backend.UnitTests.Restaurants.RestaurantRecommendationServiceTests.GetSuggestionsAsync_WithClosedEventForNonParticipant_ReturnsNotFound" computerName="YOBANOUT" duration="00:00:00.0133065" startTime="2026-03-26T22:33:32.0691897-04:00" endTime="2026-03-26T22:33:32.0691899-04:00" testType="13cdc9d9-ddb5-4fa4-a97d-d965ccfc6d4b" outcome="Passed" testListId="8c84fa94-04c1-424b-9868-57a2d4851a1d" relativeResultsDirectory="b7298229-4ec0-4e1f-a669-1d1dbcfe98d7" />
    <UnitTestResult executionId="7678e9f2-930c-418b-be7c-be52edb0c515" testId="36dbdecd-9f88-c402-056f-ae5f6b0b7d42" testName="TasteBudz.Backend.UnitTests.Profiles.AvailabilityServiceTests.UpsertOneOffAsync_WithUnknownWindowId_ReturnsNotFound" computerName="YOBANOUT" duration="00:00:00.0134757" startTime="2026-03-26T22:33:32.0696338-04:00" endTime="2026-03-26T22:33:32.0696339-04:00" testType="13cdc9d9-ddb5-4fa4-a97d-d965ccfc6d4b" outcome="Passed" testListId="8c84fa94-04c1-424b-9868-57a2d4851a1d" relativeResultsDirectory="7678e9f2-930c-418b-be7c-be52edb0c515" />
    <UnitTestResult executionId="8939b186-3225-41bb-a7c9-f9c8528fb311" testId="1f1d05ff-8715-7150-db2d-a5012a9e5dab" testName="TasteBudz.Backend.UnitTests.Events.EventWorkflowTests.UpdateAsync_WithOutOfRangeCapacity_RejectsRequest(capacity: 1)" computerName="YOBANOUT" duration="00:00:00.0117515" startTime="2026-03-26T22:33:32.2011117-04:00" endTime="2026-03-26T22:33:32.2011118-04:00" testType="13cdc9d9-ddb5-4fa4-a97d-d965ccfc6d4b" outcome="Passed" testListId="8c84fa94-04c1-424b-9868-57a2d4851a1d" relativeResultsDirectory="8939b186-3225-41bb-a7c9-f9c8528fb311" />
    <UnitTestResult executionId="0c7e5a8c-2393-44cd-9d78-8741613fb098" testId="efc47e06-1b22-55e6-c26b-ac9822a28332" testName="TasteBudz.Backend.UnitTests.Events.EventWorkflowTests.RemoveParticipantAsync_ModeratorCanRemoveAfterDecisionAt" computerName="YOBANOUT" duration="00:00:00.0374757" startTime="2026-03-26T22:33:32.2837574-04:00" endTime="2026-03-26T22:33:32.2837579-04:00" testType="13cdc9d9-ddb5-4fa4-a97d-d965ccfc6d4b" outcome="Passed" testListId="8c84fa94-04c1-424b-9868-57a2d4851a1d" relativeResultsDirectory="0c7e5a8c-2393-44cd-9d78-8741613fb098" />
    <UnitTestResult executionId="aaa4b759-66a9-4759-ad69-0e90077b7645" testId="380c90a1-7c40-5bf9-abbe-bf1b5e9a4eb5" testName="TasteBudz.Backend.UnitTests.Discovery.DiscoveryServiceTests.GetSwipeCandidatesAsync_ExcludesConnectedBudzAndFilteredUsers" computerName="YOBANOUT" duration="00:00:00.0949086" startTime="2026-03-26T22:33:32.1486602-04:00" endTime="2026-03-26T22:33:32.1486606-04:00" testType="13cdc9d9-ddb5-4fa4-a97d-d965ccfc6d4b" outcome="Passed" testListId="8c84fa94-04c1-424b-9868-57a2d4851a1d" relativeResultsDirectory="aaa4b759-66a9-4759-ad69-0e90077b7645" />
    <UnitTestResult executionId="885456f1-40b3-40e2-bf47-59ba51598b10" testId="6e13cb39-9d4a-0de6-eacc-2d6c701eb6e9" testName="TasteBudz.Backend.UnitTests.Events.EventBrowseServiceTests.BrowseAsync_DistanceFilterUsesSelectedRestaurantCoordinates" computerName="YOBANOUT" duration="00:00:00.0008981" startTime="2026-03-26T22:33:32.0819322-04:00" endTime="2026-03-26T22:33:32.0819323-04:00" testType="13cdc9d9-ddb5-4fa4-a97d-d965ccfc6d4b" outcome="Passed" testListId="8c84fa94-04c1-424b-9868-57a2d4851a1d" relativeResultsDirectory="885456f1-40b3-40e2-bf47-59ba51598b10" />
    <UnitTestResult executionId="83ac42ae-afef-4c94-8019-73a045225513" testId="1a90ce00-8e29-1d6b-c9e8-3c6650d0c574" testName="TasteBudz.Backend.UnitTests.Events.EventWorkflowTests.UpdateAsync_WithOutOfRangeCapacity_RejectsRequest(capacity: 9)" computerName="YOBANOUT" duration="00:00:00.0146203" startTime="2026-03-26T22:33:32.1893295-04:00" endTime="2026-03-26T22:33:32.1893300-04:00" testType="13cdc9d9-ddb5-4fa4-a97d-d965ccfc6d4b" outcome="Passed" testListId="8c84fa94-04c1-424b-9868-57a2d4851a1d" relativeResultsDirectory="83ac42ae-afef-4c94-8019-73a045225513" />
    <UnitTestResult executionId="358c7409-f112-4a6f-b65c-0aa4927b039f" testId="8528512d-1da4-33b1-e632-6e2159a7742c" testName="TasteBudz.Backend.UnitTests.Events.EventWorkflowTests.UpdateMyParticipationAsync_ClosedInviteAcceptFailsWhenEventIsAlreadyFull" computerName="YOBANOUT" duration="00:00:00.0370304" startTime="2026-03-26T22:33:32.1745772-04:00" endTime="2026-03-26T22:33:32.1745776-04:00" testType="13cdc9d9-ddb5-4fa4-a97d-d965ccfc6d4b" outcome="Passed" testListId="8c84fa94-04c1-424b-9868-57a2d4851a1d" relativeResultsDirectory="358c7409-f112-4a6f-b65c-0aa4927b039f" />
    <UnitTestResult executionId="fbfc6958-4bdd-4ce8-ab77-22524e9b2fe2" testId="fdcd8144-e612-d5d1-b6dd-0207e603a067" testName="TasteBudz.Backend.UnitTests.Auth.AuthServiceTests.LoginAsync_WithEmailReturnsNewSession" computerName="YOBANOUT" duration="00:00:00.0280021" startTime="2026-03-26T22:33:32.1247516-04:00" endTime="2026-03-26T22:33:32.1247521-04:00" testType="13cdc9d9-ddb5-4fa4-a97d-d965ccfc6d4b" outcome="Passed" testListId="8c84fa94-04c1-424b-9868-57a2d4851a1d" relativeResultsDirectory="fbfc6958-4bdd-4ce8-ab77-22524e9b2fe2" />
    <UnitTestResult executionId="04fe7bd8-6d21-4b04-8567-4b5afba76659" testId="5725e126-05e2-f7fe-d2b6-8aa74fe7b0d8" testName="TasteBudz.Backend.UnitTests.Groups.GroupServiceTests.RespondToInviteAsync_AcceptCreatesPrivateMembership" computerName="YOBANOUT" duration="00:00:00.0592169" startTime="2026-03-26T22:33:32.1128759-04:00" endTime="2026-03-26T22:33:32.1128764-04:00" testType="13cdc9d9-ddb5-4fa4-a97d-d965ccfc6d4b" outcome="Passed" testListId="8c84fa94-04c1-424b-9868-57a2d4851a1d" relativeResultsDirectory="04fe7bd8-6d21-4b04-8567-4b5afba76659" />
    <UnitTestResult executionId="7ac1e006-3335-4292-8036-b41411d71408" testId="c114f199-8179-0563-972c-5009fc527714" testName="TasteBudz.Backend.UnitTests.Events.EventWorkflowTests.UpdateMyParticipationAsync_AfterDecisionAt_NonPrivilegedLeaveReturnsConflict" computerName="YOBANOUT" duration="00:00:00.0247180" startTime="2026-03-26T22:33:32.3348693-04:00" endTime="2026-03-26T22:33:32.3348697-04:00" testType="13cdc9d9-ddb5-4fa4-a97d-d965ccfc6d4b" outcome="Passed" testListId="8c84fa94-04c1-424b-9868-57a2d4851a1d" relativeResultsDirectory="7ac1e006-3335-4292-8036-b41411d71408" />
    <UnitTestResult executionId="b7cb513b-38cb-48c0-9fa6-92767f0c5bf3" testId="b1935a7a-6d3f-3697-3be2-3389c078d95a" testName="TasteBudz.Backend.UnitTests.Auth.AuthServiceTests.RegisterAsync_DuplicateUsernameReturnsConflict" computerName="YOBANOUT" duration="00:00:00.0127895" startTime="2026-03-26T22:33:32.0965234-04:00" endTime="2026-03-26T22:33:32.0965236-04:00" testType="13cdc9d9-ddb5-4fa4-a97d-d965ccfc6d4b" outcome="Passed" testListId="8c84fa94-04c1-424b-9868-57a2d4851a1d" relativeResultsDirectory="b7cb513b-38cb-48c0-9fa6-92767f0c5bf3" />
    <UnitTestResult executionId="4b1fd23a-2acc-4d44-a6e0-1a02f22c42be" testId="1acfa6e1-719e-7222-1917-b6a4d4e59b6e" testName="TasteBudz.Backend.UnitTests.Events.EventWorkflowTests.CreateAsync_WithNonOwnerGroupLink_ReturnsForbidden" computerName="YOBANOUT" duration="00:00:00.0224179" startTime="2026-03-26T22:33:32.2236420-04:00" endTime="2026-03-26T22:33:32.2236424-04:00" testType="13cdc9d9-ddb5-4fa4-a97d-d965ccfc6d4b" outcome="Passed" testListId="8c84fa94-04c1-424b-9868-57a2d4851a1d" relativeResultsDirectory="4b1fd23a-2acc-4d44-a6e0-1a02f22c42be" />
    <UnitTestResult executionId="c35daa92-01e4-406a-ab59-c218756ae6c8" testId="e952a8f7-fc63-56a2-98c4-a89da9db6dc7" testName="TasteBudz.Backend.UnitTests.Events.EventBrowseServiceTests.BrowseAsync_AvailabilityOnlyMatchesRecurringAndOneOffWindows" computerName="YOBANOUT" duration="00:00:00.0033372" startTime="2026-03-26T22:33:32.0800756-04:00" endTime="2026-03-26T22:33:32.0800761-04:00" testType="13cdc9d9-ddb5-4fa4-a97d-d965ccfc6d4b" outcome="Passed" testListId="8c84fa94-04c1-424b-9868-57a2d4851a1d" relativeResultsDirectory="c35daa92-01e4-406a-ab59-c218756ae6c8" />
    <UnitTestResult executionId="50bf3b61-be32-4e82-83cd-d0f7deb2f3db" testId="eb976e69-a7b2-0079-0d07-94ceb04c0534" testName="TasteBudz.Backend.UnitTests.Discovery.DiscoveryServiceTests.RecordSwipeAsync_ReciprocalLikeCreatesBudAndNotifications" computerName="YOBANOUT" duration="00:00:00.0317356" startTime="2026-03-26T22:33:32.2876902-04:00" endTime="2026-03-26T22:33:32.2876908-04:00" testType="13cdc9d9-ddb5-4fa4-a97d-d965ccfc6d4b" outcome="Passed" testListId="8c84fa94-04c1-424b-9868-57a2d4851a1d" relativeResultsDirectory="50bf3b61-be32-4e82-83cd-d0f7deb2f3db" />
    <UnitTestResult executionId="06e10d07-39ef-41b7-bb9f-17f5355c303e" testId="72709eb7-cbc0-b7fa-f314-9b0bb34aada5" testName="TasteBudz.Backend.UnitTests.Profiles.ProfileServiceTests.UpdateMyProfileAsync_UpdatesUsernameAndProfileFields" computerName="YOBANOUT" duration="00:00:00.0189490" startTime="2026-03-26T22:33:32.0766180-04:00" endTime="2026-03-26T22:33:32.0766180-04:00" testType="13cdc9d9-ddb5-4fa4-a97d-d965ccfc6d4b" outcome="Passed" testListId="8c84fa94-04c1-424b-9868-57a2d4851a1d" relativeResultsDirectory="06e10d07-39ef-41b7-bb9f-17f5355c303e" />
  </Results>
  <TestDefinitions>
    <UnitTest name="TasteBudz.Backend.UnitTests.Moderation.RestrictionServiceTests.IsRestrictedAsync_ExpiredRestrictionReturnsFalseAndMarksExpired" storage="c:\users\uslep\source\repos\tastebudz\tests\tastebudz.backend.unittests\bin\debug\net9.0\tastebudz.backend.unittests.dll" id="8e6cfbcb-f342-7ba6-e106-76482bd6b29c">
      <Execution id="1ecceb68-cac8-4b54-a7c5-a1595fb31969" />
      <TestMethod codeBase="C:\Users\uslep\source\repos\TasteBudz\tests\TasteBudz.Backend.UnitTests\bin\Debug\net9.0\TasteBudz.Backend.UnitTests.dll" adapterTypeName="executor://xunit/VsTestRunner2/netcoreapp" className="TasteBudz.Backend.UnitTests.Moderation.RestrictionServiceTests" name="IsRestrictedAsync_ExpiredRestrictionReturnsFalseAndMarksExpired" />
    </UnitTest>
    <UnitTest name="TasteBudz.Backend.UnitTests.Events.EventBrowseServiceTests.BrowseAsync_DistanceFilterUsesSelectedRestaurantCoordinates" storage="c:\users\uslep\source\repos\tastebudz\tests\tastebudz.backend.unittests\bin\debug\net9.0\tastebudz.backend.unittests.dll" id="6e13cb39-9d4a-0de6-eacc-2d6c701eb6e9">
      <Execution id="885456f1-40b3-40e2-bf47-59ba51598b10" />
      <TestMethod codeBase="C:\Users\uslep\source\repos\TasteBudz\tests\TasteBudz.Backend.UnitTests\bin\Debug\net9.0\TasteBudz.Backend.UnitTests.dll" adapterTypeName="executor://xunit/VsTestRunner2/netcoreapp" className="TasteBudz.Backend.UnitTests.Events.EventBrowseServiceTests" name="BrowseAsync_DistanceFilterUsesSelectedRestaurantCoordinates" />
    </UnitTest>
    <UnitTest name="TasteBudz.Backend.UnitTests.Events.EventWorkflowTests.CreateAsync_WithOwnerGroupLink_Succeeds" storage="c:\users\uslep\source\repos\tastebudz\tests\tastebudz.backend.unittests\bin\debug\net9.0\tastebudz.backend.unittests.dll" id="f32e8577-584a-a916-4bac-3425b0aa5558">
      <Execution id="079abd14-9a76-43e9-85a7-cf20fb9eda25" />
      <TestMethod codeBase="C:\Users\uslep\source\repos\TasteBudz\tests\TasteBudz.Backend.UnitTests\bin\Debug\net9.0\TasteBudz.Backend.UnitTests.dll" adapterTypeName="executor://xunit/VsTestRunner2/netcoreapp" className="TasteBudz.Backend.UnitTests.Events.EventWorkflowTests" name="CreateAsync_WithOwnerGroupLink_Succeeds" />
    </UnitTest>
    <UnitTest name="TasteBudz.Backend.UnitTests.Restaurants.RestaurantRecommendationServiceTests.GetSuggestionsAsync_WithUnknownGroupId_ReturnsNotFound" storage="c:\users\uslep\source\repos\tastebudz\tests\tastebudz.backend.unittests\bin\debug\net9.0\tastebudz.backend.unittests.dll" id="58af9c0b-daf4-c52b-9fd0-4e2441c0f2f7">
      <Execution id="342e492b-5552-41dd-9281-80387604a46d" />
      <TestMethod codeBase="C:\Users\uslep\source\repos\TasteBudz\tests\TasteBudz.Backend.UnitTests\bin\Debug\net9.0\TasteBudz.Backend.UnitTests.dll" adapterTypeName="executor://xunit/VsTestRunner2/netcoreapp" className="TasteBudz.Backend.UnitTests.Restaurants.RestaurantRecommendationServiceTests" name="GetSuggestionsAsync_WithUnknownGroupId_ReturnsNotFound" />
    </UnitTest>
    <UnitTest name="TasteBudz.Backend.UnitTests.Auth.AuthServiceTests.RegisterAsync_DuplicateUsernameReturnsConflict" storage="c:\users\uslep\source\repos\tastebudz\tests\tastebudz.backend.unittests\bin\debug\net9.0\tastebudz.backend.unittests.dll" id="b1935a7a-6d3f-3697-3be2-3389c078d95a">
      <Execution id="b7cb513b-38cb-48c0-9fa6-92767f0c5bf3" />
      <TestMethod codeBase="C:\Users\uslep\source\repos\TasteBudz\tests\TasteBudz.Backend.UnitTests\bin\Debug\net9.0\TasteBudz.Backend.UnitTests.dll" adapterTypeName="executor://xunit/VsTestRunner2/netcoreapp" className="TasteBudz.Backend.UnitTests.Auth.AuthServiceTests" name="RegisterAsync_DuplicateUsernameReturnsConflict" />
    </UnitTest>
    <UnitTest name="TasteBudz.Backend.UnitTests.Profiles.PrivacyServiceTests.UpdateAsync_WhenDiscoveryEnabledIsOmitted_PreservesCurrentValue" storage="c:\users\uslep\source\repos\tastebudz\tests\tastebudz.backend.unittests\bin\debug\net9.0\tastebudz.backend.unittests.dll" id="16ef6283-86f4-ab43-ce32-0ab8298804d2">
      <Execution id="56cb94f5-d4fe-4174-9cef-491d56bc89b8" />
      <TestMethod codeBase="C:\Users\uslep\source\repos\TasteBudz\tests\TasteBudz.Backend.UnitTests\bin\Debug\net9.0\TasteBudz.Backend.UnitTests.dll" adapterTypeName="executor://xunit/VsTestRunner2/netcoreapp" className="TasteBudz.Backend.UnitTests.Profiles.PrivacyServiceTests" name="UpdateAsync_WhenDiscoveryEnabledIsOmitted_PreservesCurrentValue" />
    </UnitTest>
    <UnitTest name="TasteBudz.Backend.UnitTests.Events.EventWorkflowTests.CreateAsync_WithOutOfRangeCapacity_RejectsRequest(capacity: 1)" storage="c:\users\uslep\source\repos\tastebudz\tests\tastebudz.backend.unittests\bin\debug\net9.0\tastebudz.backend.unittests.dll" id="e251669a-708d-59bb-6ce3-039b7da6474c">
      <Execution id="89015ddf-13fc-4c70-8baf-62e198a5743f" />
      <TestMethod codeBase="C:\Users\uslep\source\repos\TasteBudz\tests\TasteBudz.Backend.UnitTests\bin\Debug\net9.0\TasteBudz.Backend.UnitTests.dll" adapterTypeName="executor://xunit/VsTestRunner2/netcoreapp" className="TasteBudz.Backend.UnitTests.Events.EventWorkflowTests" name="CreateAsync_WithOutOfRangeCapacity_RejectsRequest" />
    </UnitTest>
    <UnitTest name="TasteBudz.Backend.UnitTests.Restaurants.RestaurantSearchServiceTests.BrowseAsync_FiltersSeededCatalogByCuisineAndDistance" storage="c:\users\uslep\source\repos\tastebudz\tests\tastebudz.backend.unittests\bin\debug\net9.0\tastebudz.backend.unittests.dll" id="1ec3a932-facd-96de-99d9-3e719d978c5a">
      <Execution id="14a04dcc-2ef2-477d-bb8a-8cec02997652" />
      <TestMethod codeBase="C:\Users\uslep\source\repos\TasteBudz\tests\TasteBudz.Backend.UnitTests\bin\Debug\net9.0\TasteBudz.Backend.UnitTests.dll" adapterTypeName="executor://xunit/VsTestRunner2/netcoreapp" className="TasteBudz.Backend.UnitTests.Restaurants.RestaurantSearchServiceTests" name="BrowseAsync_FiltersSeededCatalogByCuisineAndDistance" />
    </UnitTest>
    <UnitTest name="TasteBudz.Backend.UnitTests.Auth.AuthServiceTests.LoginAsync_WithEmailReturnsNewSession" storage="c:\users\uslep\source\repos\tastebudz\tests\tastebudz.backend.unittests\bin\debug\net9.0\tastebudz.backend.unittests.dll" id="fdcd8144-e612-d5d1-b6dd-0207e603a067">
      <Execution id="fbfc6958-4bdd-4ce8-ab77-22524e9b2fe2" />
      <TestMethod codeBase="C:\Users\uslep\source\repos\TasteBudz\tests\TasteBudz.Backend.UnitTests\bin\Debug\net9.0\TasteBudz.Backend.UnitTests.dll" adapterTypeName="executor://xunit/VsTestRunner2/netcoreapp" className="TasteBudz.Backend.UnitTests.Auth.AuthServiceTests" name="LoginAsync_WithEmailReturnsNewSession" />
    </UnitTest>
    <UnitTest name="TasteBudz.Backend.UnitTests.Events.EventWorkflowTests.UpdateMyParticipationAsync_AfterDecisionAt_NonPrivilegedLeaveReturnsConflict" storage="c:\users\uslep\source\repos\tastebudz\tests\tastebudz.backend.unittests\bin\debug\net9.0\tastebudz.backend.unittests.dll" id="c114f199-8179-0563-972c-5009fc527714">
      <Execution id="7ac1e006-3335-4292-8036-b41411d71408" />
      <TestMethod codeBase="C:\Users\uslep\source\repos\TasteBudz\tests\TasteBudz.Backend.UnitTests\bin\Debug\net9.0\TasteBudz.Backend.UnitTests.dll" adapterTypeName="executor://xunit/VsTestRunner2/netcoreapp" className="TasteBudz.Backend.UnitTests.Events.EventWorkflowTests" name="UpdateMyParticipationAsync_AfterDecisionAt_NonPrivilegedLeaveReturnsConflict" />
    </UnitTest>
    <UnitTest name="TasteBudz.Backend.UnitTests.Events.EventWorkflowTests.CreateAsync_WithOutOfRangeCapacity_RejectsRequest(capacity: 9)" storage="c:\users\uslep\source\repos\tastebudz\tests\tastebudz.backend.unittests\bin\debug\net9.0\tastebudz.backend.unittests.dll" id="a1dabb83-cbf4-2773-d872-1d63608e6085">
      <Execution id="bfc138d7-1575-47d2-806e-eaa83ab4c22e" />
      <TestMethod codeBase="C:\Users\uslep\source\repos\TasteBudz\tests\TasteBudz.Backend.UnitTests\bin\Debug\net9.0\TasteBudz.Backend.UnitTests.dll" adapterTypeName="executor://xunit/VsTestRunner2/netcoreapp" className="TasteBudz.Backend.UnitTests.Events.EventWorkflowTests" name="CreateAsync_WithOutOfRangeCapacity_RejectsRequest" />
    </UnitTest>
    <UnitTest name="TasteBudz.Backend.UnitTests.Events.EventWorkflowTests.RemoveParticipantAsync_AfterDecisionAt_HostIsRejected" storage="c:\users\uslep\source\repos\tastebudz\tests\tastebudz.backend.unittests\bin\debug\net9.0\tastebudz.backend.unittests.dll" id="95501110-80a1-1caf-0c3e-06b9555f8e94">
      <Execution id="6ec8d4fe-48c2-43cd-828c-b8be468305b3" />
      <TestMethod codeBase="C:\Users\uslep\source\repos\TasteBudz\tests\TasteBudz.Backend.UnitTests\bin\Debug\net9.0\TasteBudz.Backend.UnitTests.dll" adapterTypeName="executor://xunit/VsTestRunner2/netcoreapp" className="TasteBudz.Backend.UnitTests.Events.EventWorkflowTests" name="RemoveParticipantAsync_AfterDecisionAt_HostIsRejected" />
    </UnitTest>
    <UnitTest name="TasteBudz.Backend.UnitTests.Profiles.PreferenceServiceTests.ReplaceAsync_NormalizesDistinctValuesBeforePersisting" storage="c:\users\uslep\source\repos\tastebudz\tests\tastebudz.backend.unittests\bin\debug\net9.0\tastebudz.backend.unittests.dll" id="4afd55d2-5f46-099e-22cb-94477ff2eea9">
      <Execution id="b47b80f0-0629-4473-8be2-eab2de0f47e0" />
      <TestMethod codeBase="C:\Users\uslep\source\repos\TasteBudz\tests\TasteBudz.Backend.UnitTests\bin\Debug\net9.0\TasteBudz.Backend.UnitTests.dll" adapterTypeName="executor://xunit/VsTestRunner2/netcoreapp" className="TasteBudz.Backend.UnitTests.Profiles.PreferenceServiceTests" name="ReplaceAsync_NormalizesDistinctValuesBeforePersisting" />
    </UnitTest>
    <UnitTest name="TasteBudz.Backend.UnitTests.Groups.GroupServiceTests.RespondToInviteAsync_AcceptCreatesPrivateMembership" storage="c:\users\uslep\source\repos\tastebudz\tests\tastebudz.backend.unittests\bin\debug\net9.0\tastebudz.backend.unittests.dll" id="5725e126-05e2-f7fe-d2b6-8aa74fe7b0d8">
      <Execution id="04fe7bd8-6d21-4b04-8567-4b5afba76659" />
      <TestMethod codeBase="C:\Users\uslep\source\repos\TasteBudz\tests\TasteBudz.Backend.UnitTests\bin\Debug\net9.0\TasteBudz.Backend.UnitTests.dll" adapterTypeName="executor://xunit/VsTestRunner2/netcoreapp" className="TasteBudz.Backend.UnitTests.Groups.GroupServiceTests" name="RespondToInviteAsync_AcceptCreatesPrivateMembership" />
    </UnitTest>
    <UnitTest name="TasteBudz.Backend.UnitTests.Restaurants.RestaurantRecommendationServiceTests.GetSuggestionsAsync_WithGroupForNonMember_ReturnsNotFound" storage="c:\users\uslep\source\repos\tastebudz\tests\tastebudz.backend.unittests\bin\debug\net9.0\tastebudz.backend.unittests.dll" id="2c4f1507-aa7f-97d4-95b1-5e1da43ad61f">
      <Execution id="b20dc198-7a6a-4acc-b78c-184cb590a104" />
      <TestMethod codeBase="C:\Users\uslep\source\repos\TasteBudz\tests\TasteBudz.Backend.UnitTests\bin\Debug\net9.0\TasteBudz.Backend.UnitTests.dll" adapterTypeName="executor://xunit/VsTestRunner2/netcoreapp" className="TasteBudz.Backend.UnitTests.Restaurants.RestaurantRecommendationServiceTests" name="GetSuggestionsAsync_WithGroupForNonMember_ReturnsNotFound" />
    </UnitTest>
    <UnitTest name="TasteBudz.Backend.UnitTests.Restaurants.RestaurantRecommendationServiceTests.GetSuggestionsAsync_WithExplicitZipCode_DoesNotOverrideItFromGroupContext" storage="c:\users\uslep\source\repos\tastebudz\tests\tastebudz.backend.unittests\bin\debug\net9.0\tastebudz.backend.unittests.dll" id="450a82dd-8322-f0e4-c562-6b6c6630ff67">
      <Execution id="0aaeeac5-57c8-43ed-9d00-3b52d33d53d8" />
      <TestMethod codeBase="C:\Users\uslep\source\repos\TasteBudz\tests\TasteBudz.Backend.UnitTests\bin\Debug\net9.0\TasteBudz.Backend.UnitTests.dll" adapterTypeName="executor://xunit/VsTestRunner2/netcoreapp" className="TasteBudz.Backend.UnitTests.Restaurants.RestaurantRecommendationServiceTests" name="GetSuggestionsAsync_WithExplicitZipCode_DoesNotOverrideItFromGroupContext" />
    </UnitTest>
    <UnitTest name="TasteBudz.Backend.UnitTests.Events.EventWorkflowTests.UpdateAsync_WithOutOfRangeCapacity_RejectsRequest(capacity: 9)" storage="c:\users\uslep\source\repos\tastebudz\tests\tastebudz.backend.unittests\bin\debug\net9.0\tastebudz.backend.unittests.dll" id="1a90ce00-8e29-1d6b-c9e8-3c6650d0c574">
      <Execution id="83ac42ae-afef-4c94-8019-73a045225513" />
      <TestMethod codeBase="C:\Users\uslep\source\repos\TasteBudz\tests\TasteBudz.Backend.UnitTests\bin\Debug\net9.0\TasteBudz.Backend.UnitTests.dll" adapterTypeName="executor://xunit/VsTestRunner2/netcoreapp" className="TasteBudz.Backend.UnitTests.Events.EventWorkflowTests" name="UpdateAsync_WithOutOfRangeCapacity_RejectsRequest" />
    </UnitTest>
    <UnitTest name="TasteBudz.Backend.UnitTests.Moderation.RestrictionServiceTests.UpdateAsync_RevokeMarksRestrictionRevoked" storage="c:\users\uslep\source\repos\tastebudz\tests\tastebudz.backend.unittests\bin\debug\net9.0\tastebudz.backend.unittests.dll" id="f2e0a215-b204-3f9c-46c5-af1821fff9d7">
      <Execution id="957f7d06-d479-416b-93fe-db6b6a70d96c" />
      <TestMethod codeBase="C:\Users\uslep\source\repos\TasteBudz\tests\TasteBudz.Backend.UnitTests\bin\Debug\net9.0\TasteBudz.Backend.UnitTests.dll" adapterTypeName="executor://xunit/VsTestRunner2/netcoreapp" className="TasteBudz.Backend.UnitTests.Moderation.RestrictionServiceTests" name="UpdateAsync_RevokeMarksRestrictionRevoked" />
    </UnitTest>
    <UnitTest name="TasteBudz.Backend.UnitTests.Messaging.MessagingServiceTests.SendAsync_EventParticipantCanSendAndReadHistory" storage="c:\users\uslep\source\repos\tastebudz\tests\tastebudz.backend.unittests\bin\debug\net9.0\tastebudz.backend.unittests.dll" id="fb6e606f-73fb-eb23-7de7-0fa0c23c951d">
      <Execution id="4725ebe2-cb46-41cb-bc7c-945293a3c62a" />
      <TestMethod codeBase="C:\Users\uslep\source\repos\TasteBudz\tests\TasteBudz.Backend.UnitTests\bin\Debug\net9.0\TasteBudz.Backend.UnitTests.dll" adapterTypeName="executor://xunit/VsTestRunner2/netcoreapp" className="TasteBudz.Backend.UnitTests.Messaging.MessagingServiceTests" name="SendAsync_EventParticipantCanSendAndReadHistory" />
    </UnitTest>
    <UnitTest name="TasteBudz.Backend.UnitTests.Profiles.AvailabilityServiceTests.UpsertOneOffAsync_WithUnknownWindowId_ReturnsNotFound" storage="c:\users\uslep\source\repos\tastebudz\tests\tastebudz.backend.unittests\bin\debug\net9.0\tastebudz.backend.unittests.dll" id="36dbdecd-9f88-c402-056f-ae5f6b0b7d42">
      <Execution id="7678e9f2-930c-418b-be7c-be52edb0c515" />
      <TestMethod codeBase="C:\Users\uslep\source\repos\TasteBudz\tests\TasteBudz.Backend.UnitTests\bin\Debug\net9.0\TasteBudz.Backend.UnitTests.dll" adapterTypeName="executor://xunit/VsTestRunner2/netcoreapp" className="TasteBudz.Backend.UnitTests.Profiles.AvailabilityServiceTests" name="UpsertOneOffAsync_WithUnknownWindowId_ReturnsNotFound" />
    </UnitTest>
    <UnitTest name="TasteBudz.Backend.UnitTests.Events.EventWorkflowTests.JoinOpenEventAsync_WhenRestricted_ReturnsForbidden" storage="c:\users\uslep\source\repos\tastebudz\tests\tastebudz.backend.unittests\bin\debug\net9.0\tastebudz.backend.unittests.dll" id="52014d01-5ed4-c218-9ea1-1497ed7b4e90">
      <Execution id="d6ff6895-95cf-4102-8f5c-25e75528dd54" />
      <TestMethod codeBase="C:\Users\uslep\source\repos\TasteBudz\tests\TasteBudz.Backend.UnitTests\bin\Debug\net9.0\TasteBudz.Backend.UnitTests.dll" adapterTypeName="executor://xunit/VsTestRunner2/netcoreapp" className="TasteBudz.Backend.UnitTests.Events.EventWorkflowTests" name="JoinOpenEventAsync_WhenRestricted_ReturnsForbidden" />
    </UnitTest>
    <UnitTest name="TasteBudz.Backend.UnitTests.Events.UserEventQueryServiceTests.ListPendingInvitesForUserAsync_ExcludesInvitesAfterDecisionAt" storage="c:\users\uslep\source\repos\tastebudz\tests\tastebudz.backend.unittests\bin\debug\net9.0\tastebudz.backend.unittests.dll" id="1b642e61-dcb4-f507-0186-31ba9a9c70d5">
      <Execution id="90b55398-02dc-42c5-a9f1-684d5fc6b918" />
      <TestMethod codeBase="C:\Users\uslep\source\repos\TasteBudz\tests\TasteBudz.Backend.UnitTests\bin\Debug\net9.0\TasteBudz.Backend.UnitTests.dll" adapterTypeName="executor://xunit/VsTestRunner2/netcoreapp" className="TasteBudz.Backend.UnitTests.Events.UserEventQueryServiceTests" name="ListPendingInvitesForUserAsync_ExcludesInvitesAfterDecisionAt" />
    </UnitTest>
    <UnitTest name="TasteBudz.Backend.UnitTests.Events.EventWorkflowTests.CreateAsync_AutoJoinsHostAndCountsTowardCapacity" storage="c:\users\uslep\source\repos\tastebudz\tests\tastebudz.backend.unittests\bin\debug\net9.0\tastebudz.backend.unittests.dll" id="445c6cd1-519b-7fd9-111a-09719199ac65">
      <Execution id="9a88b718-5025-4ad1-96ac-fab172600792" />
      <TestMethod codeBase="C:\Users\uslep\source\repos\TasteBudz\tests\TasteBudz.Backend.UnitTests\bin\Debug\net9.0\TasteBudz.Backend.UnitTests.dll" adapterTypeName="executor://xunit/VsTestRunner2/netcoreapp" className="TasteBudz.Backend.UnitTests.Events.EventWorkflowTests" name="CreateAsync_AutoJoinsHostAndCountsTowardCapacity" />
    </UnitTest>
    <UnitTest name="TasteBudz.Backend.UnitTests.Messaging.MessagingServiceTests.SendAsync_WhenChatSendRestricted_ReturnsForbidden" storage="c:\users\uslep\source\repos\tastebudz\tests\tastebudz.backend.unittests\bin\debug\net9.0\tastebudz.backend.unittests.dll" id="efb6269d-4c41-d1f9-76d8-dc7819874cc4">
      <Execution id="350677f4-4254-413a-be45-6a73edc8d9d2" />
      <TestMethod codeBase="C:\Users\uslep\source\repos\TasteBudz\tests\TasteBudz.Backend.UnitTests\bin\Debug\net9.0\TasteBudz.Backend.UnitTests.dll" adapterTypeName="executor://xunit/VsTestRunner2/netcoreapp" className="TasteBudz.Backend.UnitTests.Messaging.MessagingServiceTests" name="SendAsync_WhenChatSendRestricted_ReturnsForbidden" />
    </UnitTest>
    <UnitTest name="TasteBudz.Backend.UnitTests.Profiles.PreferenceServiceTests.GetAsync_WhenNoPreferencesExist_ReturnsEmptyDefaults" storage="c:\users\uslep\source\repos\tastebudz\tests\tastebudz.backend.unittests\bin\debug\net9.0\tastebudz.backend.unittests.dll" id="c22c3e25-225f-35ce-abf0-2f76be6ec1f9">
      <Execution id="6c3a72a6-d92a-4a9a-888b-6518add0af7e" />
      <TestMethod codeBase="C:\Users\uslep\source\repos\TasteBudz\tests\TasteBudz.Backend.UnitTests\bin\Debug\net9.0\TasteBudz.Backend.UnitTests.dll" adapterTypeName="executor://xunit/VsTestRunner2/netcoreapp" className="TasteBudz.Backend.UnitTests.Profiles.PreferenceServiceTests" name="GetAsync_WhenNoPreferencesExist_ReturnsEmptyDefaults" />
    </UnitTest>
    <UnitTest name="TasteBudz.Backend.UnitTests.Events.EventWorkflowTests.JoinOpenEventAsync_LastSeatContentionAllowsOnlyOneWinner" storage="c:\users\uslep\source\repos\tastebudz\tests\tastebudz.backend.unittests\bin\debug\net9.0\tastebudz.backend.unittests.dll" id="e604c6d8-b029-961f-c75f-ee48fb28b686">
      <Execution id="f97ead0f-816c-47b1-b896-470f80c746cb" />
      <TestMethod codeBase="C:\Users\uslep\source\repos\TasteBudz\tests\TasteBudz.Backend.UnitTests\bin\Debug\net9.0\TasteBudz.Backend.UnitTests.dll" adapterTypeName="executor://xunit/VsTestRunner2/netcoreapp" className="TasteBudz.Backend.UnitTests.Events.EventWorkflowTests" name="JoinOpenEventAsync_LastSeatContentionAllowsOnlyOneWinner" />
    </UnitTest>
    <UnitTest name="TasteBudz.Backend.UnitTests.Restaurants.RestaurantRecommendationServiceTests.GetSuggestionsAsync_WithActiveGroup_UsesOwnerZipCodeWhenQueryZipMissing" storage="c:\users\uslep\source\repos\tastebudz\tests\tastebudz.backend.unittests\bin\debug\net9.0\tastebudz.backend.unittests.dll" id="01c9f94b-6d75-cce3-d929-9549528297fc">
      <Execution id="ac9ff3c9-b8e8-4ad1-8c14-4f5c451f440b" />
      <TestMethod codeBase="C:\Users\uslep\source\repos\TasteBudz\tests\TasteBudz.Backend.UnitTests\bin\Debug\net9.0\TasteBudz.Backend.UnitTests.dll" adapterTypeName="executor://xunit/VsTestRunner2/netcoreapp" className="TasteBudz.Backend.UnitTests.Restaurants.RestaurantRecommendationServiceTests" name="GetSuggestionsAsync_WithActiveGroup_UsesOwnerZipCodeWhenQueryZipMissing" />
    </UnitTest>
    <UnitTest name="TasteBudz.Backend.UnitTests.Events.EventWorkflowTests.UpdateAsync_WithOutOfRangeCapacity_RejectsRequest(capacity: 1)" storage="c:\users\uslep\source\repos\tastebudz\tests\tastebudz.backend.unittests\bin\debug\net9.0\tastebudz.backend.unittests.dll" id="1f1d05ff-8715-7150-db2d-a5012a9e5dab">
      <Execution id="8939b186-3225-41bb-a7c9-f9c8528fb311" />
      <TestMethod codeBase="C:\Users\uslep\source\repos\TasteBudz\tests\TasteBudz.Backend.UnitTests\bin\Debug\net9.0\TasteBudz.Backend.UnitTests.dll" adapterTypeName="executor://xunit/VsTestRunner2/netcoreapp" className="TasteBudz.Backend.UnitTests.Events.EventWorkflowTests" name="UpdateAsync_WithOutOfRangeCapacity_RejectsRequest" />
    </UnitTest>
    <UnitTest name="TasteBudz.Backend.UnitTests.Profiles.ProfileServiceTests.UpdateMyProfileAsync_UpdatesUsernameAndProfileFields" storage="c:\users\uslep\source\repos\tastebudz\tests\tastebudz.backend.unittests\bin\debug\net9.0\tastebudz.backend.unittests.dll" id="72709eb7-cbc0-b7fa-f314-9b0bb34aada5">
      <Execution id="06e10d07-39ef-41b7-bb9f-17f5355c303e" />
      <TestMethod codeBase="C:\Users\uslep\source\repos\TasteBudz\tests\TasteBudz.Backend.UnitTests\bin\Debug\net9.0\TasteBudz.Backend.UnitTests.dll" adapterTypeName="executor://xunit/VsTestRunner2/netcoreapp" className="TasteBudz.Backend.UnitTests.Profiles.ProfileServiceTests" name="UpdateMyProfileAsync_UpdatesUsernameAndProfileFields" />
    </UnitTest>
    <UnitTest name="TasteBudz.Backend.UnitTests.Groups.GroupServiceTests.GetAsync_ExcludesInactiveMembersFromDetail" storage="c:\users\uslep\source\repos\tastebudz\tests\tastebudz.backend.unittests\bin\debug\net9.0\tastebudz.backend.unittests.dll" id="9948ee53-1c0c-0f65-4cf6-bb2dfa24dbca">
      <Execution id="c8900b64-2acd-41b1-a2e3-f3e59e8e903e" />
      <TestMethod codeBase="C:\Users\uslep\source\repos\TasteBudz\tests\TasteBudz.Backend.UnitTests\bin\Debug\net9.0\TasteBudz.Backend.UnitTests.dll" adapterTypeName="executor://xunit/VsTestRunner2/netcoreapp" className="TasteBudz.Backend.UnitTests.Groups.GroupServiceTests" name="GetAsync_ExcludesInactiveMembersFromDetail" />
    </UnitTest>
    <UnitTest name="TasteBudz.Backend.UnitTests.Events.EventBrowseServiceTests.BrowseAsync_WhenClosedEventsAreRequested_ReturnsNoItemsBecauseBrowseIsOpenOnly" storage="c:\users\uslep\source\repos\tastebudz\tests\tastebudz.backend.unittests\bin\debug\net9.0\tastebudz.backend.unittests.dll" id="9289b48c-383d-bc3c-9de5-ccc205bfd6b0">
      <Execution id="7e4318db-b669-4ac5-9276-a7ba7f4d4d41" />
      <TestMethod codeBase="C:\Users\uslep\source\repos\TasteBudz\tests\TasteBudz.Backend.UnitTests\bin\Debug\net9.0\TasteBudz.Backend.UnitTests.dll" adapterTypeName="executor://xunit/VsTestRunner2/netcoreapp" className="TasteBudz.Backend.UnitTests.Events.EventBrowseServiceTests" name="BrowseAsync_WhenClosedEventsAreRequested_ReturnsNoItemsBecauseBrowseIsOpenOnly" />
    </UnitTest>
    <UnitTest name="TasteBudz.Backend.UnitTests.Events.EventWorkflowTests.CreateAsync_WithBlockedInvitee_ReturnsForbidden" storage="c:\users\uslep\source\repos\tastebudz\tests\tastebudz.backend.unittests\bin\debug\net9.0\tastebudz.backend.unittests.dll" id="d279f340-1412-d644-96fd-ab8b51021d7c">
      <Execution id="cb79a6a3-0428-483f-8bfb-1f650589e016" />
      <TestMethod codeBase="C:\Users\uslep\source\repos\TasteBudz\tests\TasteBudz.Backend.UnitTests\bin\Debug\net9.0\TasteBudz.Backend.UnitTests.dll" adapterTypeName="executor://xunit/VsTestRunner2/netcoreapp" className="TasteBudz.Backend.UnitTests.Events.EventWorkflowTests" name="CreateAsync_WithBlockedInvitee_ReturnsForbidden" />
    </UnitTest>
    <UnitTest name="TasteBudz.Backend.UnitTests.Discovery.DiscoveryServiceTests.RecordSwipeAsync_ReciprocalLikeCreatesBudAndNotifications" storage="c:\users\uslep\source\repos\tastebudz\tests\tastebudz.backend.unittests\bin\debug\net9.0\tastebudz.backend.unittests.dll" id="eb976e69-a7b2-0079-0d07-94ceb04c0534">
      <Execution id="50bf3b61-be32-4e82-83cd-d0f7deb2f3db" />
      <TestMethod codeBase="C:\Users\uslep\source\repos\TasteBudz\tests\TasteBudz.Backend.UnitTests\bin\Debug\net9.0\TasteBudz.Backend.UnitTests.dll" adapterTypeName="executor://xunit/VsTestRunner2/netcoreapp" className="TasteBudz.Backend.UnitTests.Discovery.DiscoveryServiceTests" name="RecordSwipeAsync_ReciprocalLikeCreatesBudAndNotifications" />
    </UnitTest>
    <UnitTest name="TasteBudz.Backend.UnitTests.Discovery.DiscoveryServiceTests.GetSwipeCandidatesAsync_PaginatesDeterministicallyAndKeepsTotalCount" storage="c:\users\uslep\source\repos\tastebudz\tests\tastebudz.backend.unittests\bin\debug\net9.0\tastebudz.backend.unittests.dll" id="aaa88f93-5390-a76b-7164-46a8364eace7">
      <Execution id="9ec105e5-b8d9-4153-9d71-99c66c80e268" />
      <TestMethod codeBase="C:\Users\uslep\source\repos\TasteBudz\tests\TasteBudz.Backend.UnitTests\bin\Debug\net9.0\TasteBudz.Backend.UnitTests.dll" adapterTypeName="executor://xunit/VsTestRunner2/netcoreapp" className="TasteBudz.Backend.UnitTests.Discovery.DiscoveryServiceTests" name="GetSwipeCandidatesAsync_PaginatesDeterministicallyAndKeepsTotalCount" />
    </UnitTest>
    <UnitTest name="TasteBudz.Backend.UnitTests.Groups.GroupServiceTests.CreateAsync_AutoCreatesOwnerMembership" storage="c:\users\uslep\source\repos\tastebudz\tests\tastebudz.backend.unittests\bin\debug\net9.0\tastebudz.backend.unittests.dll" id="09477852-98ad-7264-8ead-15e5c0dc7a18">
      <Execution id="bed43710-10a8-4fe5-807c-9084b0f16b6e" />
      <TestMethod codeBase="C:\Users\uslep\source\repos\TasteBudz\tests\TasteBudz.Backend.UnitTests\bin\Debug\net9.0\TasteBudz.Backend.UnitTests.dll" adapterTypeName="executor://xunit/VsTestRunner2/netcoreapp" className="TasteBudz.Backend.UnitTests.Groups.GroupServiceTests" name="CreateAsync_AutoCreatesOwnerMembership" />
    </UnitTest>
    <UnitTest name="TasteBudz.Backend.UnitTests.Discovery.DiscoveryServiceTests.SearchAsync_FiltersPrivacyBlocksAndDiscoveryRestrictions" storage="c:\users\uslep\source\repos\tastebudz\tests\tastebudz.backend.unittests\bin\debug\net9.0\tastebudz.backend.unittests.dll" id="7a634c11-0f86-1324-481b-052e77087710">
      <Execution id="a76b0185-6c70-4009-a5c1-2e8cd76d0b7a" />
      <TestMethod codeBase="C:\Users\uslep\source\repos\TasteBudz\tests\TasteBudz.Backend.UnitTests\bin\Debug\net9.0\TasteBudz.Backend.UnitTests.dll" adapterTypeName="executor://xunit/VsTestRunner2/netcoreapp" className="TasteBudz.Backend.UnitTests.Discovery.DiscoveryServiceTests" name="SearchAsync_FiltersPrivacyBlocksAndDiscoveryRestrictions" />
    </UnitTest>
    <UnitTest name="TasteBudz.Backend.UnitTests.Auth.AuthServiceTests.RegisterAsync_CreatesSessionAndDefaultProfileState" storage="c:\users\uslep\source\repos\tastebudz\tests\tastebudz.backend.unittests\bin\debug\net9.0\tastebudz.backend.unittests.dll" id="5feefae8-0022-dcbc-e4e4-4d8b848cfda4">
      <Execution id="5325a010-593b-4917-8318-8c25076e9f1f" />
      <TestMethod codeBase="C:\Users\uslep\source\repos\TasteBudz\tests\TasteBudz.Backend.UnitTests\bin\Debug\net9.0\TasteBudz.Backend.UnitTests.dll" adapterTypeName="executor://xunit/VsTestRunner2/netcoreapp" className="TasteBudz.Backend.UnitTests.Auth.AuthServiceTests" name="RegisterAsync_CreatesSessionAndDefaultProfileState" />
    </UnitTest>
    <UnitTest name="TasteBudz.Backend.UnitTests.Events.EventWorkflowTests.UpdateMyParticipationAsync_ClosedInviteAcceptFailsWhenEventIsAlreadyFull" storage="c:\users\uslep\source\repos\tastebudz\tests\tastebudz.backend.unittests\bin\debug\net9.0\tastebudz.backend.unittests.dll" id="8528512d-1da4-33b1-e632-6e2159a7742c">
      <Execution id="358c7409-f112-4a6f-b65c-0aa4927b039f" />
      <TestMethod codeBase="C:\Users\uslep\source\repos\TasteBudz\tests\TasteBudz.Backend.UnitTests\bin\Debug\net9.0\TasteBudz.Backend.UnitTests.dll" adapterTypeName="executor://xunit/VsTestRunner2/netcoreapp" className="TasteBudz.Backend.UnitTests.Events.EventWorkflowTests" name="UpdateMyParticipationAsync_ClosedInviteAcceptFailsWhenEventIsAlreadyFull" />
    </UnitTest>
    <UnitTest name="TasteBudz.Backend.UnitTests.Events.EventWorkflowTests.RemoveParticipantAsync_ModeratorCanRemoveAfterDecisionAt" storage="c:\users\uslep\source\repos\tastebudz\tests\tastebudz.backend.unittests\bin\debug\net9.0\tastebudz.backend.unittests.dll" id="efc47e06-1b22-55e6-c26b-ac9822a28332">
      <Execution id="0c7e5a8c-2393-44cd-9d78-8741613fb098" />
      <TestMethod codeBase="C:\Users\uslep\source\repos\TasteBudz\tests\TasteBudz.Backend.UnitTests\bin\Debug\net9.0\TasteBudz.Backend.UnitTests.dll" adapterTypeName="executor://xunit/VsTestRunner2/netcoreapp" className="TasteBudz.Backend.UnitTests.Events.EventWorkflowTests" name="RemoveParticipantAsync_ModeratorCanRemoveAfterDecisionAt" />
    </UnitTest>
    <UnitTest name="TasteBudz.Backend.UnitTests.Groups.GroupServiceTests.JoinAsync_PublicGroupActivatesMembership" storage="c:\users\uslep\source\repos\tastebudz\tests\tastebudz.backend.unittests\bin\debug\net9.0\tastebudz.backend.unittests.dll" id="411f42b2-cd81-3299-e752-d61225a263bf">
      <Execution id="efd5f57c-278e-489a-a083-2cac38a20525" />
      <TestMethod codeBase="C:\Users\uslep\source\repos\TasteBudz\tests\TasteBudz.Backend.UnitTests\bin\Debug\net9.0\TasteBudz.Backend.UnitTests.dll" adapterTypeName="executor://xunit/VsTestRunner2/netcoreapp" className="TasteBudz.Backend.UnitTests.Groups.GroupServiceTests" name="JoinAsync_PublicGroupActivatesMembership" />
    </UnitTest>
    <UnitTest name="TasteBudz.Backend.UnitTests.Events.EventBrowseServiceTests.BrowseAsync_DistanceFilterFallsBackToHostZipForCuisineTargetedEvents" storage="c:\users\uslep\source\repos\tastebudz\tests\tastebudz.backend.unittests\bin\debug\net9.0\tastebudz.backend.unittests.dll" id="983e6878-21e5-8be6-358b-27b7205a15bc">
      <Execution id="f37c7984-7fb8-459a-87df-c410a1853115" />
      <TestMethod codeBase="C:\Users\uslep\source\repos\TasteBudz\tests\TasteBudz.Backend.UnitTests\bin\Debug\net9.0\TasteBudz.Backend.UnitTests.dll" adapterTypeName="executor://xunit/VsTestRunner2/netcoreapp" className="TasteBudz.Backend.UnitTests.Events.EventBrowseServiceTests" name="BrowseAsync_DistanceFilterFallsBackToHostZipForCuisineTargetedEvents" />
    </UnitTest>
    <UnitTest name="TasteBudz.Backend.UnitTests.Profiles.AvailabilityServiceTests.UpsertRecurringAsync_WithUnknownWindowId_ReturnsNotFound" storage="c:\users\uslep\source\repos\tastebudz\tests\tastebudz.backend.unittests\bin\debug\net9.0\tastebudz.backend.unittests.dll" id="3927bfa3-2937-6164-1a66-ba776b3d314d">
      <Execution id="1dbbcb54-c0a7-4f51-9d75-424d94b4d283" />
      <TestMethod codeBase="C:\Users\uslep\source\repos\TasteBudz\tests\TasteBudz.Backend.UnitTests\bin\Debug\net9.0\TasteBudz.Backend.UnitTests.dll" adapterTypeName="executor://xunit/VsTestRunner2/netcoreapp" className="TasteBudz.Backend.UnitTests.Profiles.AvailabilityServiceTests" name="UpsertRecurringAsync_WithUnknownWindowId_ReturnsNotFound" />
    </UnitTest>
    <UnitTest name="TasteBudz.Backend.UnitTests.Shared.Pbkdf2PasswordHasherTests.HashPassword_ProducesVerifiableHash" storage="c:\users\uslep\source\repos\tastebudz\tests\tastebudz.backend.unittests\bin\debug\net9.0\tastebudz.backend.unittests.dll" id="935fcf25-2648-63af-dbb5-3ea29d81ef4b">
      <Execution id="28304ddf-f65e-4e63-8402-db345c3f9028" />
      <TestMethod codeBase="C:\Users\uslep\source\repos\TasteBudz\tests\TasteBudz.Backend.UnitTests\bin\Debug\net9.0\TasteBudz.Backend.UnitTests.dll" adapterTypeName="executor://xunit/VsTestRunner2/netcoreapp" className="TasteBudz.Backend.UnitTests.Shared.Pbkdf2PasswordHasherTests" name="HashPassword_ProducesVerifiableHash" />
    </UnitTest>
    <UnitTest name="TasteBudz.Backend.UnitTests.Events.UserEventQueryServiceTests.ListActiveForUserAsync_SynchronizesBeforeApplyingActiveFilter" storage="c:\users\uslep\source\repos\tastebudz\tests\tastebudz.backend.unittests\bin\debug\net9.0\tastebudz.backend.unittests.dll" id="57a8f03c-dadf-87ac-3070-2e88fa4dbd05">
      <Execution id="8204699d-7296-4009-9284-23b6148380d3" />
      <TestMethod codeBase="C:\Users\uslep\source\repos\TasteBudz\tests\TasteBudz.Backend.UnitTests\bin\Debug\net9.0\TasteBudz.Backend.UnitTests.dll" adapterTypeName="executor://xunit/VsTestRunner2/netcoreapp" className="TasteBudz.Backend.UnitTests.Events.UserEventQueryServiceTests" name="ListActiveForUserAsync_SynchronizesBeforeApplyingActiveFilter" />
    </UnitTest>
    <UnitTest name="TasteBudz.Backend.UnitTests.Events.EventWorkflowTests.CreateAsync_WithNonMemberGroupLink_ReturnsForbidden" storage="c:\users\uslep\source\repos\tastebudz\tests\tastebudz.backend.unittests\bin\debug\net9.0\tastebudz.backend.unittests.dll" id="43435e15-67ac-dd5f-7467-8b493831e941">
      <Execution id="961f1f6d-be0f-4a0e-88a3-f1a1fab6fe08" />
      <TestMethod codeBase="C:\Users\uslep\source\repos\TasteBudz\tests\TasteBudz.Backend.UnitTests\bin\Debug\net9.0\TasteBudz.Backend.UnitTests.dll" adapterTypeName="executor://xunit/VsTestRunner2/netcoreapp" className="TasteBudz.Backend.UnitTests.Events.EventWorkflowTests" name="CreateAsync_WithNonMemberGroupLink_ReturnsForbidden" />
    </UnitTest>
    <UnitTest name="TasteBudz.Backend.UnitTests.Events.EventBrowseServiceTests.BrowseAsync_AvailabilityOnlyMatchesRecurringAndOneOffWindows" storage="c:\users\uslep\source\repos\tastebudz\tests\tastebudz.backend.unittests\bin\debug\net9.0\tastebudz.backend.unittests.dll" id="e952a8f7-fc63-56a2-98c4-a89da9db6dc7">
      <Execution id="c35daa92-01e4-406a-ab59-c218756ae6c8" />
      <TestMethod codeBase="C:\Users\uslep\source\repos\TasteBudz\tests\TasteBudz.Backend.UnitTests\bin\Debug\net9.0\TasteBudz.Backend.UnitTests.dll" adapterTypeName="executor://xunit/VsTestRunner2/netcoreapp" className="TasteBudz.Backend.UnitTests.Events.EventBrowseServiceTests" name="BrowseAsync_AvailabilityOnlyMatchesRecurringAndOneOffWindows" />
    </UnitTest>
    <UnitTest name="TasteBudz.Backend.UnitTests.Events.EventBrowseServiceTests.BrowseAsync_AppliesGroupStatusAndDateRangeFiltersWithDeterministicOrdering" storage="c:\users\uslep\source\repos\tastebudz\tests\tastebudz.backend.unittests\bin\debug\net9.0\tastebudz.backend.unittests.dll" id="f9ab8a62-33f0-3baf-fabb-0156f4a52e6e">
      <Execution id="84edf079-4546-439a-90ae-84b598cc86ba" />
      <TestMethod codeBase="C:\Users\uslep\source\repos\TasteBudz\tests\TasteBudz.Backend.UnitTests\bin\Debug\net9.0\TasteBudz.Backend.UnitTests.dll" adapterTypeName="executor://xunit/VsTestRunner2/netcoreapp" className="TasteBudz.Backend.UnitTests.Events.EventBrowseServiceTests" name="BrowseAsync_AppliesGroupStatusAndDateRangeFiltersWithDeterministicOrdering" />
    </UnitTest>
    <UnitTest name="TasteBudz.Backend.UnitTests.Restaurants.RestaurantRecommendationServiceTests.GetSuggestionsAsync_WithInactiveGroup_ReturnsConflict" storage="c:\users\uslep\source\repos\tastebudz\tests\tastebudz.backend.unittests\bin\debug\net9.0\tastebudz.backend.unittests.dll" id="14db30f6-4047-415a-f622-a3d67cbf4a04">
      <Execution id="29810942-01dd-422f-bb5d-22f9e9524cec" />
      <TestMethod codeBase="C:\Users\uslep\source\repos\TasteBudz\tests\TasteBudz.Backend.UnitTests\bin\Debug\net9.0\TasteBudz.Backend.UnitTests.dll" adapterTypeName="executor://xunit/VsTestRunner2/netcoreapp" className="TasteBudz.Backend.UnitTests.Restaurants.RestaurantRecommendationServiceTests" name="GetSuggestionsAsync_WithInactiveGroup_ReturnsConflict" />
    </UnitTest>
    <UnitTest name="TasteBudz.Backend.UnitTests.Discovery.DiscoveryServiceTests.GetSwipeCandidatesAsync_ExcludesConnectedBudzAndFilteredUsers" storage="c:\users\uslep\source\repos\tastebudz\tests\tastebudz.backend.unittests\bin\debug\net9.0\tastebudz.backend.unittests.dll" id="380c90a1-7c40-5bf9-abbe-bf1b5e9a4eb5">
      <Execution id="aaa4b759-66a9-4759-ad69-0e90077b7645" />
      <TestMethod codeBase="C:\Users\uslep\source\repos\TasteBudz\tests\TasteBudz.Backend.UnitTests\bin\Debug\net9.0\TasteBudz.Backend.UnitTests.dll" adapterTypeName="executor://xunit/VsTestRunner2/netcoreapp" className="TasteBudz.Backend.UnitTests.Discovery.DiscoveryServiceTests" name="GetSwipeCandidatesAsync_ExcludesConnectedBudzAndFilteredUsers" />
    </UnitTest>
    <UnitTest name="TasteBudz.Backend.UnitTests.Restaurants.RestaurantRecommendationServiceTests.GetSuggestionsAsync_WithClosedEventForNonParticipant_ReturnsNotFound" storage="c:\users\uslep\source\repos\tastebudz\tests\tastebudz.backend.unittests\bin\debug\net9.0\tastebudz.backend.unittests.dll" id="899e58aa-386f-ba41-2783-04c246ebcf3e">
      <Execution id="b7298229-4ec0-4e1f-a669-1d1dbcfe98d7" />
      <TestMethod codeBase="C:\Users\uslep\source\repos\TasteBudz\tests\TasteBudz.Backend.UnitTests\bin\Debug\net9.0\TasteBudz.Backend.UnitTests.dll" adapterTypeName="executor://xunit/VsTestRunner2/netcoreapp" className="TasteBudz.Backend.UnitTests.Restaurants.RestaurantRecommendationServiceTests" name="GetSuggestionsAsync_WithClosedEventForNonParticipant_ReturnsNotFound" />
    </UnitTest>
    <UnitTest name="TasteBudz.Backend.UnitTests.Events.EventWorkflowTests.CreateAsync_WithNonOwnerGroupLink_ReturnsForbidden" storage="c:\users\uslep\source\repos\tastebudz\tests\tastebudz.backend.unittests\bin\debug\net9.0\tastebudz.backend.unittests.dll" id="1acfa6e1-719e-7222-1917-b6a4d4e59b6e">
      <Execution id="4b1fd23a-2acc-4d44-a6e0-1a02f22c42be" />
      <TestMethod codeBase="C:\Users\uslep\source\repos\TasteBudz\tests\TasteBudz.Backend.UnitTests\bin\Debug\net9.0\TasteBudz.Backend.UnitTests.dll" adapterTypeName="executor://xunit/VsTestRunner2/netcoreapp" className="TasteBudz.Backend.UnitTests.Events.EventWorkflowTests" name="CreateAsync_WithNonOwnerGroupLink_ReturnsForbidden" />
    </UnitTest>
    <UnitTest name="TasteBudz.Backend.UnitTests.Groups.GroupServiceTests.LeaveAsync_OwnerIsRejected" storage="c:\users\uslep\source\repos\tastebudz\tests\tastebudz.backend.unittests\bin\debug\net9.0\tastebudz.backend.unittests.dll" id="c7052e8e-91f0-8b15-e0e6-af7212c165b0">
      <Execution id="602a6444-fd09-48c6-8dbd-93129623fc57" />
      <TestMethod codeBase="C:\Users\uslep\source\repos\TasteBudz\tests\TasteBudz.Backend.UnitTests\bin\Debug\net9.0\TasteBudz.Backend.UnitTests.dll" adapterTypeName="executor://xunit/VsTestRunner2/netcoreapp" className="TasteBudz.Backend.UnitTests.Groups.GroupServiceTests" name="LeaveAsync_OwnerIsRejected" />
    </UnitTest>
    <UnitTest name="TasteBudz.Backend.UnitTests.Auth.AuthServiceTests.RefreshAsync_RotatesRefreshToken" storage="c:\users\uslep\source\repos\tastebudz\tests\tastebudz.backend.unittests\bin\debug\net9.0\tastebudz.backend.unittests.dll" id="27684b40-19fc-72b6-322a-9a26eaf4c594">
      <Execution id="d0671eec-ff7a-478d-be84-ac57cbb4297b" />
      <TestMethod codeBase="C:\Users\uslep\source\repos\TasteBudz\tests\TasteBudz.Backend.UnitTests\bin\Debug\net9.0\TasteBudz.Backend.UnitTests.dll" adapterTypeName="executor://xunit/VsTestRunner2/netcoreapp" className="TasteBudz.Backend.UnitTests.Auth.AuthServiceTests" name="RefreshAsync_RotatesRefreshToken" />
    </UnitTest>
  </TestDefinitions>
  <TestEntries>
    <TestEntry testId="411f42b2-cd81-3299-e752-d61225a263bf" executionId="efd5f57c-278e-489a-a083-2cac38a20525" testListId="8c84fa94-04c1-424b-9868-57a2d4851a1d" />
    <TestEntry testId="e604c6d8-b029-961f-c75f-ee48fb28b686" executionId="f97ead0f-816c-47b1-b896-470f80c746cb" testListId="8c84fa94-04c1-424b-9868-57a2d4851a1d" />
    <TestEntry testId="9948ee53-1c0c-0f65-4cf6-bb2dfa24dbca" executionId="c8900b64-2acd-41b1-a2e3-f3e59e8e903e" testListId="8c84fa94-04c1-424b-9868-57a2d4851a1d" />
    <TestEntry testId="d279f340-1412-d644-96fd-ab8b51021d7c" executionId="cb79a6a3-0428-483f-8bfb-1f650589e016" testListId="8c84fa94-04c1-424b-9868-57a2d4851a1d" />
    <TestEntry testId="e251669a-708d-59bb-6ce3-039b7da6474c" executionId="89015ddf-13fc-4c70-8baf-62e198a5743f" testListId="8c84fa94-04c1-424b-9868-57a2d4851a1d" />
    <TestEntry testId="52014d01-5ed4-c218-9ea1-1497ed7b4e90" executionId="d6ff6895-95cf-4102-8f5c-25e75528dd54" testListId="8c84fa94-04c1-424b-9868-57a2d4851a1d" />
    <TestEntry testId="f32e8577-584a-a916-4bac-3425b0aa5558" executionId="079abd14-9a76-43e9-85a7-cf20fb9eda25" testListId="8c84fa94-04c1-424b-9868-57a2d4851a1d" />
    <TestEntry testId="3927bfa3-2937-6164-1a66-ba776b3d314d" executionId="1dbbcb54-c0a7-4f51-9d75-424d94b4d283" testListId="8c84fa94-04c1-424b-9868-57a2d4851a1d" />
    <TestEntry testId="efb6269d-4c41-d1f9-76d8-dc7819874cc4" executionId="350677f4-4254-413a-be45-6a73edc8d9d2" testListId="8c84fa94-04c1-424b-9868-57a2d4851a1d" />
    <TestEntry testId="c22c3e25-225f-35ce-abf0-2f76be6ec1f9" executionId="6c3a72a6-d92a-4a9a-888b-6518add0af7e" testListId="8c84fa94-04c1-424b-9868-57a2d4851a1d" />
    <TestEntry testId="445c6cd1-519b-7fd9-111a-09719199ac65" executionId="9a88b718-5025-4ad1-96ac-fab172600792" testListId="8c84fa94-04c1-424b-9868-57a2d4851a1d" />
    <TestEntry testId="a1dabb83-cbf4-2773-d872-1d63608e6085" executionId="bfc138d7-1575-47d2-806e-eaa83ab4c22e" testListId="8c84fa94-04c1-424b-9868-57a2d4851a1d" />
    <TestEntry testId="16ef6283-86f4-ab43-ce32-0ab8298804d2" executionId="56cb94f5-d4fe-4174-9cef-491d56bc89b8" testListId="8c84fa94-04c1-424b-9868-57a2d4851a1d" />
    <TestEntry testId="7a634c11-0f86-1324-481b-052e77087710" executionId="a76b0185-6c70-4009-a5c1-2e8cd76d0b7a" testListId="8c84fa94-04c1-424b-9868-57a2d4851a1d" />
    <TestEntry testId="57a8f03c-dadf-87ac-3070-2e88fa4dbd05" executionId="8204699d-7296-4009-9284-23b6148380d3" testListId="8c84fa94-04c1-424b-9868-57a2d4851a1d" />
    <TestEntry testId="935fcf25-2648-63af-dbb5-3ea29d81ef4b" executionId="28304ddf-f65e-4e63-8402-db345c3f9028" testListId="8c84fa94-04c1-424b-9868-57a2d4851a1d" />
    <TestEntry testId="95501110-80a1-1caf-0c3e-06b9555f8e94" executionId="6ec8d4fe-48c2-43cd-828c-b8be468305b3" testListId="8c84fa94-04c1-424b-9868-57a2d4851a1d" />
    <TestEntry testId="450a82dd-8322-f0e4-c562-6b6c6630ff67" executionId="0aaeeac5-57c8-43ed-9d00-3b52d33d53d8" testListId="8c84fa94-04c1-424b-9868-57a2d4851a1d" />
    <TestEntry testId="5feefae8-0022-dcbc-e4e4-4d8b848cfda4" executionId="5325a010-593b-4917-8318-8c25076e9f1f" testListId="8c84fa94-04c1-424b-9868-57a2d4851a1d" />
    <TestEntry testId="2c4f1507-aa7f-97d4-95b1-5e1da43ad61f" executionId="b20dc198-7a6a-4acc-b78c-184cb590a104" testListId="8c84fa94-04c1-424b-9868-57a2d4851a1d" />
    <TestEntry testId="58af9c0b-daf4-c52b-9fd0-4e2441c0f2f7" executionId="342e492b-5552-41dd-9281-80387604a46d" testListId="8c84fa94-04c1-424b-9868-57a2d4851a1d" />
    <TestEntry testId="f9ab8a62-33f0-3baf-fabb-0156f4a52e6e" executionId="84edf079-4546-439a-90ae-84b598cc86ba" testListId="8c84fa94-04c1-424b-9868-57a2d4851a1d" />
    <TestEntry testId="fb6e606f-73fb-eb23-7de7-0fa0c23c951d" executionId="4725ebe2-cb46-41cb-bc7c-945293a3c62a" testListId="8c84fa94-04c1-424b-9868-57a2d4851a1d" />
    <TestEntry testId="4afd55d2-5f46-099e-22cb-94477ff2eea9" executionId="b47b80f0-0629-4473-8be2-eab2de0f47e0" testListId="8c84fa94-04c1-424b-9868-57a2d4851a1d" />
    <TestEntry testId="1b642e61-dcb4-f507-0186-31ba9a9c70d5" executionId="90b55398-02dc-42c5-a9f1-684d5fc6b918" testListId="8c84fa94-04c1-424b-9868-57a2d4851a1d" />
    <TestEntry testId="09477852-98ad-7264-8ead-15e5c0dc7a18" executionId="bed43710-10a8-4fe5-807c-9084b0f16b6e" testListId="8c84fa94-04c1-424b-9868-57a2d4851a1d" />
    <TestEntry testId="aaa88f93-5390-a76b-7164-46a8364eace7" executionId="9ec105e5-b8d9-4153-9d71-99c66c80e268" testListId="8c84fa94-04c1-424b-9868-57a2d4851a1d" />
    <TestEntry testId="8e6cfbcb-f342-7ba6-e106-76482bd6b29c" executionId="1ecceb68-cac8-4b54-a7c5-a1595fb31969" testListId="8c84fa94-04c1-424b-9868-57a2d4851a1d" />
    <TestEntry testId="983e6878-21e5-8be6-358b-27b7205a15bc" executionId="f37c7984-7fb8-459a-87df-c410a1853115" testListId="8c84fa94-04c1-424b-9868-57a2d4851a1d" />
    <TestEntry testId="c7052e8e-91f0-8b15-e0e6-af7212c165b0" executionId="602a6444-fd09-48c6-8dbd-93129623fc57" testListId="8c84fa94-04c1-424b-9868-57a2d4851a1d" />
    <TestEntry testId="14db30f6-4047-415a-f622-a3d67cbf4a04" executionId="29810942-01dd-422f-bb5d-22f9e9524cec" testListId="8c84fa94-04c1-424b-9868-57a2d4851a1d" />
    <TestEntry testId="43435e15-67ac-dd5f-7467-8b493831e941" executionId="961f1f6d-be0f-4a0e-88a3-f1a1fab6fe08" testListId="8c84fa94-04c1-424b-9868-57a2d4851a1d" />
    <TestEntry testId="1ec3a932-facd-96de-99d9-3e719d978c5a" executionId="14a04dcc-2ef2-477d-bb8a-8cec02997652" testListId="8c84fa94-04c1-424b-9868-57a2d4851a1d" />
    <TestEntry testId="f2e0a215-b204-3f9c-46c5-af1821fff9d7" executionId="957f7d06-d479-416b-93fe-db6b6a70d96c" testListId="8c84fa94-04c1-424b-9868-57a2d4851a1d" />
    <TestEntry testId="9289b48c-383d-bc3c-9de5-ccc205bfd6b0" executionId="7e4318db-b669-4ac5-9276-a7ba7f4d4d41" testListId="8c84fa94-04c1-424b-9868-57a2d4851a1d" />
    <TestEntry testId="01c9f94b-6d75-cce3-d929-9549528297fc" executionId="ac9ff3c9-b8e8-4ad1-8c14-4f5c451f440b" testListId="8c84fa94-04c1-424b-9868-57a2d4851a1d" />
    <TestEntry testId="27684b40-19fc-72b6-322a-9a26eaf4c594" executionId="d0671eec-ff7a-478d-be84-ac57cbb4297b" testListId="8c84fa94-04c1-424b-9868-57a2d4851a1d" />
    <TestEntry testId="899e58aa-386f-ba41-2783-04c246ebcf3e" executionId="b7298229-4ec0-4e1f-a669-1d1dbcfe98d7" testListId="8c84fa94-04c1-424b-9868-57a2d4851a1d" />
    <TestEntry testId="36dbdecd-9f88-c402-056f-ae5f6b0b7d42" executionId="7678e9f2-930c-418b-be7c-be52edb0c515" testListId="8c84fa94-04c1-424b-9868-57a2d4851a1d" />
    <TestEntry testId="1f1d05ff-8715-7150-db2d-a5012a9e5dab" executionId="8939b186-3225-41bb-a7c9-f9c8528fb311" testListId="8c84fa94-04c1-424b-9868-57a2d4851a1d" />
    <TestEntry testId="efc47e06-1b22-55e6-c26b-ac9822a28332" executionId="0c7e5a8c-2393-44cd-9d78-8741613fb098" testListId="8c84fa94-04c1-424b-9868-57a2d4851a1d" />
    <TestEntry testId="380c90a1-7c40-5bf9-abbe-bf1b5e9a4eb5" executionId="aaa4b759-66a9-4759-ad69-0e90077b7645" testListId="8c84fa94-04c1-424b-9868-57a2d4851a1d" />
    <TestEntry testId="6e13cb39-9d4a-0de6-eacc-2d6c701eb6e9" executionId="885456f1-40b3-40e2-bf47-59ba51598b10" testListId="8c84fa94-04c1-424b-9868-57a2d4851a1d" />
    <TestEntry testId="1a90ce00-8e29-1d6b-c9e8-3c6650d0c574" executionId="83ac42ae-afef-4c94-8019-73a045225513" testListId="8c84fa94-04c1-424b-9868-57a2d4851a1d" />
    <TestEntry testId="8528512d-1da4-33b1-e632-6e2159a7742c" executionId="358c7409-f112-4a6f-b65c-0aa4927b039f" testListId="8c84fa94-04c1-424b-9868-57a2d4851a1d" />
    <TestEntry testId="fdcd8144-e612-d5d1-b6dd-0207e603a067" executionId="fbfc6958-4bdd-4ce8-ab77-22524e9b2fe2" testListId="8c84fa94-04c1-424b-9868-57a2d4851a1d" />
    <TestEntry testId="5725e126-05e2-f7fe-d2b6-8aa74fe7b0d8" executionId="04fe7bd8-6d21-4b04-8567-4b5afba76659" testListId="8c84fa94-04c1-424b-9868-57a2d4851a1d" />
    <TestEntry testId="c114f199-8179-0563-972c-5009fc527714" executionId="7ac1e006-3335-4292-8036-b41411d71408" testListId="8c84fa94-04c1-424b-9868-57a2d4851a1d" />
    <TestEntry testId="b1935a7a-6d3f-3697-3be2-3389c078d95a" executionId="b7cb513b-38cb-48c0-9fa6-92767f0c5bf3" testListId="8c84fa94-04c1-424b-9868-57a2d4851a1d" />
    <TestEntry testId="1acfa6e1-719e-7222-1917-b6a4d4e59b6e" executionId="4b1fd23a-2acc-4d44-a6e0-1a02f22c42be" testListId="8c84fa94-04c1-424b-9868-57a2d4851a1d" />
    <TestEntry testId="e952a8f7-fc63-56a2-98c4-a89da9db6dc7" executionId="c35daa92-01e4-406a-ab59-c218756ae6c8" testListId="8c84fa94-04c1-424b-9868-57a2d4851a1d" />
    <TestEntry testId="eb976e69-a7b2-0079-0d07-94ceb04c0534" executionId="50bf3b61-be32-4e82-83cd-d0f7deb2f3db" testListId="8c84fa94-04c1-424b-9868-57a2d4851a1d" />
    <TestEntry testId="72709eb7-cbc0-b7fa-f314-9b0bb34aada5" executionId="06e10d07-39ef-41b7-bb9f-17f5355c303e" testListId="8c84fa94-04c1-424b-9868-57a2d4851a1d" />
  </TestEntries>
  <TestLists>
    <TestList name="Results Not in a List" id="8c84fa94-04c1-424b-9868-57a2d4851a1d" />
    <TestList name="All Loaded Results" id="19431567-8539-422a-85d7-44ee4e166bda" />
  </TestLists>
  <ResultSummary outcome="Completed">
    <Counters total="53" executed="53" passed="53" failed="0" error="0" timeout="0" aborted="0" inconclusive="0" passedButRunAborted="0" notRunnable="0" notExecuted="0" disconnected="0" warning="0" completed="0" inProgress="0" pending="0" />
    <Output>
      <StdOut>[xUnit.net 00:00:00.00] xUnit.net VSTest Adapter v2.8.2+699d445a1a (64-bit .NET 9.0.14)&#xD;
[xUnit.net 00:00:00.26]   Discovering: TasteBudz.Backend.UnitTests&#xD;
[xUnit.net 00:00:00.29]   Discovered:  TasteBudz.Backend.UnitTests&#xD;
[xUnit.net 00:00:00.30]   Starting:    TasteBudz.Backend.UnitTests&#xD;
[xUnit.net 00:00:00.69]   Finished:    TasteBudz.Backend.UnitTests&#xD;
</StdOut>
    </Output>
  </ResultSummary>
</TestRun>